Archive member included to satisfy reference by file (symbol)

c:/st/stm32cubeide_1.6.1/stm32cubeide/plugins/com.st.stm32cube.ide.mcu.externaltools.gnu-tools-for-stm32.9-2020-q2-update.win32_2.0.0.202105311346/tools/bin/../lib/gcc/arm-none-eabi/9.3.1/../../../../arm-none-eabi/lib/thumb/v7-m/nofp\libc_nano.a(lib_a-errno.o)
                              ./Core/Src/syscalls.o (__errno)
c:/st/stm32cubeide_1.6.1/stm32cubeide/plugins/com.st.stm32cube.ide.mcu.externaltools.gnu-tools-for-stm32.9-2020-q2-update.win32_2.0.0.202105311346/tools/bin/../lib/gcc/arm-none-eabi/9.3.1/../../../../arm-none-eabi/lib/thumb/v7-m/nofp\libc_nano.a(lib_a-exit.o)
                              c:/st/stm32cubeide_1.6.1/stm32cubeide/plugins/com.st.stm32cube.ide.mcu.externaltools.gnu-tools-for-stm32.9-2020-q2-update.win32_2.0.0.202105311346/tools/bin/../lib/gcc/arm-none-eabi/9.3.1/../../../../arm-none-eabi/lib/thumb/v7-m/nofp/crt0.o (exit)
c:/st/stm32cubeide_1.6.1/stm32cubeide/plugins/com.st.stm32cube.ide.mcu.externaltools.gnu-tools-for-stm32.9-2020-q2-update.win32_2.0.0.202105311346/tools/bin/../lib/gcc/arm-none-eabi/9.3.1/../../../../arm-none-eabi/lib/thumb/v7-m/nofp\libc_nano.a(lib_a-impure.o)
                              c:/st/stm32cubeide_1.6.1/stm32cubeide/plugins/com.st.stm32cube.ide.mcu.externaltools.gnu-tools-for-stm32.9-2020-q2-update.win32_2.0.0.202105311346/tools/bin/../lib/gcc/arm-none-eabi/9.3.1/../../../../arm-none-eabi/lib/thumb/v7-m/nofp\libc_nano.a(lib_a-exit.o) (_global_impure_ptr)
c:/st/stm32cubeide_1.6.1/stm32cubeide/plugins/com.st.stm32cube.ide.mcu.externaltools.gnu-tools-for-stm32.9-2020-q2-update.win32_2.0.0.202105311346/tools/bin/../lib/gcc/arm-none-eabi/9.3.1/../../../../arm-none-eabi/lib/thumb/v7-m/nofp\libc_nano.a(lib_a-init.o)
                              c:/st/stm32cubeide_1.6.1/stm32cubeide/plugins/com.st.stm32cube.ide.mcu.externaltools.gnu-tools-for-stm32.9-2020-q2-update.win32_2.0.0.202105311346/tools/bin/../lib/gcc/arm-none-eabi/9.3.1/../../../../arm-none-eabi/lib/thumb/v7-m/nofp/crt0.o (__libc_init_array)
c:/st/stm32cubeide_1.6.1/stm32cubeide/plugins/com.st.stm32cube.ide.mcu.externaltools.gnu-tools-for-stm32.9-2020-q2-update.win32_2.0.0.202105311346/tools/bin/../lib/gcc/arm-none-eabi/9.3.1/../../../../arm-none-eabi/lib/thumb/v7-m/nofp\libc_nano.a(lib_a-memcpy-stub.o)
                              ./Core/Src/CanBus.o (memcpy)
c:/st/stm32cubeide_1.6.1/stm32cubeide/plugins/com.st.stm32cube.ide.mcu.externaltools.gnu-tools-for-stm32.9-2020-q2-update.win32_2.0.0.202105311346/tools/bin/../lib/gcc/arm-none-eabi/9.3.1/../../../../arm-none-eabi/lib/thumb/v7-m/nofp\libc_nano.a(lib_a-memset.o)
                              c:/st/stm32cubeide_1.6.1/stm32cubeide/plugins/com.st.stm32cube.ide.mcu.externaltools.gnu-tools-for-stm32.9-2020-q2-update.win32_2.0.0.202105311346/tools/bin/../lib/gcc/arm-none-eabi/9.3.1/../../../../arm-none-eabi/lib/thumb/v7-m/nofp/crt0.o (memset)
c:/st/stm32cubeide_1.6.1/stm32cubeide/plugins/com.st.stm32cube.ide.mcu.externaltools.gnu-tools-for-stm32.9-2020-q2-update.win32_2.0.0.202105311346/tools/bin/../lib/gcc/arm-none-eabi/9.3.1/../../../../arm-none-eabi/lib/thumb/v7-m/nofp\libc_nano.a(lib_a-sprintf.o)
                              ./Core/Src/flash.o (sprintf)
c:/st/stm32cubeide_1.6.1/stm32cubeide/plugins/com.st.stm32cube.ide.mcu.externaltools.gnu-tools-for-stm32.9-2020-q2-update.win32_2.0.0.202105311346/tools/bin/../lib/gcc/arm-none-eabi/9.3.1/../../../../arm-none-eabi/lib/thumb/v7-m/nofp\libc_nano.a(lib_a-strlen.o)
                              ./Core/Src/flash.o (strlen)
c:/st/stm32cubeide_1.6.1/stm32cubeide/plugins/com.st.stm32cube.ide.mcu.externaltools.gnu-tools-for-stm32.9-2020-q2-update.win32_2.0.0.202105311346/tools/bin/../lib/gcc/arm-none-eabi/9.3.1/../../../../arm-none-eabi/lib/thumb/v7-m/nofp\libc_nano.a(lib_a-nano-svfprintf.o)
                              c:/st/stm32cubeide_1.6.1/stm32cubeide/plugins/com.st.stm32cube.ide.mcu.externaltools.gnu-tools-for-stm32.9-2020-q2-update.win32_2.0.0.202105311346/tools/bin/../lib/gcc/arm-none-eabi/9.3.1/../../../../arm-none-eabi/lib/thumb/v7-m/nofp\libc_nano.a(lib_a-sprintf.o) (_svfprintf_r)
c:/st/stm32cubeide_1.6.1/stm32cubeide/plugins/com.st.stm32cube.ide.mcu.externaltools.gnu-tools-for-stm32.9-2020-q2-update.win32_2.0.0.202105311346/tools/bin/../lib/gcc/arm-none-eabi/9.3.1/../../../../arm-none-eabi/lib/thumb/v7-m/nofp\libc_nano.a(lib_a-nano-vfprintf_i.o)
                              c:/st/stm32cubeide_1.6.1/stm32cubeide/plugins/com.st.stm32cube.ide.mcu.externaltools.gnu-tools-for-stm32.9-2020-q2-update.win32_2.0.0.202105311346/tools/bin/../lib/gcc/arm-none-eabi/9.3.1/../../../../arm-none-eabi/lib/thumb/v7-m/nofp\libc_nano.a(lib_a-nano-svfprintf.o) (_printf_i)
c:/st/stm32cubeide_1.6.1/stm32cubeide/plugins/com.st.stm32cube.ide.mcu.externaltools.gnu-tools-for-stm32.9-2020-q2-update.win32_2.0.0.202105311346/tools/bin/../lib/gcc/arm-none-eabi/9.3.1/../../../../arm-none-eabi/lib/thumb/v7-m/nofp\libc_nano.a(lib_a-memchr-stub.o)
[...]
Memory Configuration

Name             Origin             Length             Attributes
RAM              0x0000000020000000 0x0000000000005000 xrw
FLASH            0x0000000008000000 0x0000000000010000 xr
*default*        0x0000000000000000 0xffffffffffffffff

Linker script and memory map

LOAD c:/st/stm32cubeide_1.6.1/stm32cubeide/plugins/com.st.stm32cube.ide.mcu.externaltools.gnu-tools-for-stm32.9-2020-q2-update.win32_2.0.0.202105311346/tools/bin/../lib/gcc/arm-none-eabi/9.3.1/thumb/v7-m/nofp/crti.o
LOAD c:/st/stm32cubeide_1.6.1/stm32cubeide/plugins/com.st.stm32cube.ide.mcu.externaltools.gnu-tools-for-stm32.9-2020-q2-update.win32_2.0.0.202105311346/tools/bin/../lib/gcc/arm-none-eabi/9.3.1/thumb/v7-m/nofp/crtbegin.o
LOAD c:/st/stm32cubeide_1.6.1/stm32cubeide/plugins/com.st.stm32cube.ide.mcu.externaltools.gnu-tools-for-stm32.9-2020-q2-update.win32_2.0.0.202105311346/tools/bin/../lib/gcc/arm-none-eabi/9.3.1/../../../../arm-none-eabi/lib/thumb/v7-m/nofp/crt0.o
LOAD ./Core/Src/CanBus.o
LOAD ./Core/Src/Init.o
LOAD ./Core/Src/MyDrict.o
LOAD ./Core/Src/OLd_Main.o
LOAD ./Core/Src/SubProg.o
LOAD ./Core/Src/Uart.o
LOAD ./Core/Src/Version.o
LOAD ./Core/Src/flash.o
LOAD ./Core/Src/main.o
LOAD ./Core/Src/stm32f1xx_hal_msp.o
LOAD ./Core/Src/stm32f1xx_it.o
LOAD ./Core/Src/syscalls.o
LOAD ./Core/Src/sysmem.o
LOAD ./Core/Src/system_stm32f1xx.o
LOAD ./Core/Startup/startup_stm32f103c8tx.o
LOAD ./Drivers/STM32F1xx_HAL_Driver/Src/stm32f1xx_hal.o
LOAD ./Drivers/STM32F1xx_HAL_Driver/Src/stm32f1xx_hal_can.o
LOAD ./Drivers/STM32F1xx_HAL_Driver/Src/stm32f1xx_hal_cortex.o
LOAD ./Drivers/STM32F1xx_HAL_Driver/Src/stm32f1xx_hal_dma.o
LOAD ./Drivers/STM32F1xx_HAL_Driver/Src/stm32f1xx_hal_exti.o
LOAD ./Drivers/STM32F1xx_HAL_Driver/Src/stm32f1xx_hal_flash.o
LOAD ./Drivers/STM32F1xx_HAL_Driver/Src/stm32f1xx_hal_flash_ex.o
LOAD ./Drivers/STM32F1xx_HAL_Driver/Src/stm32f1xx_hal_gpio.o
LOAD ./Drivers/STM32F1xx_HAL_Driver/Src/stm32f1xx_hal_gpio_ex.o
LOAD ./Drivers/STM32F1xx_HAL_Driver/Src/stm32f1xx_hal_pwr.o
LOAD ./Drivers/STM32F1xx_HAL_Driver/Src/stm32f1xx_hal_rcc.o
LOAD ./Drivers/STM32F1xx_HAL_Driver/Src/stm32f1xx_hal_rcc_ex.o
LOAD ./Drivers/STM32F1xx_HAL_Driver/Src/stm32f1xx_hal_tim.o
LOAD ./Drivers/STM32F1xx_HAL_Driver/Src/stm32f1xx_hal_tim_ex.o
LOAD ./Drivers/STM32F1xx_HAL_Driver/Src/stm32f1xx_hal_uart.o
LOAD ./Drivers/STM32F1xx_HAL_Driver/Src/stm32f1xx_hal_usart.o
START GROUP
LOAD c:/st/stm32cubeide_1.6.1/stm32cubeide/plugins/com.st.stm32cube.ide.mcu.externaltools.gnu-tools-for-stm32.9-2020-q2-update.win32_2.0.0.202105311346/tools/bin/../lib/gcc/arm-none-eabi/9.3.1/../../../../arm-none-eabi/lib/thumb/v7-m/nofp\libc_nano.a
LOAD c:/st/stm32cubeide_1.6.1/stm32cubeide/plugins/com.st.stm32cube.ide.mcu.externaltools.gnu-tools-for-stm32.9-2020-q2-update.win32_2.0.0.202105311346/tools/bin/../lib/gcc/arm-none-eabi/9.3.1/../../../../arm-none-eabi/lib/thumb/v7-m/nofp\libm.a
END GROUP
START GROUP
LOAD c:/st/stm32cubeide_1.6.1/stm32cubeide/plugins/com.st.stm32cube.ide.mcu.externaltools.gnu-tools-for-stm32.9-2020-q2-update.win32_2.0.0.202105311346/tools/bin/../lib/gcc/arm-none-eabi/9.3.1/thumb/v7-m/nofp\libgcc.a
LOAD c:/st/stm32cubeide_1.6.1/stm32cubeide/plugins/com.st.stm32cube.ide.mcu.externaltools.gnu-tools-for-stm32.9-2020-q2-update.win32_2.0.0.202105311346/tools/bin/../lib/gcc/arm-none-eabi/9.3.1/../../../../arm-none-eabi/lib/thumb/v7-m/nofp\libc_nano.a
END GROUP
START GROUP
LOAD c:/st/stm32cubeide_1.6.1/stm32cubeide/plugins/com.st.stm32cube.ide.mcu.externaltools.gnu-tools-for-stm32.9-2020-q2-update.win32_2.0.0.202105311346/tools/bin/../lib/gcc/arm-none-eabi/9.3.1/thumb/v7-m/nofp\libgcc.a
LOAD c:/st/stm32cubeide_1.6.1/stm32cubeide/plugins/com.st.stm32cube.ide.mcu.externaltools.gnu-tools-for-stm32.9-2020-q2-update.win32_2.0.0.202105311346/tools/bin/../lib/gcc/arm-none-eabi/9.3.1/../../../../arm-none-eabi/lib/thumb/v7-m/nofp\libc_nano.a
LOAD c:/st/stm32cubeide_1.6.1/stm32cubeide/plugins/com.st.stm32cube.ide.mcu.externaltools.gnu-tools-for-stm32.9-2020-q2-update.win32_2.0.0.202105311346/tools/bin/../lib/gcc/arm-none-eabi/9.3.1/../../../../arm-none-eabi/lib/thumb/v7-m/nofp\libnosys.a
END GROUP
START GROUP
LOAD c:/st/stm32cubeide_1.6.1/stm32cubeide/plugins/com.st.stm32cube.ide.mcu.externaltools.gnu-tools-for-stm32.9-2020-q2-update.win32_2.0.0.202105311346/tools/bin/../lib/gcc/arm-none-eabi/9.3.1/thumb/v7-m/nofp\libgcc.a
LOAD c:/st/stm32cubeide_1.6.1/stm32cubeide/plugins/com.st.stm32cube.ide.mcu.externaltools.gnu-tools-for-stm32.9-2020-q2-update.win32_2.0.0.202105311346/tools/bin/../lib/gcc/arm-none-eabi/9.3.1/../../../../arm-none-eabi/lib/thumb/v7-m/nofp\libc_nano.a
LOAD c:/st/stm32cubeide_1.6.1/stm32cubeide/plugins/com.st.stm32cube.ide.mcu.externaltools.gnu-tools-for-stm32.9-2020-q2-update.win32_2.0.0.202105311346/tools/bin/../lib/gcc/arm-none-eabi/9.3.1/../../../../arm-none-eabi/lib/thumb/v7-m/nofp\libnosys.a
END GROUP
LOAD c:/st/stm32cubeide_1.6.1/stm32cubeide/plugins/com.st.stm32cube.ide.mcu.externaltools.gnu-tools-for-stm32.9-2020-q2-update.win32_2.0.0.202105311346/tools/bin/../lib/gcc/arm-none-eabi/9.3.1/thumb/v7-m/nofp/crtend.o
LOAD c:/st/stm32cubeide_1.6.1/stm32cubeide/plugins/com.st.stm32cube.ide.mcu.externaltools.gnu-tools-for-stm32.9-2020-q2-update.win32_2.0.0.202105311346/tools/bin/../lib/gcc/arm-none-eabi/9.3.1/thumb/v7-m/nofp/crtn.o
                0x0000000020005000                _estack = (ORIGIN (RAM) + LENGTH (RAM))
                0x0000000000000200                _Min_Heap_Size = 0x200
                0x0000000000000400                _Min_Stack_Size = 0x400

.isr_vector     0x0000000008000000      0x10c
                0x0000000008000000                . = ALIGN (0x4)
 *(.isr_vector)
 .isr_vector    0x0000000008000000      0x10c ./Core/Startup/startup_stm32f103c8tx.o
                0x0000000008000000                g_pfnVectors
                0x000000000800010c                . = ALIGN (0x4)

.text           0x000000000800010c     0x7d14
                0x000000000800010c                . = ALIGN (0x4)
 *(.text)
 .text          0x000000000800010c       0x40 c:/st/stm32cubeide_1.6.1/stm32cubeide/plugins/com.st.stm32cube.ide.mcu.externaltools.gnu-tools-for-stm32.9-2020-q2-update.win32_2.0.0.202105311346/tools/bin/../lib/gcc/arm-none-eabi/9.3.1/thumb/v7-m/nofp/crtbegin.o
 *(.text*)
 .text.HAL_CAN_RxFifo1MsgPendingCallback
                0x000000000800014c      0x138 ./Core/Src/CanBus.o
                0x000000000800014c                HAL_CAN_RxFifo1MsgPendingCallback
 .text.HAL_CAN_RxFifo0MsgPendingCallback
                0x0000000008000284       0x90 ./Core/Src/CanBus.o
                0x0000000008000284                HAL_CAN_RxFifo0MsgPendingCallback
 .text.CAN_transmit_Interrupt
                0x0000000008000314      0x10c ./Core/Src/CanBus.o
                0x0000000008000314                CAN_transmit_Interrupt
 .text.HAL_CAN_TxMailbox0CompleteCallback
                0x0000000008000420       0x24 ./Core/Src/CanBus.o
                0x0000000008000420                HAL_CAN_TxMailbox0CompleteCallback
 .text.HAL_CAN_TxMailbox1CompleteCallback
                0x0000000008000444       0x24 ./Core/Src/CanBus.o
                0x0000000008000444                HAL_CAN_TxMailbox1CompleteCallback
 .text.HAL_CAN_TxMailbox2CompleteCallback
                0x0000000008000468       0x24 ./Core/Src/CanBus.o
                0x0000000008000468                HAL_CAN_TxMailbox2CompleteCallback
 .text.Init_Can
                0x000000000800048c      0x20c ./Core/Src/CanBus.o
                0x000000000800048c                Init_Can
 .text.read_rx  0x0000000008000698      0x994 ./Core/Src/CanBus.o
                0x0000000008000698                read_rx
 .text.can_transmit
                0x000000000800102c      0x15c ./Core/Src/CanBus.o
                0x000000000800102c                can_transmit
 .text.abort_sdo
                0x0000000008001188      0x15c ./Core/Src/CanBus.o
                0x0000000008001188                abort_sdo
 .text.sdo_response
                0x00000000080012e4      0x150 ./Core/Src/CanBus.o
                0x00000000080012e4                sdo_response
 .text.sdo_segment
                0x0000000008001434       0xe8 ./Core/Src/CanBus.o
                0x0000000008001434                sdo_segment
 .text.lss_response
                0x000000000800151c       0xc0 ./Core/Src/CanBus.o
                0x000000000800151c                lss_response
 .text.transmit_error
                0x00000000080015dc       0xf0 ./Core/Src/CanBus.o
                0x00000000080015dc                transmit_error
 .text.transmit_in
                0x00000000080016cc       0x98 ./Core/Src/CanBus.o
                0x00000000080016cc                transmit_in
 .text.transmit_load
                0x0000000008001764       0xd0 ./Core/Src/CanBus.o
                0x0000000008001764                transmit_load
 .text.CAN_transmit_heartbeat
                0x0000000008001834       0x7c ./Core/Src/CanBus.o
                0x0000000008001834                CAN_transmit_heartbeat
 .text.check_for_call
                0x00000000080018b0       0x2c ./Core/Src/CanBus.o
                0x00000000080018b0                check_for_call
 .text.buzzer_signal
                0x00000000080018dc      0x124 ./Core/Src/CanBus.o
                0x00000000080018dc                buzzer_signal
 .text.set_output
                0x0000000008001a00      0xfcc ./Core/Src/CanBus.o
                0x0000000008001a00                set_output
 .text.set_io_config
                0x00000000080029cc      0x144 ./Core/Src/CanBus.o
                0x00000000080029cc                set_io_config
 .text.read_dict
                0x0000000008002b10      0x164 ./Core/Src/MyDrict.o
                0x0000000008002b10                read_dict
 .text.write_dict
                0x0000000008002c74      0x1d8 ./Core/Src/MyDrict.o
                0x0000000008002c74                write_dict
 .text.search_dict
                0x0000000008002e4c      0x140 ./Core/Src/MyDrict.o
                0x0000000008002e4c                search_dict
 .text.Get_NodeID
                0x0000000008002f8c       0x60 ./Core/Src/SubProg.o
                0x0000000008002f8c                Get_NodeID
 .text.Check_InChange
                0x0000000008002fec       0x48 ./Core/Src/SubProg.o
                0x0000000008002fec                Check_InChange
 .text.SPI_SendOneByte
                0x0000000008003034       0x60 ./Core/Src/SubProg.o
                0x0000000008003034                SPI_SendOneByte
 .text.ReadInput
                0x0000000008003094      0x1c0 ./Core/Src/SubProg.o
                0x0000000008003094                ReadInput
 .text.Out_Prog
                0x0000000008003254      0x25c ./Core/Src/SubProg.o
                0x0000000008003254                Out_Prog
 .text.test_mode
                0x00000000080034b0      0x4c8 ./Core/Src/SubProg.o
                0x00000000080034b0                test_mode
 .text.UART_SendBuf
                0x0000000008003978       0x16 ./Core/Src/Uart.o
                0x0000000008003978                UART_SendBuf
 *fill*         0x000000000800398e        0x2 
 .text.Display_device
                0x0000000008003990       0x48 ./Core/Src/Uart.o
                0x0000000008003990                Display_device
 .text.Arrow_Status
                0x00000000080039d8       0x78 ./Core/Src/Uart.o
                0x00000000080039d8                Arrow_Status
 .text.Flash_Unlock
                0x0000000008003a50        0xc ./Core/Src/flash.o
                0x0000000008003a50                Flash_Unlock
 .text.Flash_Erase
                0x0000000008003a5c       0x68 ./Core/Src/flash.o
                0x0000000008003a5c                Flash_Erase
 .text.Flash_Read_Int
                0x0000000008003ac4       0x1a ./Core/Src/flash.o
                0x0000000008003ac4                Flash_Read_Int
 *fill*         0x0000000008003ade        0x2 
 .text.Flash_Write_Bytes
                0x0000000008003ae0       0x90 ./Core/Src/flash.o
                0x0000000008003ae0                Flash_Write_Bytes
 .text.Flash_Read_Bytes
                0x0000000008003b70       0x4a ./Core/Src/flash.o
                0x0000000008003b70                Flash_Read_Bytes
 *fill*         0x0000000008003bba        0x2 
 .text.HAL_TIM_PeriodElapsedCallback
                0x0000000008003bbc      0x308 ./Core/Src/main.o
                0x0000000008003bbc                HAL_TIM_PeriodElapsedCallback
 .text.check_hse
                0x0000000008003ec4      0x1d0 ./Core/Src/main.o
                0x0000000008003ec4                check_hse
 .text.ClrWdt   0x0000000008004094        0xc ./Core/Src/main.o
                0x0000000008004094                ClrWdt
 .text.Find_target_Floor
                0x00000000080040a0       0x8c ./Core/Src/main.o
                0x00000000080040a0                Find_target_Floor
 .text.main     0x000000000800412c      0xa44 ./Core/Src/main.o
                0x000000000800412c                main
 .text.SystemClock_Config
                0x0000000008004b70       0x8c ./Core/Src/main.o
                0x0000000008004b70                SystemClock_Config
 .text.MX_CAN_Init
                0x0000000008004bfc       0x6c ./Core/Src/main.o
 .text.MX_TIM1_Init
                0x0000000008004c68       0xa0 ./Core/Src/main.o
 .text.MX_TIM2_Init
                0x0000000008004d08       0x9c ./Core/Src/main.o
 .text.MX_USART1_UART_Init
                0x0000000008004da4       0x54 ./Core/Src/main.o
 .text.MX_USART2_Init
                0x0000000008004df8       0x58 ./Core/Src/main.o
 .text.MX_GPIO_Init
                0x0000000008004e50       0xe8 ./Core/Src/main.o
 .text.Error_Handler
                0x0000000008004f38        0xa ./Core/Src/main.o
                0x0000000008004f38                Error_Handler
 *fill*         0x0000000008004f42        0x2 
 .text.HAL_MspInit
                0x0000000008004f44       0x64 ./Core/Src/stm32f1xx_hal_msp.o
                0x0000000008004f44                HAL_MspInit
 .text.HAL_CAN_MspInit
                0x0000000008004fa8       0xd8 ./Core/Src/stm32f1xx_hal_msp.o
                0x0000000008004fa8                HAL_CAN_MspInit
 .text.HAL_TIM_Base_MspInit
                0x0000000008005080       0x90 ./Core/Src/stm32f1xx_hal_msp.o
                0x0000000008005080                HAL_TIM_Base_MspInit
 .text.HAL_UART_MspInit
                0x0000000008005110       0x98 ./Core/Src/stm32f1xx_hal_msp.o
                0x0000000008005110                HAL_UART_MspInit
 .text.HAL_USART_MspInit
                0x00000000080051a8       0x94 ./Core/Src/stm32f1xx_hal_msp.o
                0x00000000080051a8                HAL_USART_MspInit
 .text.NMI_Handler
                0x000000000800523c        0x6 ./Core/Src/stm32f1xx_it.o
                0x000000000800523c                NMI_Handler
 .text.HardFault_Handler
                0x0000000008005242        0x6 ./Core/Src/stm32f1xx_it.o
                0x0000000008005242                HardFault_Handler
 .text.MemManage_Handler
                0x0000000008005248        0x6 ./Core/Src/stm32f1xx_it.o
                0x0000000008005248                MemManage_Handler
 .text.BusFault_Handler
                0x000000000800524e        0x6 ./Core/Src/stm32f1xx_it.o
                0x000000000800524e                BusFault_Handler
 .text.UsageFault_Handler
                0x0000000008005254        0x6 ./Core/Src/stm32f1xx_it.o
                0x0000000008005254                UsageFault_Handler
 .text.SVC_Handler
                0x000000000800525a        0xc ./Core/Src/stm32f1xx_it.o
                0x000000000800525a                SVC_Handler
 .text.DebugMon_Handler
                0x0000000008005266        0xc ./Core/Src/stm32f1xx_it.o
                0x0000000008005266                DebugMon_Handler
 .text.PendSV_Handler
                0x0000000008005272        0xc ./Core/Src/stm32f1xx_it.o
                0x0000000008005272                PendSV_Handler
 .text.SysTick_Handler
                0x000000000800527e        0xc ./Core/Src/stm32f1xx_it.o
                0x000000000800527e                SysTick_Handler
 *fill*         0x000000000800528a        0x2 
 .text.USB_HP_CAN1_TX_IRQHandler
                0x000000000800528c       0x14 ./Core/Src/stm32f1xx_it.o
                0x000000000800528c                USB_HP_CAN1_TX_IRQHandler
 .text.USB_LP_CAN1_RX0_IRQHandler
                0x00000000080052a0       0x14 ./Core/Src/stm32f1xx_it.o
                0x00000000080052a0                USB_LP_CAN1_RX0_IRQHandler
 .text.CAN1_RX1_IRQHandler
                0x00000000080052b4       0x14 ./Core/Src/stm32f1xx_it.o
                0x00000000080052b4                CAN1_RX1_IRQHandler
 .text.CAN1_SCE_IRQHandler
                0x00000000080052c8       0x14 ./Core/Src/stm32f1xx_it.o
                0x00000000080052c8                CAN1_SCE_IRQHandler
 .text.TIM1_BRK_IRQHandler
                0x00000000080052dc       0x14 ./Core/Src/stm32f1xx_it.o
                0x00000000080052dc                TIM1_BRK_IRQHandler
 .text.TIM1_UP_IRQHandler
                0x00000000080052f0       0x14 ./Core/Src/stm32f1xx_it.o
                0x00000000080052f0                TIM1_UP_IRQHandler
 .text.TIM2_IRQHandler
                0x0000000008005304       0x14 ./Core/Src/stm32f1xx_it.o
                0x0000000008005304                TIM2_IRQHandler
 .text.SystemInit
                0x0000000008005318        0xc ./Core/Src/system_stm32f1xx.o
                0x0000000008005318                SystemInit
 .text.Reset_Handler
                0x0000000008005324       0x48 ./Core/Startup/startup_stm32f103c8tx.o
                0x0000000008005324                Reset_Handler
 .text.Default_Handler
                0x000000000800536c        0x2 ./Core/Startup/startup_stm32f103c8tx.o
                0x000000000800536c                RTC_Alarm_IRQHandler
                0x000000000800536c                EXTI2_IRQHandler
                0x000000000800536c                TIM1_CC_IRQHandler
                0x000000000800536c                PVD_IRQHandler
                0x000000000800536c                EXTI3_IRQHandler
                0x000000000800536c                EXTI0_IRQHandler
                0x000000000800536c                I2C2_EV_IRQHandler
                0x000000000800536c                ADC1_2_IRQHandler
                0x000000000800536c                SPI1_IRQHandler
                0x000000000800536c                TAMPER_IRQHandler
                0x000000000800536c                DMA1_Channel4_IRQHandler
                0x000000000800536c                USART3_IRQHandler
                0x000000000800536c                RTC_IRQHandler
                0x000000000800536c                DMA1_Channel7_IRQHandler
                0x000000000800536c                TIM4_IRQHandler
                0x000000000800536c                I2C1_EV_IRQHandler
                0x000000000800536c                DMA1_Channel6_IRQHandler
                0x000000000800536c                TIM3_IRQHandler
                0x000000000800536c                RCC_IRQHandler
                0x000000000800536c                TIM1_TRG_COM_IRQHandler
                0x000000000800536c                DMA1_Channel1_IRQHandler
                0x000000000800536c                Default_Handler
                0x000000000800536c                EXTI15_10_IRQHandler
                0x000000000800536c                EXTI9_5_IRQHandler
                0x000000000800536c                SPI2_IRQHandler
                0x000000000800536c                DMA1_Channel5_IRQHandler
                0x000000000800536c                EXTI4_IRQHandler
                0x000000000800536c                DMA1_Channel3_IRQHandler
                0x000000000800536c                WWDG_IRQHandler
                0x000000000800536c                EXTI1_IRQHandler
                0x000000000800536c                USART2_IRQHandler
                0x000000000800536c                I2C2_ER_IRQHandler
                0x000000000800536c                DMA1_Channel2_IRQHandler
                0x000000000800536c                FLASH_IRQHandler
                0x000000000800536c                USART1_IRQHandler
                0x000000000800536c                I2C1_ER_IRQHandler
                0x000000000800536c                USBWakeUp_IRQHandler
 *fill*         0x000000000800536e        0x2 
 .text.HAL_Init
                0x0000000008005370       0x2c ./Drivers/STM32F1xx_HAL_Driver/Src/stm32f1xx_hal.o
                0x0000000008005370                HAL_Init
 .text.HAL_InitTick
                0x000000000800539c       0x60 ./Drivers/STM32F1xx_HAL_Driver/Src/stm32f1xx_hal.o
                0x000000000800539c                HAL_InitTick
 .text.HAL_IncTick
                0x00000000080053fc       0x24 ./Drivers/STM32F1xx_HAL_Driver/Src/stm32f1xx_hal.o
                0x00000000080053fc                HAL_IncTick
 .text.HAL_GetTick
                0x0000000008005420       0x14 ./Drivers/STM32F1xx_HAL_Driver/Src/stm32f1xx_hal.o
                0x0000000008005420                HAL_GetTick
 .text.HAL_Delay
                0x0000000008005434       0x48 ./Drivers/STM32F1xx_HAL_Driver/Src/stm32f1xx_hal.o
                0x0000000008005434                HAL_Delay
 .text.HAL_CAN_Init
                0x000000000800547c      0x1f6 ./Drivers/STM32F1xx_HAL_Driver/Src/stm32f1xx_hal_can.o
                0x000000000800547c                HAL_CAN_Init
 .text.HAL_CAN_ConfigFilter
                0x0000000008005672      0x192 ./Drivers/STM32F1xx_HAL_Driver/Src/stm32f1xx_hal_can.o
                0x0000000008005672                HAL_CAN_ConfigFilter
 .text.HAL_CAN_Start
                0x0000000008005804       0x88 ./Drivers/STM32F1xx_HAL_Driver/Src/stm32f1xx_hal_can.o
                0x0000000008005804                HAL_CAN_Start
 .text.HAL_CAN_AddTxMessage
                0x000000000800588c      0x1b4 ./Drivers/STM32F1xx_HAL_Driver/Src/stm32f1xx_hal_can.o
                0x000000000800588c                HAL_CAN_AddTxMessage
 .text.HAL_CAN_GetRxMessage
                0x0000000008005a40      0x222 ./Drivers/STM32F1xx_HAL_Driver/Src/stm32f1xx_hal_can.o
                0x0000000008005a40                HAL_CAN_GetRxMessage
 .text.HAL_CAN_ActivateNotification
                0x0000000008005c62       0x4a ./Drivers/STM32F1xx_HAL_Driver/Src/stm32f1xx_hal_can.o
                0x0000000008005c62                HAL_CAN_ActivateNotification
 .text.HAL_CAN_DeactivateNotification
                0x0000000008005cac       0x4c ./Drivers/STM32F1xx_HAL_Driver/Src/stm32f1xx_hal_can.o
                0x0000000008005cac                HAL_CAN_DeactivateNotification
 .text.HAL_CAN_IRQHandler
                0x0000000008005cf8      0x36e ./Drivers/STM32F1xx_HAL_Driver/Src/stm32f1xx_hal_can.o
                0x0000000008005cf8                HAL_CAN_IRQHandler
 .text.HAL_CAN_TxMailbox0AbortCallback
                0x0000000008006066       0x12 ./Drivers/STM32F1xx_HAL_Driver/Src/stm32f1xx_hal_can.o
                0x0000000008006066                HAL_CAN_TxMailbox0AbortCallback
 .text.HAL_CAN_TxMailbox1AbortCallback
                0x0000000008006078       0x12 ./Drivers/STM32F1xx_HAL_Driver/Src/stm32f1xx_hal_can.o
                0x0000000008006078                HAL_CAN_TxMailbox1AbortCallback
 .text.HAL_CAN_TxMailbox2AbortCallback
                0x000000000800608a       0x12 ./Drivers/STM32F1xx_HAL_Driver/Src/stm32f1xx_hal_can.o
                0x000000000800608a                HAL_CAN_TxMailbox2AbortCallback
 .text.HAL_CAN_RxFifo0FullCallback
                0x000000000800609c       0x12 ./Drivers/STM32F1xx_HAL_Driver/Src/stm32f1xx_hal_can.o
                0x000000000800609c                HAL_CAN_RxFifo0FullCallback
 .text.HAL_CAN_RxFifo1FullCallback
                0x00000000080060ae       0x12 ./Drivers/STM32F1xx_HAL_Driver/Src/stm32f1xx_hal_can.o
                0x00000000080060ae                HAL_CAN_RxFifo1FullCallback
 .text.HAL_CAN_SleepCallback
                0x00000000080060c0       0x12 ./Drivers/STM32F1xx_HAL_Driver/Src/stm32f1xx_hal_can.o
                0x00000000080060c0                HAL_CAN_SleepCallback
 .text.HAL_CAN_WakeUpFromRxMsgCallback
                0x00000000080060d2       0x12 ./Drivers/STM32F1xx_HAL_Driver/Src/stm32f1xx_hal_can.o
                0x00000000080060d2                HAL_CAN_WakeUpFromRxMsgCallback
 .text.HAL_CAN_ErrorCallback
                0x00000000080060e4       0x12 ./Drivers/STM32F1xx_HAL_Driver/Src/stm32f1xx_hal_can.o
                0x00000000080060e4                HAL_CAN_ErrorCallback
 *fill*         0x00000000080060f6        0x2 
 .text.__NVIC_SetPriorityGrouping
                0x00000000080060f8       0x48 ./Drivers/STM32F1xx_HAL_Driver/Src/stm32f1xx_hal_cortex.o
 .text.__NVIC_GetPriorityGrouping
                0x0000000008006140       0x1c ./Drivers/STM32F1xx_HAL_Driver/Src/stm32f1xx_hal_cortex.o
 .text.__NVIC_EnableIRQ
                0x000000000800615c       0x38 ./Drivers/STM32F1xx_HAL_Driver/Src/stm32f1xx_hal_cortex.o
 .text.__NVIC_SetPriority
                0x0000000008006194       0x54 ./Drivers/STM32F1xx_HAL_Driver/Src/stm32f1xx_hal_cortex.o
 .text.NVIC_EncodePriority
                0x00000000080061e8       0x64 ./Drivers/STM32F1xx_HAL_Driver/Src/stm32f1xx_hal_cortex.o
 .text.__NVIC_SystemReset
                0x000000000800624c       0x2c ./Drivers/STM32F1xx_HAL_Driver/Src/stm32f1xx_hal_cortex.o
 .text.SysTick_Config
                0x0000000008006278       0x44 ./Drivers/STM32F1xx_HAL_Driver/Src/stm32f1xx_hal_cortex.o
 .text.HAL_NVIC_SetPriorityGrouping
                0x00000000080062bc       0x16 ./Drivers/STM32F1xx_HAL_Driver/Src/stm32f1xx_hal_cortex.o
                0x00000000080062bc                HAL_NVIC_SetPriorityGrouping
 .text.HAL_NVIC_SetPriority
                0x00000000080062d2       0x38 ./Drivers/STM32F1xx_HAL_Driver/Src/stm32f1xx_hal_cortex.o
                0x00000000080062d2                HAL_NVIC_SetPriority
 .text.HAL_NVIC_EnableIRQ
                0x000000000800630a       0x1c ./Drivers/STM32F1xx_HAL_Driver/Src/stm32f1xx_hal_cortex.o
                0x000000000800630a                HAL_NVIC_EnableIRQ
 .text.HAL_NVIC_SystemReset
                0x0000000008006326        0x8 ./Drivers/STM32F1xx_HAL_Driver/Src/stm32f1xx_hal_cortex.o
                0x0000000008006326                HAL_NVIC_SystemReset
 .text.HAL_SYSTICK_Config
                0x000000000800632e       0x18 ./Drivers/STM32F1xx_HAL_Driver/Src/stm32f1xx_hal_cortex.o
                0x000000000800632e                HAL_SYSTICK_Config
 *fill*         0x0000000008006346        0x2 
 .text.HAL_FLASH_Program
                0x0000000008006348       0xe0 ./Drivers/STM32F1xx_HAL_Driver/Src/stm32f1xx_hal_flash.o
                0x0000000008006348                HAL_FLASH_Program
 .text.HAL_FLASH_Unlock
                0x0000000008006428       0x4c ./Drivers/STM32F1xx_HAL_Driver/Src/stm32f1xx_hal_flash.o
                0x0000000008006428                HAL_FLASH_Unlock
 .text.FLASH_Program_HalfWord
                0x0000000008006474       0x38 ./Drivers/STM32F1xx_HAL_Driver/Src/stm32f1xx_hal_flash.o
 .text.FLASH_WaitForLastOperation
                0x00000000080064ac       0x8c ./Drivers/STM32F1xx_HAL_Driver/Src/stm32f1xx_hal_flash.o
                0x00000000080064ac                FLASH_WaitForLastOperation
 .text.FLASH_SetErrorCode
                0x0000000008006538       0xa0 ./Drivers/STM32F1xx_HAL_Driver/Src/stm32f1xx_hal_flash.o
 .text.HAL_GPIO_Init
                0x00000000080065d8      0x308 ./Drivers/STM32F1xx_HAL_Driver/Src/stm32f1xx_hal_gpio.o
                0x00000000080065d8                HAL_GPIO_Init
 .text.HAL_GPIO_ReadPin
                0x00000000080068e0       0x2e ./Drivers/STM32F1xx_HAL_Driver/Src/stm32f1xx_hal_gpio.o
                0x00000000080068e0                HAL_GPIO_ReadPin
 .text.HAL_GPIO_WritePin
                0x000000000800690e       0x30 ./Drivers/STM32F1xx_HAL_Driver/Src/stm32f1xx_hal_gpio.o
                0x000000000800690e                HAL_GPIO_WritePin
 *fill*         0x000000000800693e        0x2 
 .text.HAL_RCC_OscConfig
                0x0000000008006940      0x500 ./Drivers/STM32F1xx_HAL_Driver/Src/stm32f1xx_hal_rcc.o
                0x0000000008006940                HAL_RCC_OscConfig
 .text.HAL_RCC_ClockConfig
                0x0000000008006e40      0x1d4 ./Drivers/STM32F1xx_HAL_Driver/Src/stm32f1xx_hal_rcc.o
                0x0000000008006e40                HAL_RCC_ClockConfig
 .text.HAL_RCC_GetSysClockFreq
                0x0000000008007014       0xc0 ./Drivers/STM32F1xx_HAL_Driver/Src/stm32f1xx_hal_rcc.o
                0x0000000008007014                HAL_RCC_GetSysClockFreq
 .text.HAL_RCC_GetHCLKFreq
                0x00000000080070d4       0x14 ./Drivers/STM32F1xx_HAL_Driver/Src/stm32f1xx_hal_rcc.o
                0x00000000080070d4                HAL_RCC_GetHCLKFreq
 .text.HAL_RCC_GetPCLK1Freq
                0x00000000080070e8       0x28 ./Drivers/STM32F1xx_HAL_Driver/Src/stm32f1xx_hal_rcc.o
                0x00000000080070e8                HAL_RCC_GetPCLK1Freq
 .text.HAL_RCC_GetPCLK2Freq
                0x0000000008007110       0x28 ./Drivers/STM32F1xx_HAL_Driver/Src/stm32f1xx_hal_rcc.o
                0x0000000008007110                HAL_RCC_GetPCLK2Freq
 .text.RCC_Delay
                0x0000000008007138       0x3c ./Drivers/STM32F1xx_HAL_Driver/Src/stm32f1xx_hal_rcc.o
 .text.HAL_TIM_Base_Init
                0x0000000008007174       0x9e ./Drivers/STM32F1xx_HAL_Driver/Src/stm32f1xx_hal_tim.o
                0x0000000008007174                HAL_TIM_Base_Init
 *fill*         0x0000000008007212        0x2 
 .text.HAL_TIM_Base_Start_IT
                0x0000000008007214       0xa4 ./Drivers/STM32F1xx_HAL_Driver/Src/stm32f1xx_hal_tim.o
                0x0000000008007214                HAL_TIM_Base_Start_IT
 .text.HAL_TIM_IRQHandler
                0x00000000080072b8      0x210 ./Drivers/STM32F1xx_HAL_Driver/Src/stm32f1xx_hal_tim.o
                0x00000000080072b8                HAL_TIM_IRQHandler
 .text.HAL_TIM_ConfigClockSource
                0x00000000080074c8      0x188 ./Drivers/STM32F1xx_HAL_Driver/Src/stm32f1xx_hal_tim.o
                0x00000000080074c8                HAL_TIM_ConfigClockSource
 .text.HAL_TIM_OC_DelayElapsedCallback
                0x0000000008007650       0x12 ./Drivers/STM32F1xx_HAL_Driver/Src/stm32f1xx_hal_tim.o
                0x0000000008007650                HAL_TIM_OC_DelayElapsedCallback
 .text.HAL_TIM_IC_CaptureCallback
                0x0000000008007662       0x12 ./Drivers/STM32F1xx_HAL_Driver/Src/stm32f1xx_hal_tim.o
                0x0000000008007662                HAL_TIM_IC_CaptureCallback
 .text.HAL_TIM_PWM_PulseFinishedCallback
                0x0000000008007674       0x12 ./Drivers/STM32F1xx_HAL_Driver/Src/stm32f1xx_hal_tim.o
                0x0000000008007674                HAL_TIM_PWM_PulseFinishedCallback
 .text.HAL_TIM_TriggerCallback
                0x0000000008007686       0x12 ./Drivers/STM32F1xx_HAL_Driver/Src/stm32f1xx_hal_tim.o
                0x0000000008007686                HAL_TIM_TriggerCallback
 .text.TIM_Base_SetConfig
                0x0000000008007698       0xc4 ./Drivers/STM32F1xx_HAL_Driver/Src/stm32f1xx_hal_tim.o
                0x0000000008007698                TIM_Base_SetConfig
 .text.TIM_TI1_ConfigInputStage
                0x000000000800775c       0x5c ./Drivers/STM32F1xx_HAL_Driver/Src/stm32f1xx_hal_tim.o
 .text.TIM_TI2_ConfigInputStage
                0x00000000080077b8       0x5e ./Drivers/STM32F1xx_HAL_Driver/Src/stm32f1xx_hal_tim.o
 .text.TIM_ITRx_SetConfig
                0x0000000008007816       0x34 ./Drivers/STM32F1xx_HAL_Driver/Src/stm32f1xx_hal_tim.o
 .text.TIM_ETR_SetConfig
                0x000000000800784a       0x3e ./Drivers/STM32F1xx_HAL_Driver/Src/stm32f1xx_hal_tim.o
                0x000000000800784a                TIM_ETR_SetConfig
 .text.HAL_TIMEx_MasterConfigSynchronization
                0x0000000008007888       0xbc ./Drivers/STM32F1xx_HAL_Driver/Src/stm32f1xx_hal_tim_ex.o
                0x0000000008007888                HAL_TIMEx_MasterConfigSynchronization
 .text.HAL_TIMEx_CommutCallback
                0x0000000008007944       0x12 ./Drivers/STM32F1xx_HAL_Driver/Src/stm32f1xx_hal_tim_ex.o
                0x0000000008007944                HAL_TIMEx_CommutCallback
 .text.HAL_TIMEx_BreakCallback
                0x0000000008007956       0x12 ./Drivers/STM32F1xx_HAL_Driver/Src/stm32f1xx_hal_tim_ex.o
                0x0000000008007956                HAL_TIMEx_BreakCallback
 .text.HAL_UART_Init
                0x0000000008007968       0x9a ./Drivers/STM32F1xx_HAL_Driver/Src/stm32f1xx_hal_uart.o
                0x0000000008007968                HAL_UART_Init
 *fill*         0x0000000008007a02        0x2 
 .text.UART_SetConfig
                0x0000000008007a04      0x11c ./Drivers/STM32F1xx_HAL_Driver/Src/stm32f1xx_hal_uart.o
 .text.HAL_USART_Init
                0x0000000008007b20       0x82 ./Drivers/STM32F1xx_HAL_Driver/Src/stm32f1xx_hal_usart.o
                0x0000000008007b20                HAL_USART_Init
 *fill*         0x0000000008007ba2        0x2 
 .text.USART_SetConfig
                0x0000000008007ba4      0x1f0 ./Drivers/STM32F1xx_HAL_Driver/Src/stm32f1xx_hal_usart.o
 .text.__libc_init_array
                0x0000000008007d94       0x48 c:/st/stm32cubeide_1.6.1/stm32cubeide/plugins/com.st.stm32cube.ide.mcu.externaltools.gnu-tools-for-stm32.9-2020-q2-update.win32_2.0.0.202105311346/tools/bin/../lib/gcc/arm-none-eabi/9.3.1/../../../../arm-none-eabi/lib/thumb/v7-m/nofp\libc_nano.a(lib_a-init.o)
                0x0000000008007d94                __libc_init_array
 .text.memcpy   0x0000000008007ddc       0x1c c:/st/stm32cubeide_1.6.1/stm32cubeide/plugins/com.st.stm32cube.ide.mcu.externaltools.gnu-tools-for-stm32.9-2020-q2-update.win32_2.0.0.202105311346/tools/bin/../lib/gcc/arm-none-eabi/9.3.1/../../../../arm-none-eabi/lib/thumb/v7-m/nofp\libc_nano.a(lib_a-memcpy-stub.o)
                0x0000000008007ddc                memcpy
 .text.memset   0x0000000008007df8       0x10 c:/st/stm32cubeide_1.6.1/stm32cubeide/plugins/com.st.stm32cube.ide.mcu.externaltools.gnu-tools-for-stm32.9-2020-q2-update.win32_2.0.0.202105311346/tools/bin/../lib/gcc/arm-none-eabi/9.3.1/../../../../arm-none-eabi/lib/thumb/v7-m/nofp\libc_nano.a(lib_a-memset.o)
                0x0000000008007df8                memset
 *(.glue_7)
 .glue_7        0x0000000008007e08        0x0 linker stubs
 *(.glue_7t)
 .glue_7t       0x0000000008007e08        0x0 linker stubs
 *(.eh_frame)
 .eh_frame      0x0000000008007e08        0x0 c:/st/stm32cubeide_1.6.1/stm32cubeide/plugins/com.st.stm32cube.ide.mcu.externaltools.gnu-tools-for-stm32.9-2020-q2-update.win32_2.0.0.202105311346/tools/bin/../lib/gcc/arm-none-eabi/9.3.1/thumb/v7-m/nofp/crtbegin.o
 *(.init)
 .init          0x0000000008007e08        0x4 c:/st/stm32cubeide_1.6.1/stm32cubeide/plugins/com.st.stm32cube.ide.mcu.externaltools.gnu-tools-for-stm32.9-2020-q2-update.win32_2.0.0.202105311346/tools/bin/../lib/gcc/arm-none-eabi/9.3.1/thumb/v7-m/nofp/crti.o
                0x0000000008007e08                _init
 .init          0x0000000008007e0c        0x8 c:/st/stm32cubeide_1.6.1/stm32cubeide/plugins/com.st.stm32cube.ide.mcu.externaltools.gnu-tools-for-stm32.9-2020-q2-update.win32_2.0.0.202105311346/tools/bin/../lib/gcc/arm-none-eabi/9.3.1/thumb/v7-m/nofp/crtn.o
 *(.fini)
 .fini          0x0000000008007e14        0x4 c:/st/stm32cubeide_1.6.1/stm32cubeide/plugins/com.st.stm32cube.ide.mcu.externaltools.gnu-tools-for-stm32.9-2020-q2-update.win32_2.0.0.202105311346/tools/bin/../lib/gcc/arm-none-eabi/9.3.1/thumb/v7-m/nofp/crti.o
                0x0000000008007e14                _fini
 .fini          0x0000000008007e18        0x8 c:/st/stm32cubeide_1.6.1/stm32cubeide/plugins/com.st.stm32cube.ide.mcu.externaltools.gnu-tools-for-stm32.9-2020-q2-update.win32_2.0.0.202105311346/tools/bin/../lib/gcc/arm-none-eabi/9.3.1/thumb/v7-m/nofp/crtn.o
                0x0000000008007e20                . = ALIGN (0x4)
                0x0000000008007e20                _etext = .

.vfp11_veneer   0x0000000008007e20        0x0
 .vfp11_veneer  0x0000000008007e20        0x0 linker stubs

.v4_bx          0x0000000008007e20        0x0
 .v4_bx         0x0000000008007e20        0x0 linker stubs

.iplt           0x0000000008007e20        0x0
 .iplt          0x0000000008007e20        0x0 c:/st/stm32cubeide_1.6.1/stm32cubeide/plugins/com.st.stm32cube.ide.mcu.externaltools.gnu-tools-for-stm32.9-2020-q2-update.win32_2.0.0.202105311346/tools/bin/../lib/gcc/arm-none-eabi/9.3.1/thumb/v7-m/nofp/crtbegin.o

.rodata         0x0000000008007e20       0x80
                0x0000000008007e20                . = ALIGN (0x4)
 *(.rodata)
 .rodata        0x0000000008007e20       0x10 ./Drivers/STM32F1xx_HAL_Driver/Src/stm32f1xx_hal_rcc.o
 *(.rodata*)
 .rodata.graycode
                0x0000000008007e30       0x40 ./Core/Src/CanBus.o
                0x0000000008007e30                graycode
 .rodata.version_uea
                0x0000000008007e70        0x6 ./Core/Src/Version.o
                0x0000000008007e70                version_uea
 *fill*         0x0000000008007e76        0x2 
 .rodata.hardware_uea
                0x0000000008007e78        0x6 ./Core/Src/Version.o
                0x0000000008007e78                hardware_uea
 *fill*         0x0000000008007e7e        0x2 
 .rodata.device_name
                0x0000000008007e80        0x6 ./Core/Src/Version.o
                0x0000000008007e80                device_name
 *fill*         0x0000000008007e86        0x2 
 .rodata.AHBPrescTable
                0x0000000008007e88       0x10 ./Core/Src/system_stm32f1xx.o
                0x0000000008007e88                AHBPrescTable
 .rodata.APBPrescTable
                0x0000000008007e98        0x8 ./Core/Src/system_stm32f1xx.o
                0x0000000008007e98                APBPrescTable
                0x0000000008007ea0                . = ALIGN (0x4)

.rel.dyn        0x0000000008007ea0        0x0
 .rel.iplt      0x0000000008007ea0        0x0 c:/st/stm32cubeide_1.6.1/stm32cubeide/plugins/com.st.stm32cube.ide.mcu.externaltools.gnu-tools-for-stm32.9-2020-q2-update.win32_2.0.0.202105311346/tools/bin/../lib/gcc/arm-none-eabi/9.3.1/thumb/v7-m/nofp/crtbegin.o

.ARM.extab      0x0000000008007ea0        0x0
                0x0000000008007ea0                . = ALIGN (0x4)
 *(.ARM.extab* .gnu.linkonce.armextab.*)
                0x0000000008007ea0                . = ALIGN (0x4)

.ARM            0x0000000008007ea0        0x0
                0x0000000008007ea0                . = ALIGN (0x4)
                0x0000000008007ea0                __exidx_start = .
 *(.ARM.exidx*)
                0x0000000008007ea0                __exidx_end = .
                0x0000000008007ea0                . = ALIGN (0x4)

.preinit_array  0x0000000008007ea0        0x0
                0x0000000008007ea0                . = ALIGN (0x4)
                0x0000000008007ea0                PROVIDE (__preinit_array_start = .)
 *(.preinit_array*)
                0x0000000008007ea0                PROVIDE (__preinit_array_end = .)
                0x0000000008007ea0                . = ALIGN (0x4)

.init_array     0x0000000008007ea0        0x4
                0x0000000008007ea0                . = ALIGN (0x4)
                0x0000000008007ea0                PROVIDE (__init_array_start = .)
 *(SORT_BY_NAME(.init_array.*))
 *(.init_array*)
 .init_array    0x0000000008007ea0        0x4 c:/st/stm32cubeide_1.6.1/stm32cubeide/plugins/com.st.stm32cube.ide.mcu.externaltools.gnu-tools-for-stm32.9-2020-q2-update.win32_2.0.0.202105311346/tools/bin/../lib/gcc/arm-none-eabi/9.3.1/thumb/v7-m/nofp/crtbegin.o
                0x0000000008007ea4                PROVIDE (__init_array_end = .)
                0x0000000008007ea4                . = ALIGN (0x4)

.fini_array     0x0000000008007ea4        0x4
                0x0000000008007ea4                . = ALIGN (0x4)
                [!provide]                        PROVIDE (__fini_array_start = .)
 *(SORT_BY_NAME(.fini_array.*))
 *(.fini_array*)
 .fini_array    0x0000000008007ea4        0x4 c:/st/stm32cubeide_1.6.1/stm32cubeide/plugins/com.st.stm32cube.ide.mcu.externaltools.gnu-tools-for-stm32.9-2020-q2-update.win32_2.0.0.202105311346/tools/bin/../lib/gcc/arm-none-eabi/9.3.1/thumb/v7-m/nofp/crtbegin.o
                [!provide]                        PROVIDE (__fini_array_end = .)
                0x0000000008007ea8                . = ALIGN (0x4)
                0x0000000008007ea8                _sidata = LOADADDR (.data)

.data           0x0000000020000000      0x1b0 load address 0x0000000008007ea8
                0x0000000020000000                . = ALIGN (0x4)
                0x0000000020000000                _sdata = .
 *(.data)
 *(.data*)
 .data.dict     0x0000000020000000      0x180 ./Core/Src/MyDrict.o
                0x0000000020000000                dict
 .data.out_old.7032
                0x0000000020000180        0x9 ./Core/Src/SubProg.o
 .data.mInOut_Number
                0x0000000020000189        0x1 ./Core/Src/main.o
                0x0000000020000189                mInOut_Number
 *fill*         0x000000002000018a        0x2 
 .data.Keytimout
                0x000000002000018c        0x4 ./Core/Src/main.o
                0x000000002000018c                Keytimout
 .data.LedOfftimout
                0x0000000020000190        0x4 ./Core/Src/main.o
                0x0000000020000190                LedOfftimout
 .data.IOName   0x0000000020000194        0xd ./Core/Src/main.o
                0x0000000020000194                IOName
 *fill*         0x00000000200001a1        0x3 
 .data.SystemCoreClock
                0x00000000200001a4        0x4 ./Core/Src/system_stm32f1xx.o
                0x00000000200001a4                SystemCoreClock
 .data.uwTickPrio
                0x00000000200001a8        0x4 ./Drivers/STM32F1xx_HAL_Driver/Src/stm32f1xx_hal.o
                0x00000000200001a8                uwTickPrio
 .data.uwTickFreq
                0x00000000200001ac        0x1 ./Drivers/STM32F1xx_HAL_Driver/Src/stm32f1xx_hal.o
                0x00000000200001ac                uwTickFreq
 *(.RamFunc)
 *(.RamFunc*)
                0x00000000200001b0                . = ALIGN (0x4)
 *fill*         0x00000000200001ad        0x3 
                0x00000000200001b0                _edata = .

.igot.plt       0x00000000200001b0        0x0 load address 0x0000000008008058
 .igot.plt      0x00000000200001b0        0x0 c:/st/stm32cubeide_1.6.1/stm32cubeide/plugins/com.st.stm32cube.ide.mcu.externaltools.gnu-tools-for-stm32.9-2020-q2-update.win32_2.0.0.202105311346/tools/bin/../lib/gcc/arm-none-eabi/9.3.1/thumb/v7-m/nofp/crtbegin.o
                0x00000000200001b0                . = ALIGN (0x4)

.bss            0x00000000200001b0      0x810 load address 0x0000000008008058
                0x00000000200001b0                _sbss = .
                0x00000000200001b0                __bss_start__ = _sbss
 *(.bss)
 .bss           0x00000000200001b0       0x1c c:/st/stm32cubeide_1.6.1/stm32cubeide/plugins/com.st.stm32cube.ide.mcu.externaltools.gnu-tools-for-stm32.9-2020-q2-update.win32_2.0.0.202105311346/tools/bin/../lib/gcc/arm-none-eabi/9.3.1/thumb/v7-m/nofp/crtbegin.o
 *(.bss*)
 .bss.hse_heartbeat_time
                0x00000000200001cc        0x4 ./Core/Src/CanBus.o
                0x00000000200001cc                hse_heartbeat_time
 .bss.CanRxData
                0x00000000200001d0        0x8 ./Core/Src/CanBus.o
                0x00000000200001d0                CanRxData
 .bss.mallbox   0x00000000200001d8        0x6 ./Core/Src/CanBus.o
                0x00000000200001d8                mallbox
 .bss.txmallbox
                0x00000000200001de        0x2 ./Core/Src/CanBus.o
                0x00000000200001de                txmallbox
 .bss.txmallbox_request
                0x00000000200001e0        0x2 ./Core/Src/CanBus.o
                0x00000000200001e0                txmallbox_request
 .bss.fire_alarm
                0x00000000200001e2        0x1 ./Core/Src/CanBus.o
                0x00000000200001e2                fire_alarm
 .bss.fire_evacuation
                0x00000000200001e3        0x1 ./Core/Src/CanBus.o
                0x00000000200001e3                fire_evacuation
 .bss.fire_state
                0x00000000200001e4        0x1 ./Core/Src/CanBus.o
                0x00000000200001e4                fire_state
 *fill*         0x00000000200001e5        0x3 
 .bss.Timettt.7013
                0x00000000200001e8        0x4 ./Core/Src/CanBus.o
 .bss.buzzer    0x00000000200001ec        0x1 ./Core/Src/main.o
                0x00000000200001ec                buzzer
 *fill*         0x00000000200001ed        0x1 
 .bss.sdo_index
                0x00000000200001ee        0x2 ./Core/Src/main.o
                0x00000000200001ee                sdo_index
 .bss.sdo_subindex
                0x00000000200001f0        0x1 ./Core/Src/main.o
                0x00000000200001f0                sdo_subindex
 .bss.sdo_timer
                0x00000000200001f1        0x1 ./Core/Src/main.o
                0x00000000200001f1                sdo_timer
 .bss.mExtern_Number
                0x00000000200001f2        0x1 ./Core/Src/main.o
                0x00000000200001f2                mExtern_Number
 .bss.hse_heartbeat
                0x00000000200001f3        0x1 ./Core/Src/main.o
                0x00000000200001f3                hse_heartbeat
 .bss.bBusOffTimer
                0x00000000200001f4        0x1 ./Core/Src/main.o
                0x00000000200001f4                bBusOffTimer
 .bss.att_alarm_timer
                0x00000000200001f5        0x1 ./Core/Src/main.o
                0x00000000200001f5                att_alarm_timer
 .bss.buz_alarm_timer
                0x00000000200001f6        0x1 ./Core/Src/main.o
                0x00000000200001f6                buz_alarm_timer
 .bss.buz_alarm_totaltimer
                0x00000000200001f7        0x1 ./Core/Src/main.o
                0x00000000200001f7                buz_alarm_totaltimer
 .bss.merker    0x00000000200001f8        0x1 ./Core/Src/main.o
                0x00000000200001f8                merker
 .bss.errorregister
                0x00000000200001f9        0x1 ./Core/Src/main.o
                0x00000000200001f9                errorregister
 .bss.errorcode
                0x00000000200001fa        0x2 ./Core/Src/main.o
                0x00000000200001fa                errorcode
 .bss.pos       0x00000000200001fc        0x1 ./Core/Src/main.o
                0x00000000200001fc                pos
 *fill*         0x00000000200001fd        0x3 
 .bss.virt_key  0x0000000020000200        0x2 ./Core/Src/main.o
                0x0000000020000200                virt_key
 .bss.virt_key_cnt
                0x0000000020000202        0x1 ./Core/Src/main.o
                0x0000000020000202                virt_key_cnt
 *fill*         0x0000000020000203        0x1 
 .bss.FloorName
                0x0000000020000204       0x6e ./Core/Src/main.o
                0x0000000020000204                FloorName
 .bss.targetfloor
                0x0000000020000272        0x1 ./Core/Src/main.o
                0x0000000020000272                targetfloor
 .bss.targetfloor_reg
                0x0000000020000273        0x1 ./Core/Src/main.o
                0x0000000020000273                targetfloor_reg
 .bss.Led_virt  0x0000000020000274        0x2 ./Core/Src/main.o
                0x0000000020000274                Led_virt
 *fill*         0x0000000020000276        0x2 
 .bss.time1_cnt
                0x0000000020000278        0x4 ./Core/Src/main.o
 .bss.reloadtime.7847
                0x000000002000027c        0x4 ./Core/Src/main.o
 .bss.time0_cnt.7846
                0x0000000020000280        0x4 ./Core/Src/main.o
 *(COMMON)
 COMMON         0x0000000020000284       0xd0 ./Core/Src/CanBus.o
                0x0000000020000284                rc
                0x0000000020000288                pTxMailbox
                0x000000002000028c                tc
                0x0000000020000290                rx
                0x00000000200002e0                CanRxHeader
                0x00000000200002fc                tx
                0x000000002000034c                timeeeee
                0x0000000020000350                to
                0x0000000020000351                ro
                0x0000000020000352                ri
                0x0000000020000353                ti
 COMMON         0x0000000020000354       0x19 ./Core/Src/Uart.o
                0x0000000020000354                uart_send_buff
                0x0000000020000364                display
                0x0000000020000368                mDisp_buf
 *fill*         0x000000002000036d        0x3 
 COMMON         0x0000000020000370      0x625 ./Core/Src/main.o
                0x0000000020000370                mArrow_State
                0x0000000020000374                inold
                0x0000000020000380                in_polarity
                0x000000002000038c                bTime
                0x0000000020000390                in
                0x000000002000039c                out_polarity
                0x00000000200003a8                TIM1_inter_store
                0x00000000200003ac                inpar
                0x0000000020000598                out
                0x00000000200005a4                input
                0x00000000200005c0                hcan
                0x00000000200005e8                virt_in
                0x00000000200005f0                lastest_call_time
                0x00000000200005f4                virt_out
                0x00000000200005fb                node_id
                0x00000000200005fc                TIM2_inter
                0x0000000020000600                instate
                0x000000002000060c                outpar
                0x000000002000083c                TIM2_inter_store
                0x0000000020000840                huart1
                0x0000000020000884                hsetime
                0x0000000020000888                inspection_time
                0x000000002000088c                time10ms
                0x0000000020000890                nmtstate
                0x0000000020000894                htim1
                0x00000000200008dc                help
                0x00000000200008dd                nmtwait
                0x00000000200008e0                instate_Pre
                0x00000000200008ec                husart2
                0x0000000020000930                bFunc
                0x0000000020000934                htim2
                0x000000002000097c                mMax_InByte
                0x000000002000097d                heartbeat
                0x0000000020000980                outpush
                0x000000002000098c                inold_Pre
                0x0000000020000990                TIM1_inter
                0x0000000020000994                disp_lift
 *fill*         0x0000000020000995        0x3 
 COMMON         0x0000000020000998        0x4 ./Drivers/STM32F1xx_HAL_Driver/Src/stm32f1xx_hal.o
                0x0000000020000998                uwTick
 *fill*         0x000000002000099c        0x4 
 COMMON         0x00000000200009a0       0x20 ./Drivers/STM32F1xx_HAL_Driver/Src/stm32f1xx_hal_flash.o
                0x00000000200009a0                pFlash
                0x00000000200009c0                . = ALIGN (0x4)
                0x00000000200009c0                _ebss = .
                0x00000000200009c0                __bss_end__ = _ebss

._user_heap_stack
                0x00000000200009c0      0x600 load address 0x0000000008008058
                0x00000000200009c0                . = ALIGN (0x8)
                [!provide]                        PROVIDE (end = .)
                0x00000000200009c0                PROVIDE (_end = .)
                0x0000000020000bc0                . = (. + _Min_Heap_Size)
 *fill*         0x00000000200009c0      0x200 
                0x0000000020000fc0                . = (. + _Min_Stack_Size)
 *fill*         0x0000000020000bc0      0x400 
                0x0000000020000fc0                . = ALIGN (0x8)

/DISCARD/
 libc.a(*)
 libm.a(*)
 libgcc.a(*)

.ARM.attributes
                0x0000000000000000       0x29
 *(.ARM.attributes)
 .ARM.attributes
                0x0000000000000000       0x1d c:/st/stm32cubeide_1.6.1/stm32cubeide/plugins/com.st.stm32cube.ide.mcu.externaltools.gnu-tools-for-stm32.9-2020-q2-update.win32_2.0.0.202105311346/tools/bin/../lib/gcc/arm-none-eabi/9.3.1/thumb/v7-m/nofp/crti.o
 .ARM.attributes
                0x000000000000001d       0x2d c:/st/stm32cubeide_1.6.1/stm32cubeide/plugins/com.st.stm32cube.ide.mcu.externaltools.gnu-tools-for-stm32.9-2020-q2-update.win32_2.0.0.202105311346/tools/bin/../lib/gcc/arm-none-eabi/9.3.1/thumb/v7-m/nofp/crtbegin.o
 .ARM.attributes
                0x000000000000004a       0x2d ./Core/Src/CanBus.o
 .ARM.attributes
                0x0000000000000077       0x2d ./Core/Src/MyDrict.o
 .ARM.attributes
                0x00000000000000a4       0x2d ./Core/Src/SubProg.o
 .ARM.attributes
                0x00000000000000d1       0x2d ./Core/Src/Uart.o
 .ARM.attributes
                0x00000000000000fe       0x33 ./Core/Src/Version.o
 .ARM.attributes
                0x0000000000000131       0x2d ./Core/Src/flash.o
 .ARM.attributes
                0x000000000000015e       0x2d ./Core/Src/main.o
 .ARM.attributes
                0x000000000000018b       0x2d ./Core/Src/stm32f1xx_hal_msp.o
 .ARM.attributes
                0x00000000000001b8       0x2d ./Core/Src/stm32f1xx_it.o
 .ARM.attributes
                0x00000000000001e5       0x2d ./Core/Src/system_stm32f1xx.o
 .ARM.attributes
                0x0000000000000212       0x21 ./Core/Startup/startup_stm32f103c8tx.o
 .ARM.attributes
                0x0000000000000233       0x2d ./Drivers/STM32F1xx_HAL_Driver/Src/stm32f1xx_hal.o
 .ARM.attributes
                0x0000000000000260       0x2d ./Drivers/STM32F1xx_HAL_Driver/Src/stm32f1xx_hal_can.o
 .ARM.attributes
                0x000000000000028d       0x2d ./Drivers/STM32F1xx_HAL_Driver/Src/stm32f1xx_hal_cortex.o
 .ARM.attributes
                0x00000000000002ba       0x2d ./Drivers/STM32F1xx_HAL_Driver/Src/stm32f1xx_hal_flash.o
 .ARM.attributes
                0x00000000000002e7       0x2d ./Drivers/STM32F1xx_HAL_Driver/Src/stm32f1xx_hal_gpio.o
 .ARM.attributes
                0x0000000000000314       0x2d ./Drivers/STM32F1xx_HAL_Driver/Src/stm32f1xx_hal_rcc.o
 .ARM.attributes
                0x0000000000000341       0x2d ./Drivers/STM32F1xx_HAL_Driver/Src/stm32f1xx_hal_tim.o
 .ARM.attributes
                0x000000000000036e       0x2d ./Drivers/STM32F1xx_HAL_Driver/Src/stm32f1xx_hal_tim_ex.o
 .ARM.attributes
                0x000000000000039b       0x2d ./Drivers/STM32F1xx_HAL_Driver/Src/stm32f1xx_hal_uart.o
 .ARM.attributes
                0x00000000000003c8       0x2d ./Drivers/STM32F1xx_HAL_Driver/Src/stm32f1xx_hal_usart.o
 .ARM.attributes
                0x00000000000003f5       0x2d c:/st/stm32cubeide_1.6.1/stm32cubeide/plugins/com.st.stm32cube.ide.mcu.externaltools.gnu-tools-for-stm32.9-2020-q2-update.win32_2.0.0.202105311346/tools/bin/../lib/gcc/arm-none-eabi/9.3.1/../../../../arm-none-eabi/lib/thumb/v7-m/nofp\libc_nano.a(lib_a-init.o)
 .ARM.attributes
                0x0000000000000422       0x2d c:/st/stm32cubeide_1.6.1/stm32cubeide/plugins/com.st.stm32cube.ide.mcu.externaltools.gnu-tools-for-stm32.9-2020-q2-update.win32_2.0.0.202105311346/tools/bin/../lib/gcc/arm-none-eabi/9.3.1/../../../../arm-none-eabi/lib/thumb/v7-m/nofp\libc_nano.a(lib_a-memcpy-stub.o)
 .ARM.attributes
                0x000000000000044f       0x2d c:/st/stm32cubeide_1.6.1/stm32cubeide/plugins/com.st.stm32cube.ide.mcu.externaltools.gnu-tools-for-stm32.9-2020-q2-update.win32_2.0.0.202105311346/tools/bin/../lib/gcc/arm-none-eabi/9.3.1/../../../../arm-none-eabi/lib/thumb/v7-m/nofp\libc_nano.a(lib_a-memset.o)
 .ARM.attributes
                0x000000000000047c       0x1d c:/st/stm32cubeide_1.6.1/stm32cubeide/plugins/com.st.stm32cube.ide.mcu.externaltools.gnu-tools-for-stm32.9-2020-q2-update.win32_2.0.0.202105311346/tools/bin/../lib/gcc/arm-none-eabi/9.3.1/thumb/v7-m/nofp/crtn.o
OUTPUT(COP.elf elf32-littlearm)
LOAD linker stubs
LOAD c:/st/stm32cubeide_1.6.1/stm32cubeide/plugins/com.st.stm32cube.ide.mcu.externaltools.gnu-tools-for-stm32.9-2020-q2-update.win32_2.0.0.202105311346/tools/bin/../lib/gcc/arm-none-eabi/9.3.1/../../../../arm-none-eabi/lib/thumb/v7-m/nofp\libc.a
LOAD c:/st/stm32cubeide_1.6.1/stm32cubeide/plugins/com.st.stm32cube.ide.mcu.externaltools.gnu-tools-for-stm32.9-2020-q2-update.win32_2.0.0.202105311346/tools/bin/../lib/gcc/arm-none-eabi/9.3.1/../../../../arm-none-eabi/lib/thumb/v7-m/nofp\libm.a
LOAD c:/st/stm32cubeide_1.6.1/stm32cubeide/plugins/com.st.stm32cube.ide.mcu.externaltools.gnu-tools-for-stm32.9-2020-q2-update.win32_2.0.0.202105311346/tools/bin/../lib/gcc/arm-none-eabi/9.3.1/thumb/v7-m/nofp\libgcc.a

.debug_info     0x0000000000000000    0x15439
 .debug_info    0x0000000000000000     0x1b07 ./Core/Src/CanBus.o
 .debug_info    0x0000000000001b07     0x10de ./Core/Src/MyDrict.o
 .debug_info    0x0000000000002be5     0x11d2 ./Core/Src/SubProg.o
 .debug_info    0x0000000000003db7     0x1066 ./Core/Src/Uart.o
 .debug_info    0x0000000000004e1d      0xf4b ./Core/Src/Version.o
 .debug_info    0x0000000000005d68      0xdce ./Core/Src/flash.o
 .debug_info    0x0000000000006b36     0x253f ./Core/Src/main.o
 .debug_info    0x0000000000009075     0x1484 ./Core/Src/stm32f1xx_hal_msp.o
 .debug_info    0x000000000000a4f9      0xc0b ./Core/Src/stm32f1xx_it.o
 .debug_info    0x000000000000b104      0x2be ./Core/Src/system_stm32f1xx.o
 .debug_info    0x000000000000b3c2       0x22 ./Core/Startup/startup_stm32f103c8tx.o
 .debug_info    0x000000000000b3e4      0x76a ./Drivers/STM32F1xx_HAL_Driver/Src/stm32f1xx_hal.o
 .debug_info    0x000000000000bb4e     0x107f ./Drivers/STM32F1xx_HAL_Driver/Src/stm32f1xx_hal_can.o
 .debug_info    0x000000000000cbcd      0xbdc ./Drivers/STM32F1xx_HAL_Driver/Src/stm32f1xx_hal_cortex.o
 .debug_info    0x000000000000d7a9      0x5f3 ./Drivers/STM32F1xx_HAL_Driver/Src/stm32f1xx_hal_flash.o
 .debug_info    0x000000000000dd9c      0x701 ./Drivers/STM32F1xx_HAL_Driver/Src/stm32f1xx_hal_gpio.o
 .debug_info    0x000000000000e49d      0x88e ./Drivers/STM32F1xx_HAL_Driver/Src/stm32f1xx_hal_rcc.o
 .debug_info    0x000000000000ed2b     0x2a45 ./Drivers/STM32F1xx_HAL_Driver/Src/stm32f1xx_hal_tim.o
 .debug_info    0x0000000000011770     0x14d5 ./Drivers/STM32F1xx_HAL_Driver/Src/stm32f1xx_hal_tim_ex.o
 .debug_info    0x0000000000012c45     0x161a ./Drivers/STM32F1xx_HAL_Driver/Src/stm32f1xx_hal_uart.o
 .debug_info    0x000000000001425f     0x11da ./Drivers/STM32F1xx_HAL_Driver/Src/stm32f1xx_hal_usart.o

.debug_abbrev   0x0000000000000000     0x3018
 .debug_abbrev  0x0000000000000000      0x349 ./Core/Src/CanBus.o
 .debug_abbrev  0x0000000000000349      0x244 ./Core/Src/MyDrict.o
 .debug_abbrev  0x000000000000058d      0x2c7 ./Core/Src/SubProg.o
 .debug_abbrev  0x0000000000000854      0x275 ./Core/Src/Uart.o
 .debug_abbrev  0x0000000000000ac9      0x1e4 ./Core/Src/Version.o
 .debug_abbrev  0x0000000000000cad      0x296 ./Core/Src/flash.o
 .debug_abbrev  0x0000000000000f43      0x3bd ./Core/Src/main.o
 .debug_abbrev  0x0000000000001300      0x248 ./Core/Src/stm32f1xx_hal_msp.o
 .debug_abbrev  0x0000000000001548      0x1e3 ./Core/Src/stm32f1xx_it.o
 .debug_abbrev  0x000000000000172b      0x14e ./Core/Src/system_stm32f1xx.o
 .debug_abbrev  0x0000000000001879       0x12 ./Core/Startup/startup_stm32f103c8tx.o
 .debug_abbrev  0x000000000000188b      0x1ed ./Drivers/STM32F1xx_HAL_Driver/Src/stm32f1xx_hal.o
 .debug_abbrev  0x0000000000001a78      0x235 ./Drivers/STM32F1xx_HAL_Driver/Src/stm32f1xx_hal_can.o
 .debug_abbrev  0x0000000000001cad      0x313 ./Drivers/STM32F1xx_HAL_Driver/Src/stm32f1xx_hal_cortex.o
 .debug_abbrev  0x0000000000001fc0      0x23e ./Drivers/STM32F1xx_HAL_Driver/Src/stm32f1xx_hal_flash.o
 .debug_abbrev  0x00000000000021fe      0x1e8 ./Drivers/STM32F1xx_HAL_Driver/Src/stm32f1xx_hal_gpio.o
 .debug_abbrev  0x00000000000023e6      0x273 ./Drivers/STM32F1xx_HAL_Driver/Src/stm32f1xx_hal_rcc.o
 .debug_abbrev  0x0000000000002659      0x25e ./Drivers/STM32F1xx_HAL_Driver/Src/stm32f1xx_hal_tim.o
 .debug_abbrev  0x00000000000028b7      0x266 ./Drivers/STM32F1xx_HAL_Driver/Src/stm32f1xx_hal_tim_ex.o
 .debug_abbrev  0x0000000000002b1d      0x28b ./Drivers/STM32F1xx_HAL_Driver/Src/stm32f1xx_hal_uart.o
 .debug_abbrev  0x0000000000002da8      0x270 ./Drivers/STM32F1xx_HAL_Driver/Src/stm32f1xx_hal_usart.o

.debug_aranges  0x0000000000000000     0x1100
 .debug_aranges
                0x0000000000000000       0xc0 ./Core/Src/CanBus.o
 .debug_aranges
                0x00000000000000c0       0x30 ./Core/Src/MyDrict.o
 .debug_aranges
                0x00000000000000f0       0x50 ./Core/Src/SubProg.o
 .debug_aranges
                0x0000000000000140       0x38 ./Core/Src/Uart.o
 .debug_aranges
                0x0000000000000178       0x18 ./Core/Src/Version.o
 .debug_aranges
                0x0000000000000190       0x70 ./Core/Src/flash.o
 .debug_aranges
                0x0000000000000200       0x80 ./Core/Src/main.o
 .debug_aranges
                0x0000000000000280       0x60 ./Core/Src/stm32f1xx_hal_msp.o
 .debug_aranges
                0x00000000000002e0       0x98 ./Core/Src/stm32f1xx_it.o
 .debug_aranges
                0x0000000000000378       0x28 ./Core/Src/system_stm32f1xx.o
 .debug_aranges
                0x00000000000003a0       0x28 ./Core/Startup/startup_stm32f103c8tx.o
 .debug_aranges
                0x00000000000003c8       0xe0 ./Drivers/STM32F1xx_HAL_Driver/Src/stm32f1xx_hal.o
 .debug_aranges
                0x00000000000004a8      0x138 ./Drivers/STM32F1xx_HAL_Driver/Src/stm32f1xx_hal_can.o
 .debug_aranges
                0x00000000000005e0      0x100 ./Drivers/STM32F1xx_HAL_Driver/Src/stm32f1xx_hal_cortex.o
 .debug_aranges
                0x00000000000006e0       0x88 ./Drivers/STM32F1xx_HAL_Driver/Src/stm32f1xx_hal_flash.o
 .debug_aranges
                0x0000000000000768       0x58 ./Drivers/STM32F1xx_HAL_Driver/Src/stm32f1xx_hal_gpio.o
 .debug_aranges
                0x00000000000007c0       0x90 ./Drivers/STM32F1xx_HAL_Driver/Src/stm32f1xx_hal_rcc.o
 .debug_aranges
                0x0000000000000850      0x3d0 ./Drivers/STM32F1xx_HAL_Driver/Src/stm32f1xx_hal_tim.o
 .debug_aranges
                0x0000000000000c20      0x168 ./Drivers/STM32F1xx_HAL_Driver/Src/stm32f1xx_hal_tim_ex.o
 .debug_aranges
                0x0000000000000d88      0x200 ./Drivers/STM32F1xx_HAL_Driver/Src/stm32f1xx_hal_uart.o
 .debug_aranges
                0x0000000000000f88      0x178 ./Drivers/STM32F1xx_HAL_Driver/Src/stm32f1xx_hal_usart.o

.debug_ranges   0x0000000000000000      0xff8
 .debug_ranges  0x0000000000000000       0xc8 ./Core/Src/CanBus.o
 .debug_ranges  0x00000000000000c8       0x20 ./Core/Src/MyDrict.o
 .debug_ranges  0x00000000000000e8       0x40 ./Core/Src/SubProg.o
 .debug_ranges  0x0000000000000128       0x28 ./Core/Src/Uart.o
 .debug_ranges  0x0000000000000150       0x60 ./Core/Src/flash.o
 .debug_ranges  0x00000000000001b0       0x70 ./Core/Src/main.o
 .debug_ranges  0x0000000000000220       0x50 ./Core/Src/stm32f1xx_hal_msp.o
 .debug_ranges  0x0000000000000270       0x88 ./Core/Src/stm32f1xx_it.o
 .debug_ranges  0x00000000000002f8       0x18 ./Core/Src/system_stm32f1xx.o
 .debug_ranges  0x0000000000000310       0x20 ./Core/Startup/startup_stm32f103c8tx.o
 .debug_ranges  0x0000000000000330       0xd0 ./Drivers/STM32F1xx_HAL_Driver/Src/stm32f1xx_hal.o
 .debug_ranges  0x0000000000000400      0x128 ./Drivers/STM32F1xx_HAL_Driver/Src/stm32f1xx_hal_can.o
 .debug_ranges  0x0000000000000528       0xf0 ./Drivers/STM32F1xx_HAL_Driver/Src/stm32f1xx_hal_cortex.o
 .debug_ranges  0x0000000000000618       0x78 ./Drivers/STM32F1xx_HAL_Driver/Src/stm32f1xx_hal_flash.o
 .debug_ranges  0x0000000000000690       0x48 ./Drivers/STM32F1xx_HAL_Driver/Src/stm32f1xx_hal_gpio.o
 .debug_ranges  0x00000000000006d8       0x80 ./Drivers/STM32F1xx_HAL_Driver/Src/stm32f1xx_hal_rcc.o
 .debug_ranges  0x0000000000000758      0x3c0 ./Drivers/STM32F1xx_HAL_Driver/Src/stm32f1xx_hal_tim.o
 .debug_ranges  0x0000000000000b18      0x158 ./Drivers/STM32F1xx_HAL_Driver/Src/stm32f1xx_hal_tim_ex.o
 .debug_ranges  0x0000000000000c70      0x220 ./Drivers/STM32F1xx_HAL_Driver/Src/stm32f1xx_hal_uart.o
 .debug_ranges  0x0000000000000e90      0x168 ./Drivers/STM32F1xx_HAL_Driver/Src/stm32f1xx_hal_usart.o

.debug_macro    0x0000000000000000    0x1ddbe
 .debug_macro   0x0000000000000000      0x30b ./Core/Src/CanBus.o
 .debug_macro   0x000000000000030b      0xa9c ./Core/Src/CanBus.o
 .debug_macro   0x0000000000000da7       0x22 ./Core/Src/CanBus.o
 .debug_macro   0x0000000000000dc9       0x8e ./Core/Src/CanBus.o
 .debug_macro   0x0000000000000e57       0x51 ./Core/Src/CanBus.o
 .debug_macro   0x0000000000000ea8      0x103 ./Core/Src/CanBus.o
 .debug_macro   0x0000000000000fab       0x6a ./Core/Src/CanBus.o
 .debug_macro   0x0000000000001015      0x1df ./Core/Src/CanBus.o
 .debug_macro   0x00000000000011f4     0x4241 ./Core/Src/CanBus.o
 .debug_macro   0x0000000000005435       0x76 ./Core/Src/CanBus.o
 .debug_macro   0x00000000000054ab      0x227 ./Core/Src/CanBus.o
 .debug_macro   0x00000000000056d2       0x2e ./Core/Src/CanBus.o
 .debug_macro   0x0000000000005700       0x22 ./Core/Src/CanBus.o
 .debug_macro   0x0000000000005722       0x1c ./Core/Src/CanBus.o
 .debug_macro   0x000000000000573e       0x22 ./Core/Src/CanBus.o
 .debug_macro   0x0000000000005760       0xc3 ./Core/Src/CanBus.o
 .debug_macro   0x0000000000005823      0xd23 ./Core/Src/CanBus.o
 .debug_macro   0x0000000000006546     0xe09e ./Core/Src/CanBus.o
 .debug_macro   0x00000000000145e4       0x6d ./Core/Src/CanBus.o
 .debug_macro   0x0000000000014651     0x3468 ./Core/Src/CanBus.o
 .debug_macro   0x0000000000017ab9      0x174 ./Core/Src/CanBus.o
 .debug_macro   0x0000000000017c2d       0x5c ./Core/Src/CanBus.o
 .debug_macro   0x0000000000017c89      0x5be ./Core/Src/CanBus.o
 .debug_macro   0x0000000000018247      0x289 ./Core/Src/CanBus.o
 .debug_macro   0x00000000000184d0      0x1cb ./Core/Src/CanBus.o
 .debug_macro   0x000000000001869b      0x114 ./Core/Src/CanBus.o
 .debug_macro   0x00000000000187af      0x1b2 ./Core/Src/CanBus.o
 .debug_macro   0x0000000000018961       0x27 ./Core/Src/CanBus.o
 .debug_macro   0x0000000000018988      0x136 ./Core/Src/CanBus.o
 .debug_macro   0x0000000000018abe      0x1bc ./Core/Src/CanBus.o
 .debug_macro   0x0000000000018c7a       0x34 ./Core/Src/CanBus.o
 .debug_macro   0x0000000000018cae       0x3c ./Core/Src/CanBus.o
 .debug_macro   0x0000000000018cea      0x408 ./Core/Src/CanBus.o
 .debug_macro   0x00000000000190f2       0x57 ./Core/Src/CanBus.o
 .debug_macro   0x0000000000019149       0x88 ./Core/Src/CanBus.o
 .debug_macro   0x00000000000191d1      0x241 ./Core/Src/CanBus.o
 .debug_macro   0x0000000000019412      0x141 ./Core/Src/CanBus.o
 .debug_macro   0x0000000000019553      0x8d1 ./Core/Src/CanBus.o
 .debug_macro   0x0000000000019e24      0x279 ./Core/Src/CanBus.o
 .debug_macro   0x000000000001a09d      0x217 ./Core/Src/CanBus.o
 .debug_macro   0x000000000001a2b4       0x83 ./Core/Src/CanBus.o
 .debug_macro   0x000000000001a337      0x12a ./Core/Src/CanBus.o
 .debug_macro   0x000000000001a461      0x166 ./Core/Src/CanBus.o
 .debug_macro   0x000000000001a5c7       0x82 ./Core/Src/CanBus.o
 .debug_macro   0x000000000001a649       0x64 ./Core/Src/CanBus.o
 .debug_macro   0x000000000001a6ad       0x2e ./Core/Src/CanBus.o
 .debug_macro   0x000000000001a6db       0x5e ./Core/Src/CanBus.o
 .debug_macro   0x000000000001a739       0x52 ./Core/Src/CanBus.o
 .debug_macro   0x000000000001a78b       0x18 ./Core/Src/CanBus.o
 .debug_macro   0x000000000001a7a3       0x3c ./Core/Src/CanBus.o
 .debug_macro   0x000000000001a7df       0x34 ./Core/Src/CanBus.o
 .debug_macro   0x000000000001a813       0x16 ./Core/Src/CanBus.o
 .debug_macro   0x000000000001a829       0x43 ./Core/Src/CanBus.o
 .debug_macro   0x000000000001a86c       0x34 ./Core/Src/CanBus.o
 .debug_macro   0x000000000001a8a0       0x10 ./Core/Src/CanBus.o
 .debug_macro   0x000000000001a8b0       0x58 ./Core/Src/CanBus.o
 .debug_macro   0x000000000001a908       0x71 ./Core/Src/CanBus.o
 .debug_macro   0x000000000001a979       0x1c ./Core/Src/CanBus.o
 .debug_macro   0x000000000001a995      0x12a ./Core/Src/CanBus.o
 .debug_macro   0x000000000001aabf      0x333 ./Core/Src/CanBus.o
 .debug_macro   0x000000000001adf2       0x10 ./Core/Src/CanBus.o
 .debug_macro   0x000000000001ae02       0x35 ./Core/Src/CanBus.o
 .debug_macro   0x000000000001ae37       0x20 ./Core/Src/CanBus.o
 .debug_macro   0x000000000001ae57      0x305 ./Core/Src/MyDrict.o
 .debug_macro   0x000000000001b15c      0x30b ./Core/Src/SubProg.o
 .debug_macro   0x000000000001b467      0x30b ./Core/Src/Uart.o
 .debug_macro   0x000000000001b772      0x305 ./Core/Src/Version.o
 .debug_macro   0x000000000001ba77      0x359 ./Core/Src/flash.o
 .debug_macro   0x000000000001bdd0       0x1c ./Core/Src/flash.o
 .debug_macro   0x000000000001bdec       0x10 ./Core/Src/flash.o
 .debug_macro   0x000000000001bdfc       0x10 ./Core/Src/flash.o
 .debug_macro   0x000000000001be0c       0x1c ./Core/Src/flash.o
 .debug_macro   0x000000000001be28       0x52 ./Core/Src/flash.o
 .debug_macro   0x000000000001be7a       0x22 ./Core/Src/flash.o
 .debug_macro   0x000000000001be9c       0x10 ./Core/Src/flash.o
 .debug_macro   0x000000000001beac       0x40 ./Core/Src/flash.o
 .debug_macro   0x000000000001beec       0xd5 ./Core/Src/flash.o
 .debug_macro   0x000000000001bfc1       0x1c ./Core/Src/flash.o
 .debug_macro   0x000000000001bfdd       0x3d ./Core/Src/flash.o
 .debug_macro   0x000000000001c01a       0x16 ./Core/Src/flash.o
 .debug_macro   0x000000000001c030      0x145 ./Core/Src/flash.o
 .debug_macro   0x000000000001c175      0x130 ./Core/Src/flash.o
 .debug_macro   0x000000000001c2a5      0x3ec ./Core/Src/main.o
 .debug_macro   0x000000000001c691      0x1c6 ./Core/Src/stm32f1xx_hal_msp.o
 .debug_macro   0x000000000001c857      0x1d0 ./Core/Src/stm32f1xx_it.o
 .debug_macro   0x000000000001ca27      0x1b7 ./Core/Src/system_stm32f1xx.o
 .debug_macro   0x000000000001cbde      0x1db ./Drivers/STM32F1xx_HAL_Driver/Src/stm32f1xx_hal.o
 .debug_macro   0x000000000001cdb9      0x1bf ./Drivers/STM32F1xx_HAL_Driver/Src/stm32f1xx_hal_can.o
 .debug_macro   0x000000000001cf78      0x1b7 ./Drivers/STM32F1xx_HAL_Driver/Src/stm32f1xx_hal_cortex.o
 .debug_macro   0x000000000001d12f      0x1b7 ./Drivers/STM32F1xx_HAL_Driver/Src/stm32f1xx_hal_flash.o
 .debug_macro   0x000000000001d2e6      0x222 ./Drivers/STM32F1xx_HAL_Driver/Src/stm32f1xx_hal_gpio.o
 .debug_macro   0x000000000001d508      0x1c9 ./Drivers/STM32F1xx_HAL_Driver/Src/stm32f1xx_hal_rcc.o
 .debug_macro   0x000000000001d6d1      0x1b8 ./Drivers/STM32F1xx_HAL_Driver/Src/stm32f1xx_hal_tim.o
 .debug_macro   0x000000000001d889      0x1b7 ./Drivers/STM32F1xx_HAL_Driver/Src/stm32f1xx_hal_tim_ex.o
 .debug_macro   0x000000000001da40      0x1b8 ./Drivers/STM32F1xx_HAL_Driver/Src/stm32f1xx_hal_uart.o
 .debug_macro   0x000000000001dbf8      0x1c6 ./Drivers/STM32F1xx_HAL_Driver/Src/stm32f1xx_hal_usart.o

.debug_line     0x0000000000000000    0x144dc
 .debug_line    0x0000000000000000     0x1b7b ./Core/Src/CanBus.o
 .debug_line    0x0000000000001b7b      0xaff ./Core/Src/MyDrict.o
 .debug_line    0x000000000000267a      0xf8b ./Core/Src/SubProg.o
 .debug_line    0x0000000000003605      0xa0c ./Core/Src/Uart.o
 .debug_line    0x0000000000004011      0x87f ./Core/Src/Version.o
 .debug_line    0x0000000000004890      0xbcc ./Core/Src/flash.o
 .debug_line    0x000000000000545c     0x1374 ./Core/Src/main.o
 .debug_line    0x00000000000067d0      0x814 ./Core/Src/stm32f1xx_hal_msp.o
 .debug_line    0x0000000000006fe4      0x817 ./Core/Src/stm32f1xx_it.o
 .debug_line    0x00000000000077fb      0x72b ./Core/Src/system_stm32f1xx.o
 .debug_line    0x0000000000007f26       0x87 ./Core/Startup/startup_stm32f103c8tx.o
 .debug_line    0x0000000000007fad      0x958 ./Drivers/STM32F1xx_HAL_Driver/Src/stm32f1xx_hal.o
 .debug_line    0x0000000000008905     0x10f9 ./Drivers/STM32F1xx_HAL_Driver/Src/stm32f1xx_hal_can.o
 .debug_line    0x00000000000099fe      0xb40 ./Drivers/STM32F1xx_HAL_Driver/Src/stm32f1xx_hal_cortex.o
 .debug_line    0x000000000000a53e      0xa35 ./Drivers/STM32F1xx_HAL_Driver/Src/stm32f1xx_hal_flash.o
 .debug_line    0x000000000000af73      0x9ef ./Drivers/STM32F1xx_HAL_Driver/Src/stm32f1xx_hal_gpio.o
 .debug_line    0x000000000000b962      0xd66 ./Drivers/STM32F1xx_HAL_Driver/Src/stm32f1xx_hal_rcc.o
 .debug_line    0x000000000000c6c8     0x3301 ./Drivers/STM32F1xx_HAL_Driver/Src/stm32f1xx_hal_tim.o
 .debug_line    0x000000000000f9c9     0x1880 ./Drivers/STM32F1xx_HAL_Driver/Src/stm32f1xx_hal_tim_ex.o
 .debug_line    0x0000000000011249     0x1a33 ./Drivers/STM32F1xx_HAL_Driver/Src/stm32f1xx_hal_uart.o
 .debug_line    0x0000000000012c7c     0x1860 ./Drivers/STM32F1xx_HAL_Driver/Src/stm32f1xx_hal_usart.o

.debug_str      0x0000000000000000    0x9c5d6
 .debug_str     0x0000000000000000    0x97585 ./Core/Src/CanBus.o
                                      0x97a48 (size before relaxing)
 .debug_str     0x0000000000097585       0x4f ./Core/Src/MyDrict.o
                                      0x97408 (size before relaxing)
 .debug_str     0x00000000000975d4       0xe5 ./Core/Src/SubProg.o
                                      0x9746f (size before relaxing)
 .debug_str     0x00000000000976b9       0x76 ./Core/Src/Uart.o
                                      0x97405 (size before relaxing)
 .debug_str     0x000000000009772f       0x16 ./Core/Src/Version.o
                                      0x973a0 (size before relaxing)
 .debug_str     0x0000000000097745     0x1035 ./Core/Src/flash.o
                                      0x8b2e3 (size before relaxing)
 .debug_str     0x000000000009877a      0xb6f ./Core/Src/main.o
                                      0x991e0 (size before relaxing)
 .debug_str     0x00000000000992e9      0x363 ./Core/Src/stm32f1xx_hal_msp.o
                                      0x87efe (size before relaxing)
 .debug_str     0x000000000009964c       0xf5 ./Core/Src/stm32f1xx_it.o
                                      0x878e8 (size before relaxing)
 .debug_str     0x0000000000099741       0x52 ./Core/Src/system_stm32f1xx.o
                                      0x86c25 (size before relaxing)
 .debug_str     0x0000000000099793       0x36 ./Core/Startup/startup_stm32f103c8tx.o
                                         0x68 (size before relaxing)
 .debug_str     0x00000000000997c9      0x2e4 ./Drivers/STM32F1xx_HAL_Driver/Src/stm32f1xx_hal.o
                                      0x872b6 (size before relaxing)
 .debug_str     0x0000000000099aad      0x3a8 ./Drivers/STM32F1xx_HAL_Driver/Src/stm32f1xx_hal_can.o
                                      0x87445 (size before relaxing)
 .debug_str     0x0000000000099e55      0x2d8 ./Drivers/STM32F1xx_HAL_Driver/Src/stm32f1xx_hal_cortex.o
                                      0x872be (size before relaxing)
 .debug_str     0x000000000009a12d      0x280 ./Drivers/STM32F1xx_HAL_Driver/Src/stm32f1xx_hal_flash.o
                                      0x86efb (size before relaxing)
 .debug_str     0x000000000009a3ad      0x31f ./Drivers/STM32F1xx_HAL_Driver/Src/stm32f1xx_hal_gpio.o
                                      0x86fe9 (size before relaxing)
 .debug_str     0x000000000009a6cc      0x24f ./Drivers/STM32F1xx_HAL_Driver/Src/stm32f1xx_hal_rcc.o
                                      0x87022 (size before relaxing)
 .debug_str     0x000000000009a91b      0xdce ./Drivers/STM32F1xx_HAL_Driver/Src/stm32f1xx_hal_tim.o
                                      0x87ff4 (size before relaxing)
 .debug_str     0x000000000009b6e9      0x4ee ./Drivers/STM32F1xx_HAL_Driver/Src/stm32f1xx_hal_tim_ex.o
                                      0x877a5 (size before relaxing)
 .debug_str     0x000000000009bbd7      0x5ed ./Drivers/STM32F1xx_HAL_Driver/Src/stm32f1xx_hal_uart.o
                                      0x87614 (size before relaxing)
 .debug_str     0x000000000009c1c4      0x412 ./Drivers/STM32F1xx_HAL_Driver/Src/stm32f1xx_hal_usart.o
                                      0x8747f (size before relaxing)

.comment        0x0000000000000000       0x53
 .comment       0x0000000000000000       0x53 ./Core/Src/CanBus.o
                                         0x54 (size before relaxing)
 .comment       0x0000000000000053       0x54 ./Core/Src/MyDrict.o
 .comment       0x0000000000000053       0x54 ./Core/Src/SubProg.o
 .comment       0x0000000000000053       0x54 ./Core/Src/Uart.o
 .comment       0x0000000000000053       0x54 ./Core/Src/Version.o
 .comment       0x0000000000000053       0x54 ./Core/Src/flash.o
 .comment       0x0000000000000053       0x54 ./Core/Src/main.o
 .comment       0x0000000000000053       0x54 ./Core/Src/stm32f1xx_hal_msp.o
 .comment       0x0000000000000053       0x54 ./Core/Src/stm32f1xx_it.o
 .comment       0x0000000000000053       0x54 ./Core/Src/system_stm32f1xx.o
 .comment       0x0000000000000053       0x54 ./Drivers/STM32F1xx_HAL_Driver/Src/stm32f1xx_hal.o
 .comment       0x0000000000000053       0x54 ./Drivers/STM32F1xx_HAL_Driver/Src/stm32f1xx_hal_can.o
 .comment       0x0000000000000053       0x54 ./Drivers/STM32F1xx_HAL_Driver/Src/stm32f1xx_hal_cortex.o
 .comment       0x0000000000000053       0x54 ./Drivers/STM32F1xx_HAL_Driver/Src/stm32f1xx_hal_flash.o
 .comment       0x0000000000000053       0x54 ./Drivers/STM32F1xx_HAL_Driver/Src/stm32f1xx_hal_gpio.o
 .comment       0x0000000000000053       0x54 ./Drivers/STM32F1xx_HAL_Driver/Src/stm32f1xx_hal_rcc.o
 .comment       0x0000000000000053       0x54 ./Drivers/STM32F1xx_HAL_Driver/Src/stm32f1xx_hal_tim.o
 .comment       0x0000000000000053       0x54 ./Drivers/STM32F1xx_HAL_Driver/Src/stm32f1xx_hal_tim_ex.o
 .comment       0x0000000000000053       0x54 ./Drivers/STM32F1xx_HAL_Driver/Src/stm32f1xx_hal_uart.o
 .comment       0x0000000000000053       0x54 ./Drivers/STM32F1xx_HAL_Driver/Src/stm32f1xx_hal_usart.o

.debug_frame    0x0000000000000000     0x46b0
 .debug_frame   0x0000000000000000      0x31c ./Core/Src/CanBus.o
 .debug_frame   0x000000000000031c       0x88 ./Core/Src/MyDrict.o
 .debug_frame   0x00000000000003a4      0x114 ./Core/Src/SubProg.o
 .debug_frame   0x00000000000004b8       0xa4 ./Core/Src/Uart.o
 .debug_frame   0x000000000000055c      0x198 ./Core/Src/flash.o
 .debug_frame   0x00000000000006f4      0x1c0 ./Core/Src/main.o
 .debug_frame   0x00000000000008b4      0x158 ./Core/Src/stm32f1xx_hal_msp.o
 .debug_frame   0x0000000000000a0c      0x1c8 ./Core/Src/stm32f1xx_it.o
 .debug_frame   0x0000000000000bd4       0x58 ./Core/Src/system_stm32f1xx.o
 .debug_frame   0x0000000000000c2c      0x334 ./Drivers/STM32F1xx_HAL_Driver/Src/stm32f1xx_hal.o
 .debug_frame   0x0000000000000f60      0x5a0 ./Drivers/STM32F1xx_HAL_Driver/Src/stm32f1xx_hal_can.o
 .debug_frame   0x0000000000001500      0x428 ./Drivers/STM32F1xx_HAL_Driver/Src/stm32f1xx_hal_cortex.o
 .debug_frame   0x0000000000001928      0x20c ./Drivers/STM32F1xx_HAL_Driver/Src/stm32f1xx_hal_flash.o
 .debug_frame   0x0000000000001b34      0x14c ./Drivers/STM32F1xx_HAL_Driver/Src/stm32f1xx_hal_gpio.o
 .debug_frame   0x0000000000001c80      0x21c ./Drivers/STM32F1xx_HAL_Driver/Src/stm32f1xx_hal_rcc.o
 .debug_frame   0x0000000000001e9c     0x11b8 ./Drivers/STM32F1xx_HAL_Driver/Src/stm32f1xx_hal_tim.o
 .debug_frame   0x0000000000003054      0x638 ./Drivers/STM32F1xx_HAL_Driver/Src/stm32f1xx_hal_tim_ex.o
 .debug_frame   0x000000000000368c      0x914 ./Drivers/STM32F1xx_HAL_Driver/Src/stm32f1xx_hal_uart.o
 .debug_frame   0x0000000000003fa0      0x69c ./Drivers/STM32F1xx_HAL_Driver/Src/stm32f1xx_hal_usart.o
 .debug_frame   0x000000000000463c       0x2c c:/st/stm32cubeide_1.6.1/stm32cubeide/plugins/com.st.stm32cube.ide.mcu.externaltools.gnu-tools-for-stm32.9-2020-q2-update.win32_2.0.0.202105311346/tools/bin/../lib/gcc/arm-none-eabi/9.3.1/../../../../arm-none-eabi/lib/thumb/v7-m/nofp\libc_nano.a(lib_a-init.o)
 .debug_frame   0x0000000000004668       0x28 c:/st/stm32cubeide_1.6.1/stm32cubeide/plugins/com.st.stm32cube.ide.mcu.externaltools.gnu-tools-for-stm32.9-2020-q2-update.win32_2.0.0.202105311346/tools/bin/../lib/gcc/arm-none-eabi/9.3.1/../../../../arm-none-eabi/lib/thumb/v7-m/nofp\libc_nano.a(lib_a-memcpy-stub.o)
 .debug_frame   0x0000000000004690       0x20 c:/st/stm32cubeide_1.6.1/stm32cubeide/plugins/com.st.stm32cube.ide.mcu.externaltools.gnu-tools-for-stm32.9-2020-q2-update.win32_2.0.0.202105311346/tools/bin/../lib/gcc/arm-none-eabi/9.3.1/../../../../arm-none-eabi/lib/thumb/v7-m/nofp\libc_nano.a(lib_a-memset.o)
