Archive member included to satisfy reference by file (symbol)

c:/st/stm32cubeide_1.6.1/stm32cubeide/plugins/com.st.stm32cube.ide.mcu.externaltools.gnu-tools-for-stm32.9-2020-q2-update.win32_2.0.0.202105311346/tools/bin/../lib/gcc/arm-none-eabi/9.3.1/../../../../arm-none-eabi/lib/thumb/v7-m/nofp\libc_nano.a(lib_a-errno.o)
                              ./Core/Src/syscalls.o (__errno)
c:/st/stm32cubeide_1.6.1/stm32cubeide/plugins/com.st.stm32cube.ide.mcu.externaltools.gnu-tools-for-stm32.9-2020-q2-update.win32_2.0.0.202105311346/tools/bin/../lib/gcc/arm-none-eabi/9.3.1/../../../../arm-none-eabi/lib/thumb/v7-m/nofp\libc_nano.a(lib_a-exit.o)
                              c:/st/stm32cubeide_1.6.1/stm32cubeide/plugins/com.st.stm32cube.ide.mcu.externaltools.gnu-tools-for-stm32.9-2020-q2-update.win32_2.0.0.202105311346/tools/bin/../lib/gcc/arm-none-eabi/9.3.1/../../../../arm-none-eabi/lib/thumb/v7-m/nofp/crt0.o (exit)
c:/st/stm32cubeide_1.6.1/stm32cubeide/plugins/com.st.stm32cube.ide.mcu.externaltools.gnu-tools-for-stm32.9-2020-q2-update.win32_2.0.0.202105311346/tools/bin/../lib/gcc/arm-none-eabi/9.3.1/../../../../arm-none-eabi/lib/thumb/v7-m/nofp\libc_nano.a(lib_a-impure.o)
                              c:/st/stm32cubeide_1.6.1/stm32cubeide/plugins/com.st.stm32cube.ide.mcu.externaltools.gnu-tools-for-stm32.9-2020-q2-update.win32_2.0.0.202105311346/tools/bin/../lib/gcc/arm-none-eabi/9.3.1/../../../../arm-none-eabi/lib/thumb/v7-m/nofp\libc_nano.a(lib_a-exit.o) (_global_impure_ptr)
c:/st/stm32cubeide_1.6.1/stm32cubeide/plugins/com.st.stm32cube.ide.mcu.externaltools.gnu-tools-for-stm32.9-2020-q2-update.win32_2.0.0.202105311346/tools/bin/../lib/gcc/arm-none-eabi/9.3.1/../../../../arm-none-eabi/lib/thumb/v7-m/nofp\libc_nano.a(lib_a-init.o)
                              c:/st/stm32cubeide_1.6.1/stm32cubeide/plugins/com.st.stm32cube.ide.mcu.externaltools.gnu-tools-for-stm32.9-2020-q2-update.win32_2.0.0.202105311346/tools/bin/../lib/gcc/arm-none-eabi/9.3.1/../../../../arm-none-eabi/lib/thumb/v7-m/nofp/crt0.o (__libc_init_array)
c:/st/stm32cubeide_1.6.1/stm32cubeide/plugins/com.st.stm32cube.ide.mcu.externaltools.gnu-tools-for-stm32.9-2020-q2-update.win32_2.0.0.202105311346/tools/bin/../lib/gcc/arm-none-eabi/9.3.1/../../../../arm-none-eabi/lib/thumb/v7-m/nofp\libc_nano.a(lib_a-memcpy-stub.o)
                              ./Core/Src/CanBus.o (memcpy)
c:/st/stm32cubeide_1.6.1/stm32cubeide/plugins/com.st.stm32cube.ide.mcu.externaltools.gnu-tools-for-stm32.9-2020-q2-update.win32_2.0.0.202105311346/tools/bin/../lib/gcc/arm-none-eabi/9.3.1/../../../../arm-none-eabi/lib/thumb/v7-m/nofp\libc_nano.a(lib_a-memset.o)
                              c:/st/stm32cubeide_1.6.1/stm32cubeide/plugins/com.st.stm32cube.ide.mcu.externaltools.gnu-tools-for-stm32.9-2020-q2-update.win32_2.0.0.202105311346/tools/bin/../lib/gcc/arm-none-eabi/9.3.1/../../../../arm-none-eabi/lib/thumb/v7-m/nofp/crt0.o (memset)
c:/st/stm32cubeide_1.6.1/stm32cubeide/plugins/com.st.stm32cube.ide.mcu.externaltools.gnu-tools-for-stm32.9-2020-q2-update.win32_2.0.0.202105311346/tools/bin/../lib/gcc/arm-none-eabi/9.3.1/../../../../arm-none-eabi/lib/thumb/v7-m/nofp\libc_nano.a(lib_a-sprintf.o)
                              ./Core/Src/flash.o (sprintf)
c:/st/stm32cubeide_1.6.1/stm32cubeide/plugins/com.st.stm32cube.ide.mcu.externaltools.gnu-tools-for-stm32.9-2020-q2-update.win32_2.0.0.202105311346/tools/bin/../lib/gcc/arm-none-eabi/9.3.1/../../../../arm-none-eabi/lib/thumb/v7-m/nofp\libc_nano.a(lib_a-strlen.o)
                              ./Core/Src/flash.o (strlen)
c:/st/stm32cubeide_1.6.1/stm32cubeide/plugins/com.st.stm32cube.ide.mcu.externaltools.gnu-tools-for-stm32.9-2020-q2-update.win32_2.0.0.202105311346/tools/bin/../lib/gcc/arm-none-eabi/9.3.1/../../../../arm-none-eabi/lib/thumb/v7-m/nofp\libc_nano.a(lib_a-nano-svfprintf.o)
                              c:/st/stm32cubeide_1.6.1/stm32cubeide/plugins/com.st.stm32cube.ide.mcu.externaltools.gnu-tools-for-stm32.9-2020-q2-update.win32_2.0.0.202105311346/tools/bin/../lib/gcc/arm-none-eabi/9.3.1/../../../../arm-none-eabi/lib/thumb/v7-m/nofp\libc_nano.a(lib_a-sprintf.o) (_svfprintf_r)
c:/st/stm32cubeide_1.6.1/stm32cubeide/plugins/com.st.stm32cube.ide.mcu.externaltools.gnu-tools-for-stm32.9-2020-q2-update.win32_2.0.0.202105311346/tools/bin/../lib/gcc/arm-none-eabi/9.3.1/../../../../arm-none-eabi/lib/thumb/v7-m/nofp\libc_nano.a(lib_a-nano-vfprintf_i.o)
                              c:/st/stm32cubeide_1.6.1/stm32cubeide/plugins/com.st.stm32cube.ide.mcu.externaltools.gnu-tools-for-stm32.9-2020-q2-update.win32_2.0.0.202105311346/tools/bin/../lib/gcc/arm-none-eabi/9.3.1/../../../../arm-none-eabi/lib/thumb/v7-m/nofp\libc_nano.a(lib_a-nano-svfprintf.o) (_printf_i)
c:/st/stm32cubeide_1.6.1/stm32cubeide/plugins/com.st.stm32cube.ide.mcu.externaltools.gnu-tools-for-stm32.9-2020-q2-update.win32_2.0.0.202105311346/tools/bin/../lib/gcc/arm-none-eabi/9.3.1/../../../../arm-none-eabi/lib/thumb/v7-m/nofp\libc_nano.a(lib_a-memchr-stub.o)
[...]
Memory Configuration

Name             Origin             Length             Attributes
RAM              0x0000000020000000 0x0000000000005000 xrw
FLASH            0x0000000008000000 0x0000000000010000 xr
*default*        0x0000000000000000 0xffffffffffffffff

Linker script and memory map

LOAD c:/st/stm32cubeide_1.6.1/stm32cubeide/plugins/com.st.stm32cube.ide.mcu.externaltools.gnu-tools-for-stm32.9-2020-q2-update.win32_2.0.0.202105311346/tools/bin/../lib/gcc/arm-none-eabi/9.3.1/thumb/v7-m/nofp/crti.o
LOAD c:/st/stm32cubeide_1.6.1/stm32cubeide/plugins/com.st.stm32cube.ide.mcu.externaltools.gnu-tools-for-stm32.9-2020-q2-update.win32_2.0.0.202105311346/tools/bin/../lib/gcc/arm-none-eabi/9.3.1/thumb/v7-m/nofp/crtbegin.o
LOAD c:/st/stm32cubeide_1.6.1/stm32cubeide/plugins/com.st.stm32cube.ide.mcu.externaltools.gnu-tools-for-stm32.9-2020-q2-update.win32_2.0.0.202105311346/tools/bin/../lib/gcc/arm-none-eabi/9.3.1/../../../../arm-none-eabi/lib/thumb/v7-m/nofp/crt0.o
LOAD ./Core/Src/CanBus.o
LOAD ./Core/Src/Init.o
LOAD ./Core/Src/MyDrict.o
LOAD ./Core/Src/OLd_Main.o
LOAD ./Core/Src/SubProg.o
LOAD ./Core/Src/Uart.o
LOAD ./Core/Src/Version.o
LOAD ./Core/Src/flash.o
LOAD ./Core/Src/main.o
LOAD ./Core/Src/stm32f1xx_hal_msp.o
LOAD ./Core/Src/stm32f1xx_it.o
LOAD ./Core/Src/syscalls.o
LOAD ./Core/Src/sysmem.o
LOAD ./Core/Src/system_stm32f1xx.o
LOAD ./Core/Startup/startup_stm32f103c8tx.o
LOAD ./Drivers/STM32F1xx_HAL_Driver/Src/stm32f1xx_hal.o
LOAD ./Drivers/STM32F1xx_HAL_Driver/Src/stm32f1xx_hal_can.o
LOAD ./Drivers/STM32F1xx_HAL_Driver/Src/stm32f1xx_hal_cortex.o
LOAD ./Drivers/STM32F1xx_HAL_Driver/Src/stm32f1xx_hal_dma.o
LOAD ./Drivers/STM32F1xx_HAL_Driver/Src/stm32f1xx_hal_exti.o
LOAD ./Drivers/STM32F1xx_HAL_Driver/Src/stm32f1xx_hal_flash.o
LOAD ./Drivers/STM32F1xx_HAL_Driver/Src/stm32f1xx_hal_flash_ex.o
LOAD ./Drivers/STM32F1xx_HAL_Driver/Src/stm32f1xx_hal_gpio.o
LOAD ./Drivers/STM32F1xx_HAL_Driver/Src/stm32f1xx_hal_gpio_ex.o
LOAD ./Drivers/STM32F1xx_HAL_Driver/Src/stm32f1xx_hal_iwdg.o
LOAD ./Drivers/STM32F1xx_HAL_Driver/Src/stm32f1xx_hal_pwr.o
LOAD ./Drivers/STM32F1xx_HAL_Driver/Src/stm32f1xx_hal_rcc.o
LOAD ./Drivers/STM32F1xx_HAL_Driver/Src/stm32f1xx_hal_rcc_ex.o
LOAD ./Drivers/STM32F1xx_HAL_Driver/Src/stm32f1xx_hal_tim.o
LOAD ./Drivers/STM32F1xx_HAL_Driver/Src/stm32f1xx_hal_tim_ex.o
LOAD ./Drivers/STM32F1xx_HAL_Driver/Src/stm32f1xx_hal_uart.o
LOAD ./Drivers/STM32F1xx_HAL_Driver/Src/stm32f1xx_hal_wwdg.o
START GROUP
LOAD c:/st/stm32cubeide_1.6.1/stm32cubeide/plugins/com.st.stm32cube.ide.mcu.externaltools.gnu-tools-for-stm32.9-2020-q2-update.win32_2.0.0.202105311346/tools/bin/../lib/gcc/arm-none-eabi/9.3.1/../../../../arm-none-eabi/lib/thumb/v7-m/nofp\libc_nano.a
LOAD c:/st/stm32cubeide_1.6.1/stm32cubeide/plugins/com.st.stm32cube.ide.mcu.externaltools.gnu-tools-for-stm32.9-2020-q2-update.win32_2.0.0.202105311346/tools/bin/../lib/gcc/arm-none-eabi/9.3.1/../../../../arm-none-eabi/lib/thumb/v7-m/nofp\libm.a
END GROUP
START GROUP
LOAD c:/st/stm32cubeide_1.6.1/stm32cubeide/plugins/com.st.stm32cube.ide.mcu.externaltools.gnu-tools-for-stm32.9-2020-q2-update.win32_2.0.0.202105311346/tools/bin/../lib/gcc/arm-none-eabi/9.3.1/thumb/v7-m/nofp\libgcc.a
LOAD c:/st/stm32cubeide_1.6.1/stm32cubeide/plugins/com.st.stm32cube.ide.mcu.externaltools.gnu-tools-for-stm32.9-2020-q2-update.win32_2.0.0.202105311346/tools/bin/../lib/gcc/arm-none-eabi/9.3.1/../../../../arm-none-eabi/lib/thumb/v7-m/nofp\libc_nano.a
END GROUP
START GROUP
LOAD c:/st/stm32cubeide_1.6.1/stm32cubeide/plugins/com.st.stm32cube.ide.mcu.externaltools.gnu-tools-for-stm32.9-2020-q2-update.win32_2.0.0.202105311346/tools/bin/../lib/gcc/arm-none-eabi/9.3.1/thumb/v7-m/nofp\libgcc.a
LOAD c:/st/stm32cubeide_1.6.1/stm32cubeide/plugins/com.st.stm32cube.ide.mcu.externaltools.gnu-tools-for-stm32.9-2020-q2-update.win32_2.0.0.202105311346/tools/bin/../lib/gcc/arm-none-eabi/9.3.1/../../../../arm-none-eabi/lib/thumb/v7-m/nofp\libc_nano.a
LOAD c:/st/stm32cubeide_1.6.1/stm32cubeide/plugins/com.st.stm32cube.ide.mcu.externaltools.gnu-tools-for-stm32.9-2020-q2-update.win32_2.0.0.202105311346/tools/bin/../lib/gcc/arm-none-eabi/9.3.1/../../../../arm-none-eabi/lib/thumb/v7-m/nofp\libnosys.a
END GROUP
START GROUP
LOAD c:/st/stm32cubeide_1.6.1/stm32cubeide/plugins/com.st.stm32cube.ide.mcu.externaltools.gnu-tools-for-stm32.9-2020-q2-update.win32_2.0.0.202105311346/tools/bin/../lib/gcc/arm-none-eabi/9.3.1/thumb/v7-m/nofp\libgcc.a
LOAD c:/st/stm32cubeide_1.6.1/stm32cubeide/plugins/com.st.stm32cube.ide.mcu.externaltools.gnu-tools-for-stm32.9-2020-q2-update.win32_2.0.0.202105311346/tools/bin/../lib/gcc/arm-none-eabi/9.3.1/../../../../arm-none-eabi/lib/thumb/v7-m/nofp\libc_nano.a
LOAD c:/st/stm32cubeide_1.6.1/stm32cubeide/plugins/com.st.stm32cube.ide.mcu.externaltools.gnu-tools-for-stm32.9-2020-q2-update.win32_2.0.0.202105311346/tools/bin/../lib/gcc/arm-none-eabi/9.3.1/../../../../arm-none-eabi/lib/thumb/v7-m/nofp\libnosys.a
END GROUP
LOAD c:/st/stm32cubeide_1.6.1/stm32cubeide/plugins/com.st.stm32cube.ide.mcu.externaltools.gnu-tools-for-stm32.9-2020-q2-update.win32_2.0.0.202105311346/tools/bin/../lib/gcc/arm-none-eabi/9.3.1/thumb/v7-m/nofp/crtend.o
LOAD c:/st/stm32cubeide_1.6.1/stm32cubeide/plugins/com.st.stm32cube.ide.mcu.externaltools.gnu-tools-for-stm32.9-2020-q2-update.win32_2.0.0.202105311346/tools/bin/../lib/gcc/arm-none-eabi/9.3.1/thumb/v7-m/nofp/crtn.o
                0x0000000020005000                _estack = (ORIGIN (RAM) + LENGTH (RAM))
                0x0000000000000200                _Min_Heap_Size = 0x200
                0x0000000000000400                _Min_Stack_Size = 0x400

.isr_vector     0x0000000008000000      0x10c
                0x0000000008000000                . = ALIGN (0x4)
 *(.isr_vector)
 .isr_vector    0x0000000008000000      0x10c ./Core/Startup/startup_stm32f103c8tx.o
                0x0000000008000000                g_pfnVectors
                0x000000000800010c                . = ALIGN (0x4)

.text           0x000000000800010c     0x7a7c
                0x000000000800010c                . = ALIGN (0x4)
 *(.text)
 .text          0x000000000800010c       0x40 c:/st/stm32cubeide_1.6.1/stm32cubeide/plugins/com.st.stm32cube.ide.mcu.externaltools.gnu-tools-for-stm32.9-2020-q2-update.win32_2.0.0.202105311346/tools/bin/../lib/gcc/arm-none-eabi/9.3.1/thumb/v7-m/nofp/crtbegin.o
 *(.text*)
 .text.HAL_CAN_RxFifo1MsgPendingCallback
                0x000000000800014c      0x138 ./Core/Src/CanBus.o
                0x000000000800014c                HAL_CAN_RxFifo1MsgPendingCallback
 .text.HAL_CAN_RxFifo0MsgPendingCallback
                0x0000000008000284       0x90 ./Core/Src/CanBus.o
                0x0000000008000284                HAL_CAN_RxFifo0MsgPendingCallback
 .text.CAN_transmit_Interrupt
                0x0000000008000314      0x10c ./Core/Src/CanBus.o
                0x0000000008000314                CAN_transmit_Interrupt
 .text.HAL_CAN_TxMailbox0CompleteCallback
                0x0000000008000420       0x24 ./Core/Src/CanBus.o
                0x0000000008000420                HAL_CAN_TxMailbox0CompleteCallback
 .text.HAL_CAN_TxMailbox1CompleteCallback
                0x0000000008000444       0x24 ./Core/Src/CanBus.o
                0x0000000008000444                HAL_CAN_TxMailbox1CompleteCallback
 .text.HAL_CAN_TxMailbox2CompleteCallback
                0x0000000008000468       0x24 ./Core/Src/CanBus.o
                0x0000000008000468                HAL_CAN_TxMailbox2CompleteCallback
 .text.Init_Can
                0x000000000800048c      0x20c ./Core/Src/CanBus.o
                0x000000000800048c                Init_Can
 .text.read_rx  0x0000000008000698      0x994 ./Core/Src/CanBus.o
                0x0000000008000698                read_rx
 .text.can_transmit
                0x000000000800102c      0x15c ./Core/Src/CanBus.o
                0x000000000800102c                can_transmit
 .text.abort_sdo
                0x0000000008001188      0x15c ./Core/Src/CanBus.o
                0x0000000008001188                abort_sdo
 .text.sdo_response
                0x00000000080012e4      0x150 ./Core/Src/CanBus.o
                0x00000000080012e4                sdo_response
 .text.sdo_segment
                0x0000000008001434       0xe8 ./Core/Src/CanBus.o
                0x0000000008001434                sdo_segment
 .text.lss_response
                0x000000000800151c       0xc0 ./Core/Src/CanBus.o
                0x000000000800151c                lss_response
 .text.transmit_error
                0x00000000080015dc       0xf0 ./Core/Src/CanBus.o
                0x00000000080015dc                transmit_error
 .text.transmit_in
                0x00000000080016cc       0x98 ./Core/Src/CanBus.o
                0x00000000080016cc                transmit_in
 .text.transmit_load
                0x0000000008001764       0xd0 ./Core/Src/CanBus.o
                0x0000000008001764                transmit_load
 .text.CAN_transmit_heartbeat
                0x0000000008001834       0x7c ./Core/Src/CanBus.o
                0x0000000008001834                CAN_transmit_heartbeat
 .text.check_for_call
                0x00000000080018b0       0x2c ./Core/Src/CanBus.o
                0x00000000080018b0                check_for_call
 .text.buzzer_signal
                0x00000000080018dc      0x124 ./Core/Src/CanBus.o
                0x00000000080018dc                buzzer_signal
 .text.set_output
                0x0000000008001a00      0xfcc ./Core/Src/CanBus.o
                0x0000000008001a00                set_output
 .text.set_io_config
                0x00000000080029cc      0x144 ./Core/Src/CanBus.o
                0x00000000080029cc                set_io_config
 .text.read_dict
                0x0000000008002b10      0x164 ./Core/Src/MyDrict.o
                0x0000000008002b10                read_dict
 .text.write_dict
                0x0000000008002c74      0x1d8 ./Core/Src/MyDrict.o
                0x0000000008002c74                write_dict
 .text.search_dict
                0x0000000008002e4c      0x140 ./Core/Src/MyDrict.o
                0x0000000008002e4c                search_dict
 .text.Get_NodeID
                0x0000000008002f8c       0x60 ./Core/Src/SubProg.o
                0x0000000008002f8c                Get_NodeID
 .text.Check_InChange
                0x0000000008002fec       0x48 ./Core/Src/SubProg.o
                0x0000000008002fec                Check_InChange
 .text.SPI_SendOneByte
                0x0000000008003034       0x60 ./Core/Src/SubProg.o
                0x0000000008003034                SPI_SendOneByte
 .text.ReadInput
                0x0000000008003094      0x1c0 ./Core/Src/SubProg.o
                0x0000000008003094                ReadInput
 .text.Out_Prog
                0x0000000008003254      0x220 ./Core/Src/SubProg.o
                0x0000000008003254                Out_Prog
 .text.test_mode
                0x0000000008003474      0x4c8 ./Core/Src/SubProg.o
                0x0000000008003474                test_mode
 .text.Add_USart_Frame
                0x000000000800393c       0x60 ./Core/Src/Uart.o
                0x000000000800393c                Add_USart_Frame
 .text.Usart_send_frame
                0x000000000800399c       0x6c ./Core/Src/Uart.o
                0x000000000800399c                Usart_send_frame
 .text.delay_us
                0x0000000008003a08       0x30 ./Core/Src/Uart.o
 .text.SOFT_USART_SEND_BYTE
                0x0000000008003a38       0x58 ./Core/Src/Uart.o
                0x0000000008003a38                SOFT_USART_SEND_BYTE
 .text.SOFT_USART_SEND_BYTES
                0x0000000008003a90       0x38 ./Core/Src/Uart.o
                0x0000000008003a90                SOFT_USART_SEND_BYTES
 .text.UART_SendBuf
                0x0000000008003ac8       0x32 ./Core/Src/Uart.o
                0x0000000008003ac8                UART_SendBuf
 *fill*         0x0000000008003afa        0x2 
 .text.Display_device
                0x0000000008003afc       0x48 ./Core/Src/Uart.o
                0x0000000008003afc                Display_device
 .text.Arrow_Status
                0x0000000008003b44       0x78 ./Core/Src/Uart.o
                0x0000000008003b44                Arrow_Status
 .text.Flash_Unlock
                0x0000000008003bbc        0xc ./Core/Src/flash.o
                0x0000000008003bbc                Flash_Unlock
 .text.Flash_Erase
                0x0000000008003bc8       0x68 ./Core/Src/flash.o
                0x0000000008003bc8                Flash_Erase
 .text.Flash_Read_Int
                0x0000000008003c30       0x1a ./Core/Src/flash.o
                0x0000000008003c30                Flash_Read_Int
 *fill*         0x0000000008003c4a        0x2 
 .text.Flash_Write_Bytes
                0x0000000008003c4c       0x90 ./Core/Src/flash.o
                0x0000000008003c4c                Flash_Write_Bytes
 .text.Flash_Read_Bytes
                0x0000000008003cdc       0x4a ./Core/Src/flash.o
                0x0000000008003cdc                Flash_Read_Bytes
 *fill*         0x0000000008003d26        0x2 
 .text.HAL_TIM_PeriodElapsedCallback
                0x0000000008003d28      0x308 ./Core/Src/main.o
                0x0000000008003d28                HAL_TIM_PeriodElapsedCallback
 .text.check_hse
                0x0000000008004030      0x1d0 ./Core/Src/main.o
                0x0000000008004030                check_hse
 .text.ClrWdt   0x0000000008004200       0x1c ./Core/Src/main.o
                0x0000000008004200                ClrWdt
 .text.main     0x000000000800421c      0x6ec ./Core/Src/main.o
                0x000000000800421c                main
 .text.SystemClock_Config
                0x0000000008004908       0x90 ./Core/Src/main.o
                0x0000000008004908                SystemClock_Config
 .text.MX_CAN_Init
                0x0000000008004998       0x6c ./Core/Src/main.o
 .text.MX_IWDG_Init
                0x0000000008004a04       0x34 ./Core/Src/main.o
 .text.MX_TIM1_Init
                0x0000000008004a38       0xa0 ./Core/Src/main.o
 .text.MX_TIM2_Init
                0x0000000008004ad8       0x9c ./Core/Src/main.o
 .text.MX_TIM3_Init
                0x0000000008004b74       0x9c ./Core/Src/main.o
 .text.MX_USART1_UART_Init
                0x0000000008004c10       0x54 ./Core/Src/main.o
 .text.MX_WWDG_Init
                0x0000000008004c64       0x40 ./Core/Src/main.o
 .text.MX_GPIO_Init
                0x0000000008004ca4      0x104 ./Core/Src/main.o
 .text.Error_Handler
                0x0000000008004da8        0xa ./Core/Src/main.o
                0x0000000008004da8                Error_Handler
 *fill*         0x0000000008004db2        0x2 
 .text.HAL_MspInit
                0x0000000008004db4       0x64 ./Core/Src/stm32f1xx_hal_msp.o
                0x0000000008004db4                HAL_MspInit
 .text.HAL_CAN_MspInit
                0x0000000008004e18       0xd8 ./Core/Src/stm32f1xx_hal_msp.o
                0x0000000008004e18                HAL_CAN_MspInit
 .text.HAL_TIM_Base_MspInit
                0x0000000008004ef0       0xb8 ./Core/Src/stm32f1xx_hal_msp.o
                0x0000000008004ef0                HAL_TIM_Base_MspInit
 .text.HAL_UART_MspInit
                0x0000000008004fa8       0x98 ./Core/Src/stm32f1xx_hal_msp.o
                0x0000000008004fa8                HAL_UART_MspInit
 .text.HAL_WWDG_MspInit
                0x0000000008005040       0x3c ./Core/Src/stm32f1xx_hal_msp.o
                0x0000000008005040                HAL_WWDG_MspInit
 .text.NMI_Handler
                0x000000000800507c        0x6 ./Core/Src/stm32f1xx_it.o
                0x000000000800507c                NMI_Handler
 .text.HardFault_Handler
                0x0000000008005082        0x6 ./Core/Src/stm32f1xx_it.o
                0x0000000008005082                HardFault_Handler
 .text.MemManage_Handler
                0x0000000008005088        0x6 ./Core/Src/stm32f1xx_it.o
                0x0000000008005088                MemManage_Handler
 .text.BusFault_Handler
                0x000000000800508e        0x6 ./Core/Src/stm32f1xx_it.o
                0x000000000800508e                BusFault_Handler
 .text.UsageFault_Handler
                0x0000000008005094        0x6 ./Core/Src/stm32f1xx_it.o
                0x0000000008005094                UsageFault_Handler
 .text.SVC_Handler
                0x000000000800509a        0xc ./Core/Src/stm32f1xx_it.o
                0x000000000800509a                SVC_Handler
 .text.DebugMon_Handler
                0x00000000080050a6        0xc ./Core/Src/stm32f1xx_it.o
                0x00000000080050a6                DebugMon_Handler
 .text.PendSV_Handler
                0x00000000080050b2        0xc ./Core/Src/stm32f1xx_it.o
                0x00000000080050b2                PendSV_Handler
 .text.SysTick_Handler
                0x00000000080050be        0xc ./Core/Src/stm32f1xx_it.o
                0x00000000080050be                SysTick_Handler
 *fill*         0x00000000080050ca        0x2 
 .text.USB_HP_CAN1_TX_IRQHandler
                0x00000000080050cc       0x14 ./Core/Src/stm32f1xx_it.o
                0x00000000080050cc                USB_HP_CAN1_TX_IRQHandler
 .text.USB_LP_CAN1_RX0_IRQHandler
                0x00000000080050e0       0x14 ./Core/Src/stm32f1xx_it.o
                0x00000000080050e0                USB_LP_CAN1_RX0_IRQHandler
 .text.CAN1_RX1_IRQHandler
                0x00000000080050f4       0x14 ./Core/Src/stm32f1xx_it.o
                0x00000000080050f4                CAN1_RX1_IRQHandler
 .text.CAN1_SCE_IRQHandler
                0x0000000008005108       0x14 ./Core/Src/stm32f1xx_it.o
                0x0000000008005108                CAN1_SCE_IRQHandler
 .text.TIM1_BRK_IRQHandler
                0x000000000800511c       0x14 ./Core/Src/stm32f1xx_it.o
                0x000000000800511c                TIM1_BRK_IRQHandler
 .text.TIM1_UP_IRQHandler
                0x0000000008005130       0x14 ./Core/Src/stm32f1xx_it.o
                0x0000000008005130                TIM1_UP_IRQHandler
 .text.TIM2_IRQHandler
                0x0000000008005144       0x14 ./Core/Src/stm32f1xx_it.o
                0x0000000008005144                TIM2_IRQHandler
 .text.SystemInit
                0x0000000008005158        0xc ./Core/Src/system_stm32f1xx.o
                0x0000000008005158                SystemInit
 .text.Reset_Handler
                0x0000000008005164       0x48 ./Core/Startup/startup_stm32f103c8tx.o
                0x0000000008005164                Reset_Handler
 .text.Default_Handler
                0x00000000080051ac        0x2 ./Core/Startup/startup_stm32f103c8tx.o
                0x00000000080051ac                RTC_Alarm_IRQHandler
                0x00000000080051ac                EXTI2_IRQHandler
                0x00000000080051ac                TIM1_CC_IRQHandler
                0x00000000080051ac                PVD_IRQHandler
                0x00000000080051ac                EXTI3_IRQHandler
                0x00000000080051ac                EXTI0_IRQHandler
                0x00000000080051ac                I2C2_EV_IRQHandler
                0x00000000080051ac                ADC1_2_IRQHandler
                0x00000000080051ac                SPI1_IRQHandler
                0x00000000080051ac                TAMPER_IRQHandler
                0x00000000080051ac                DMA1_Channel4_IRQHandler
                0x00000000080051ac                USART3_IRQHandler
                0x00000000080051ac                RTC_IRQHandler
                0x00000000080051ac                DMA1_Channel7_IRQHandler
                0x00000000080051ac                TIM4_IRQHandler
                0x00000000080051ac                I2C1_EV_IRQHandler
                0x00000000080051ac                DMA1_Channel6_IRQHandler
                0x00000000080051ac                TIM3_IRQHandler
                0x00000000080051ac                RCC_IRQHandler
                0x00000000080051ac                TIM1_TRG_COM_IRQHandler
                0x00000000080051ac                DMA1_Channel1_IRQHandler
                0x00000000080051ac                Default_Handler
                0x00000000080051ac                EXTI15_10_IRQHandler
                0x00000000080051ac                EXTI9_5_IRQHandler
                0x00000000080051ac                SPI2_IRQHandler
                0x00000000080051ac                DMA1_Channel5_IRQHandler
                0x00000000080051ac                EXTI4_IRQHandler
                0x00000000080051ac                DMA1_Channel3_IRQHandler
                0x00000000080051ac                WWDG_IRQHandler
                0x00000000080051ac                EXTI1_IRQHandler
                0x00000000080051ac                USART2_IRQHandler
                0x00000000080051ac                I2C2_ER_IRQHandler
                0x00000000080051ac                DMA1_Channel2_IRQHandler
                0x00000000080051ac                FLASH_IRQHandler
                0x00000000080051ac                USART1_IRQHandler
                0x00000000080051ac                I2C1_ER_IRQHandler
                0x00000000080051ac                USBWakeUp_IRQHandler
 *fill*         0x00000000080051ae        0x2 
 .text.HAL_Init
                0x00000000080051b0       0x2c ./Drivers/STM32F1xx_HAL_Driver/Src/stm32f1xx_hal.o
                0x00000000080051b0                HAL_Init
 .text.HAL_InitTick
                0x00000000080051dc       0x60 ./Drivers/STM32F1xx_HAL_Driver/Src/stm32f1xx_hal.o
                0x00000000080051dc                HAL_InitTick
 .text.HAL_IncTick
                0x000000000800523c       0x24 ./Drivers/STM32F1xx_HAL_Driver/Src/stm32f1xx_hal.o
                0x000000000800523c                HAL_IncTick
 .text.HAL_GetTick
                0x0000000008005260       0x14 ./Drivers/STM32F1xx_HAL_Driver/Src/stm32f1xx_hal.o
                0x0000000008005260                HAL_GetTick
 .text.HAL_Delay
                0x0000000008005274       0x48 ./Drivers/STM32F1xx_HAL_Driver/Src/stm32f1xx_hal.o
                0x0000000008005274                HAL_Delay
 .text.HAL_CAN_Init
                0x00000000080052bc      0x1f6 ./Drivers/STM32F1xx_HAL_Driver/Src/stm32f1xx_hal_can.o
                0x00000000080052bc                HAL_CAN_Init
 .text.HAL_CAN_ConfigFilter
                0x00000000080054b2      0x192 ./Drivers/STM32F1xx_HAL_Driver/Src/stm32f1xx_hal_can.o
                0x00000000080054b2                HAL_CAN_ConfigFilter
 .text.HAL_CAN_Start
                0x0000000008005644       0x88 ./Drivers/STM32F1xx_HAL_Driver/Src/stm32f1xx_hal_can.o
                0x0000000008005644                HAL_CAN_Start
 .text.HAL_CAN_AddTxMessage
                0x00000000080056cc      0x1b4 ./Drivers/STM32F1xx_HAL_Driver/Src/stm32f1xx_hal_can.o
                0x00000000080056cc                HAL_CAN_AddTxMessage
 .text.HAL_CAN_GetRxMessage
                0x0000000008005880      0x222 ./Drivers/STM32F1xx_HAL_Driver/Src/stm32f1xx_hal_can.o
                0x0000000008005880                HAL_CAN_GetRxMessage
 .text.HAL_CAN_ActivateNotification
                0x0000000008005aa2       0x4a ./Drivers/STM32F1xx_HAL_Driver/Src/stm32f1xx_hal_can.o
                0x0000000008005aa2                HAL_CAN_ActivateNotification
 .text.HAL_CAN_DeactivateNotification
                0x0000000008005aec       0x4c ./Drivers/STM32F1xx_HAL_Driver/Src/stm32f1xx_hal_can.o
                0x0000000008005aec                HAL_CAN_DeactivateNotification
 .text.HAL_CAN_IRQHandler
                0x0000000008005b38      0x36e ./Drivers/STM32F1xx_HAL_Driver/Src/stm32f1xx_hal_can.o
                0x0000000008005b38                HAL_CAN_IRQHandler
 .text.HAL_CAN_TxMailbox0AbortCallback
                0x0000000008005ea6       0x12 ./Drivers/STM32F1xx_HAL_Driver/Src/stm32f1xx_hal_can.o
                0x0000000008005ea6                HAL_CAN_TxMailbox0AbortCallback
 .text.HAL_CAN_TxMailbox1AbortCallback
                0x0000000008005eb8       0x12 ./Drivers/STM32F1xx_HAL_Driver/Src/stm32f1xx_hal_can.o
                0x0000000008005eb8                HAL_CAN_TxMailbox1AbortCallback
 .text.HAL_CAN_TxMailbox2AbortCallback
                0x0000000008005eca       0x12 ./Drivers/STM32F1xx_HAL_Driver/Src/stm32f1xx_hal_can.o
                0x0000000008005eca                HAL_CAN_TxMailbox2AbortCallback
 .text.HAL_CAN_RxFifo0FullCallback
                0x0000000008005edc       0x12 ./Drivers/STM32F1xx_HAL_Driver/Src/stm32f1xx_hal_can.o
                0x0000000008005edc                HAL_CAN_RxFifo0FullCallback
 .text.HAL_CAN_RxFifo1FullCallback
                0x0000000008005eee       0x12 ./Drivers/STM32F1xx_HAL_Driver/Src/stm32f1xx_hal_can.o
                0x0000000008005eee                HAL_CAN_RxFifo1FullCallback
 .text.HAL_CAN_SleepCallback
                0x0000000008005f00       0x12 ./Drivers/STM32F1xx_HAL_Driver/Src/stm32f1xx_hal_can.o
                0x0000000008005f00                HAL_CAN_SleepCallback
 .text.HAL_CAN_WakeUpFromRxMsgCallback
                0x0000000008005f12       0x12 ./Drivers/STM32F1xx_HAL_Driver/Src/stm32f1xx_hal_can.o
                0x0000000008005f12                HAL_CAN_WakeUpFromRxMsgCallback
 .text.HAL_CAN_ErrorCallback
                0x0000000008005f24       0x12 ./Drivers/STM32F1xx_HAL_Driver/Src/stm32f1xx_hal_can.o
                0x0000000008005f24                HAL_CAN_ErrorCallback
 *fill*         0x0000000008005f36        0x2 
 .text.__NVIC_SetPriorityGrouping
                0x0000000008005f38       0x48 ./Drivers/STM32F1xx_HAL_Driver/Src/stm32f1xx_hal_cortex.o
 .text.__NVIC_GetPriorityGrouping
                0x0000000008005f80       0x1c ./Drivers/STM32F1xx_HAL_Driver/Src/stm32f1xx_hal_cortex.o
 .text.__NVIC_EnableIRQ
                0x0000000008005f9c       0x38 ./Drivers/STM32F1xx_HAL_Driver/Src/stm32f1xx_hal_cortex.o
 .text.__NVIC_SetPriority
                0x0000000008005fd4       0x54 ./Drivers/STM32F1xx_HAL_Driver/Src/stm32f1xx_hal_cortex.o
 .text.NVIC_EncodePriority
                0x0000000008006028       0x64 ./Drivers/STM32F1xx_HAL_Driver/Src/stm32f1xx_hal_cortex.o
 .text.__NVIC_SystemReset
                0x000000000800608c       0x2c ./Drivers/STM32F1xx_HAL_Driver/Src/stm32f1xx_hal_cortex.o
 .text.SysTick_Config
                0x00000000080060b8       0x44 ./Drivers/STM32F1xx_HAL_Driver/Src/stm32f1xx_hal_cortex.o
 .text.HAL_NVIC_SetPriorityGrouping
                0x00000000080060fc       0x16 ./Drivers/STM32F1xx_HAL_Driver/Src/stm32f1xx_hal_cortex.o
                0x00000000080060fc                HAL_NVIC_SetPriorityGrouping
 .text.HAL_NVIC_SetPriority
                0x0000000008006112       0x38 ./Drivers/STM32F1xx_HAL_Driver/Src/stm32f1xx_hal_cortex.o
                0x0000000008006112                HAL_NVIC_SetPriority
 .text.HAL_NVIC_EnableIRQ
                0x000000000800614a       0x1c ./Drivers/STM32F1xx_HAL_Driver/Src/stm32f1xx_hal_cortex.o
                0x000000000800614a                HAL_NVIC_EnableIRQ
 .text.HAL_NVIC_SystemReset
                0x0000000008006166        0x8 ./Drivers/STM32F1xx_HAL_Driver/Src/stm32f1xx_hal_cortex.o
                0x0000000008006166                HAL_NVIC_SystemReset
 .text.HAL_SYSTICK_Config
                0x000000000800616e       0x18 ./Drivers/STM32F1xx_HAL_Driver/Src/stm32f1xx_hal_cortex.o
                0x000000000800616e                HAL_SYSTICK_Config
 *fill*         0x0000000008006186        0x2 
 .text.HAL_FLASH_Program
                0x0000000008006188       0xe0 ./Drivers/STM32F1xx_HAL_Driver/Src/stm32f1xx_hal_flash.o
                0x0000000008006188                HAL_FLASH_Program
 .text.HAL_FLASH_Unlock
                0x0000000008006268       0x4c ./Drivers/STM32F1xx_HAL_Driver/Src/stm32f1xx_hal_flash.o
                0x0000000008006268                HAL_FLASH_Unlock
 .text.FLASH_Program_HalfWord
                0x00000000080062b4       0x38 ./Drivers/STM32F1xx_HAL_Driver/Src/stm32f1xx_hal_flash.o
 .text.FLASH_WaitForLastOperation
                0x00000000080062ec       0x8c ./Drivers/STM32F1xx_HAL_Driver/Src/stm32f1xx_hal_flash.o
                0x00000000080062ec                FLASH_WaitForLastOperation
 .text.FLASH_SetErrorCode
                0x0000000008006378       0xa0 ./Drivers/STM32F1xx_HAL_Driver/Src/stm32f1xx_hal_flash.o
 .text.HAL_GPIO_Init
                0x0000000008006418      0x308 ./Drivers/STM32F1xx_HAL_Driver/Src/stm32f1xx_hal_gpio.o
                0x0000000008006418                HAL_GPIO_Init
 .text.HAL_GPIO_ReadPin
                0x0000000008006720       0x2e ./Drivers/STM32F1xx_HAL_Driver/Src/stm32f1xx_hal_gpio.o
                0x0000000008006720                HAL_GPIO_ReadPin
 .text.HAL_GPIO_WritePin
                0x000000000800674e       0x30 ./Drivers/STM32F1xx_HAL_Driver/Src/stm32f1xx_hal_gpio.o
                0x000000000800674e                HAL_GPIO_WritePin
 .text.HAL_IWDG_Init
                0x000000000800677e       0x84 ./Drivers/STM32F1xx_HAL_Driver/Src/stm32f1xx_hal_iwdg.o
                0x000000000800677e                HAL_IWDG_Init
 .text.HAL_IWDG_Refresh
                0x0000000008006802       0x1e ./Drivers/STM32F1xx_HAL_Driver/Src/stm32f1xx_hal_iwdg.o
                0x0000000008006802                HAL_IWDG_Refresh
 .text.HAL_RCC_OscConfig
                0x0000000008006820      0x500 ./Drivers/STM32F1xx_HAL_Driver/Src/stm32f1xx_hal_rcc.o
                0x0000000008006820                HAL_RCC_OscConfig
 .text.HAL_RCC_ClockConfig
                0x0000000008006d20      0x1d4 ./Drivers/STM32F1xx_HAL_Driver/Src/stm32f1xx_hal_rcc.o
                0x0000000008006d20                HAL_RCC_ClockConfig
 .text.HAL_RCC_GetSysClockFreq
                0x0000000008006ef4       0xc0 ./Drivers/STM32F1xx_HAL_Driver/Src/stm32f1xx_hal_rcc.o
                0x0000000008006ef4                HAL_RCC_GetSysClockFreq
 .text.HAL_RCC_GetHCLKFreq
                0x0000000008006fb4       0x14 ./Drivers/STM32F1xx_HAL_Driver/Src/stm32f1xx_hal_rcc.o
                0x0000000008006fb4                HAL_RCC_GetHCLKFreq
 .text.HAL_RCC_GetPCLK1Freq
                0x0000000008006fc8       0x28 ./Drivers/STM32F1xx_HAL_Driver/Src/stm32f1xx_hal_rcc.o
                0x0000000008006fc8                HAL_RCC_GetPCLK1Freq
 .text.HAL_RCC_GetPCLK2Freq
                0x0000000008006ff0       0x28 ./Drivers/STM32F1xx_HAL_Driver/Src/stm32f1xx_hal_rcc.o
                0x0000000008006ff0                HAL_RCC_GetPCLK2Freq
 .text.RCC_Delay
                0x0000000008007018       0x3c ./Drivers/STM32F1xx_HAL_Driver/Src/stm32f1xx_hal_rcc.o
 .text.HAL_TIM_Base_Init
                0x0000000008007054       0x9e ./Drivers/STM32F1xx_HAL_Driver/Src/stm32f1xx_hal_tim.o
                0x0000000008007054                HAL_TIM_Base_Init
 *fill*         0x00000000080070f2        0x2 
 .text.HAL_TIM_Base_Start
                0x00000000080070f4       0x94 ./Drivers/STM32F1xx_HAL_Driver/Src/stm32f1xx_hal_tim.o
                0x00000000080070f4                HAL_TIM_Base_Start
 .text.HAL_TIM_Base_Start_IT
                0x0000000008007188       0xa4 ./Drivers/STM32F1xx_HAL_Driver/Src/stm32f1xx_hal_tim.o
                0x0000000008007188                HAL_TIM_Base_Start_IT
 .text.HAL_TIM_IRQHandler
                0x000000000800722c      0x210 ./Drivers/STM32F1xx_HAL_Driver/Src/stm32f1xx_hal_tim.o
                0x000000000800722c                HAL_TIM_IRQHandler
 .text.HAL_TIM_ConfigClockSource
                0x000000000800743c      0x188 ./Drivers/STM32F1xx_HAL_Driver/Src/stm32f1xx_hal_tim.o
                0x000000000800743c                HAL_TIM_ConfigClockSource
 .text.HAL_TIM_OC_DelayElapsedCallback
                0x00000000080075c4       0x12 ./Drivers/STM32F1xx_HAL_Driver/Src/stm32f1xx_hal_tim.o
                0x00000000080075c4                HAL_TIM_OC_DelayElapsedCallback
 .text.HAL_TIM_IC_CaptureCallback
                0x00000000080075d6       0x12 ./Drivers/STM32F1xx_HAL_Driver/Src/stm32f1xx_hal_tim.o
                0x00000000080075d6                HAL_TIM_IC_CaptureCallback
 .text.HAL_TIM_PWM_PulseFinishedCallback
                0x00000000080075e8       0x12 ./Drivers/STM32F1xx_HAL_Driver/Src/stm32f1xx_hal_tim.o
                0x00000000080075e8                HAL_TIM_PWM_PulseFinishedCallback
 .text.HAL_TIM_TriggerCallback
                0x00000000080075fa       0x12 ./Drivers/STM32F1xx_HAL_Driver/Src/stm32f1xx_hal_tim.o
                0x00000000080075fa                HAL_TIM_TriggerCallback
 .text.TIM_Base_SetConfig
                0x000000000800760c       0xc4 ./Drivers/STM32F1xx_HAL_Driver/Src/stm32f1xx_hal_tim.o
                0x000000000800760c                TIM_Base_SetConfig
 .text.TIM_TI1_ConfigInputStage
                0x00000000080076d0       0x5c ./Drivers/STM32F1xx_HAL_Driver/Src/stm32f1xx_hal_tim.o
 .text.TIM_TI2_ConfigInputStage
                0x000000000800772c       0x5e ./Drivers/STM32F1xx_HAL_Driver/Src/stm32f1xx_hal_tim.o
 .text.TIM_ITRx_SetConfig
                0x000000000800778a       0x34 ./Drivers/STM32F1xx_HAL_Driver/Src/stm32f1xx_hal_tim.o
 .text.TIM_ETR_SetConfig
                0x00000000080077be       0x3e ./Drivers/STM32F1xx_HAL_Driver/Src/stm32f1xx_hal_tim.o
                0x00000000080077be                TIM_ETR_SetConfig
 .text.HAL_TIMEx_MasterConfigSynchronization
                0x00000000080077fc       0xbc ./Drivers/STM32F1xx_HAL_Driver/Src/stm32f1xx_hal_tim_ex.o
                0x00000000080077fc                HAL_TIMEx_MasterConfigSynchronization
 .text.HAL_TIMEx_CommutCallback
                0x00000000080078b8       0x12 ./Drivers/STM32F1xx_HAL_Driver/Src/stm32f1xx_hal_tim_ex.o
                0x00000000080078b8                HAL_TIMEx_CommutCallback
 .text.HAL_TIMEx_BreakCallback
                0x00000000080078ca       0x12 ./Drivers/STM32F1xx_HAL_Driver/Src/stm32f1xx_hal_tim_ex.o
                0x00000000080078ca                HAL_TIMEx_BreakCallback
 .text.HAL_UART_Init
                0x00000000080078dc       0x9a ./Drivers/STM32F1xx_HAL_Driver/Src/stm32f1xx_hal_uart.o
                0x00000000080078dc                HAL_UART_Init
 *fill*         0x0000000008007976        0x2 
 .text.UART_SetConfig
                0x0000000008007978      0x11c ./Drivers/STM32F1xx_HAL_Driver/Src/stm32f1xx_hal_uart.o
 .text.HAL_WWDG_Init
                0x0000000008007a94       0x48 ./Drivers/STM32F1xx_HAL_Driver/Src/stm32f1xx_hal_wwdg.o
                0x0000000008007a94                HAL_WWDG_Init
 .text.HAL_WWDG_Refresh
                0x0000000008007adc       0x1e ./Drivers/STM32F1xx_HAL_Driver/Src/stm32f1xx_hal_wwdg.o
                0x0000000008007adc                HAL_WWDG_Refresh
 *fill*         0x0000000008007afa        0x2 
 .text.__libc_init_array
                0x0000000008007afc       0x48 c:/st/stm32cubeide_1.6.1/stm32cubeide/plugins/com.st.stm32cube.ide.mcu.externaltools.gnu-tools-for-stm32.9-2020-q2-update.win32_2.0.0.202105311346/tools/bin/../lib/gcc/arm-none-eabi/9.3.1/../../../../arm-none-eabi/lib/thumb/v7-m/nofp\libc_nano.a(lib_a-init.o)
                0x0000000008007afc                __libc_init_array
 .text.memcpy   0x0000000008007b44       0x1c c:/st/stm32cubeide_1.6.1/stm32cubeide/plugins/com.st.stm32cube.ide.mcu.externaltools.gnu-tools-for-stm32.9-2020-q2-update.win32_2.0.0.202105311346/tools/bin/../lib/gcc/arm-none-eabi/9.3.1/../../../../arm-none-eabi/lib/thumb/v7-m/nofp\libc_nano.a(lib_a-memcpy-stub.o)
                0x0000000008007b44                memcpy
 .text.memset   0x0000000008007b60       0x10 c:/st/stm32cubeide_1.6.1/stm32cubeide/plugins/com.st.stm32cube.ide.mcu.externaltools.gnu-tools-for-stm32.9-2020-q2-update.win32_2.0.0.202105311346/tools/bin/../lib/gcc/arm-none-eabi/9.3.1/../../../../arm-none-eabi/lib/thumb/v7-m/nofp\libc_nano.a(lib_a-memset.o)
                0x0000000008007b60                memset
 *(.glue_7)
 .glue_7        0x0000000008007b70        0x0 linker stubs
 *(.glue_7t)
 .glue_7t       0x0000000008007b70        0x0 linker stubs
 *(.eh_frame)
 .eh_frame      0x0000000008007b70        0x0 c:/st/stm32cubeide_1.6.1/stm32cubeide/plugins/com.st.stm32cube.ide.mcu.externaltools.gnu-tools-for-stm32.9-2020-q2-update.win32_2.0.0.202105311346/tools/bin/../lib/gcc/arm-none-eabi/9.3.1/thumb/v7-m/nofp/crtbegin.o
 *(.init)
 .init          0x0000000008007b70        0x4 c:/st/stm32cubeide_1.6.1/stm32cubeide/plugins/com.st.stm32cube.ide.mcu.externaltools.gnu-tools-for-stm32.9-2020-q2-update.win32_2.0.0.202105311346/tools/bin/../lib/gcc/arm-none-eabi/9.3.1/thumb/v7-m/nofp/crti.o
                0x0000000008007b70                _init
 .init          0x0000000008007b74        0x8 c:/st/stm32cubeide_1.6.1/stm32cubeide/plugins/com.st.stm32cube.ide.mcu.externaltools.gnu-tools-for-stm32.9-2020-q2-update.win32_2.0.0.202105311346/tools/bin/../lib/gcc/arm-none-eabi/9.3.1/thumb/v7-m/nofp/crtn.o
 *(.fini)
 .fini          0x0000000008007b7c        0x4 c:/st/stm32cubeide_1.6.1/stm32cubeide/plugins/com.st.stm32cube.ide.mcu.externaltools.gnu-tools-for-stm32.9-2020-q2-update.win32_2.0.0.202105311346/tools/bin/../lib/gcc/arm-none-eabi/9.3.1/thumb/v7-m/nofp/crti.o
                0x0000000008007b7c                _fini
 .fini          0x0000000008007b80        0x8 c:/st/stm32cubeide_1.6.1/stm32cubeide/plugins/com.st.stm32cube.ide.mcu.externaltools.gnu-tools-for-stm32.9-2020-q2-update.win32_2.0.0.202105311346/tools/bin/../lib/gcc/arm-none-eabi/9.3.1/thumb/v7-m/nofp/crtn.o
                0x0000000008007b88                . = ALIGN (0x4)
                0x0000000008007b88                _etext = .

.vfp11_veneer   0x0000000008007b88        0x0
 .vfp11_veneer  0x0000000008007b88        0x0 linker stubs

.v4_bx          0x0000000008007b88        0x0
 .v4_bx         0x0000000008007b88        0x0 linker stubs

.iplt           0x0000000008007b88        0x0
 .iplt          0x0000000008007b88        0x0 c:/st/stm32cubeide_1.6.1/stm32cubeide/plugins/com.st.stm32cube.ide.mcu.externaltools.gnu-tools-for-stm32.9-2020-q2-update.win32_2.0.0.202105311346/tools/bin/../lib/gcc/arm-none-eabi/9.3.1/thumb/v7-m/nofp/crtbegin.o

.rodata         0x0000000008007b88       0x80
                0x0000000008007b88                . = ALIGN (0x4)
 *(.rodata)
 .rodata        0x0000000008007b88       0x10 ./Drivers/STM32F1xx_HAL_Driver/Src/stm32f1xx_hal_rcc.o
 *(.rodata*)
 .rodata.graycode
                0x0000000008007b98       0x40 ./Core/Src/CanBus.o
                0x0000000008007b98                graycode
 .rodata.version_uea
                0x0000000008007bd8        0x6 ./Core/Src/Version.o
                0x0000000008007bd8                version_uea
 *fill*         0x0000000008007bde        0x2 
 .rodata.hardware_uea
                0x0000000008007be0        0x6 ./Core/Src/Version.o
                0x0000000008007be0                hardware_uea
 *fill*         0x0000000008007be6        0x2 
 .rodata.device_name
                0x0000000008007be8        0x6 ./Core/Src/Version.o
                0x0000000008007be8                device_name
 *fill*         0x0000000008007bee        0x2 
 .rodata.AHBPrescTable
                0x0000000008007bf0       0x10 ./Core/Src/system_stm32f1xx.o
                0x0000000008007bf0                AHBPrescTable
 .rodata.APBPrescTable
                0x0000000008007c00        0x8 ./Core/Src/system_stm32f1xx.o
                0x0000000008007c00                APBPrescTable
                0x0000000008007c08                . = ALIGN (0x4)

.rel.dyn        0x0000000008007c08        0x0
 .rel.iplt      0x0000000008007c08        0x0 c:/st/stm32cubeide_1.6.1/stm32cubeide/plugins/com.st.stm32cube.ide.mcu.externaltools.gnu-tools-for-stm32.9-2020-q2-update.win32_2.0.0.202105311346/tools/bin/../lib/gcc/arm-none-eabi/9.3.1/thumb/v7-m/nofp/crtbegin.o

.ARM.extab      0x0000000008007c08        0x0
                0x0000000008007c08                . = ALIGN (0x4)
 *(.ARM.extab* .gnu.linkonce.armextab.*)
                0x0000000008007c08                . = ALIGN (0x4)

.ARM            0x0000000008007c08        0x0
                0x0000000008007c08                . = ALIGN (0x4)
                0x0000000008007c08                __exidx_start = .
 *(.ARM.exidx*)
                0x0000000008007c08                __exidx_end = .
                0x0000000008007c08                . = ALIGN (0x4)

.preinit_array  0x0000000008007c08        0x0
                0x0000000008007c08                . = ALIGN (0x4)
                0x0000000008007c08                PROVIDE (__preinit_array_start = .)
 *(.preinit_array*)
                0x0000000008007c08                PROVIDE (__preinit_array_end = .)
                0x0000000008007c08                . = ALIGN (0x4)

.init_array     0x0000000008007c08        0x4
                0x0000000008007c08                . = ALIGN (0x4)
                0x0000000008007c08                PROVIDE (__init_array_start = .)
 *(SORT_BY_NAME(.init_array.*))
 *(.init_array*)
 .init_array    0x0000000008007c08        0x4 c:/st/stm32cubeide_1.6.1/stm32cubeide/plugins/com.st.stm32cube.ide.mcu.externaltools.gnu-tools-for-stm32.9-2020-q2-update.win32_2.0.0.202105311346/tools/bin/../lib/gcc/arm-none-eabi/9.3.1/thumb/v7-m/nofp/crtbegin.o
                0x0000000008007c0c                PROVIDE (__init_array_end = .)
                0x0000000008007c0c                . = ALIGN (0x4)

.fini_array     0x0000000008007c0c        0x4
                0x0000000008007c0c                . = ALIGN (0x4)
                [!provide]                        PROVIDE (__fini_array_start = .)
 *(SORT_BY_NAME(.fini_array.*))
 *(.fini_array*)
 .fini_array    0x0000000008007c0c        0x4 c:/st/stm32cubeide_1.6.1/stm32cubeide/plugins/com.st.stm32cube.ide.mcu.externaltools.gnu-tools-for-stm32.9-2020-q2-update.win32_2.0.0.202105311346/tools/bin/../lib/gcc/arm-none-eabi/9.3.1/thumb/v7-m/nofp/crtbegin.o
                [!provide]                        PROVIDE (__fini_array_end = .)
                0x0000000008007c10                . = ALIGN (0x4)
                0x0000000008007c10                _sidata = LOADADDR (.data)

.data           0x0000000020000000      0x19c load address 0x0000000008007c10
                0x0000000020000000                . = ALIGN (0x4)
                0x0000000020000000                _sdata = .
 *(.data)
 *(.data*)
 .data.dict     0x0000000020000000      0x180 ./Core/Src/MyDrict.o
                0x0000000020000000                dict
 .data.mInOut_Number
                0x0000000020000180        0x1 ./Core/Src/main.o
                0x0000000020000180                mInOut_Number
 *fill*         0x0000000020000181        0x3 
 .data.Keytimout
                0x0000000020000184        0x4 ./Core/Src/main.o
                0x0000000020000184                Keytimout
 .data.LedOfftimout
                0x0000000020000188        0x4 ./Core/Src/main.o
                0x0000000020000188                LedOfftimout
 .data.Led_virt
                0x000000002000018c        0x2 ./Core/Src/main.o
                0x000000002000018c                Led_virt
 *fill*         0x000000002000018e        0x2 
 .data.SystemCoreClock
                0x0000000020000190        0x4 ./Core/Src/system_stm32f1xx.o
                0x0000000020000190                SystemCoreClock
 .data.uwTickPrio
                0x0000000020000194        0x4 ./Drivers/STM32F1xx_HAL_Driver/Src/stm32f1xx_hal.o
                0x0000000020000194                uwTickPrio
 .data.uwTickFreq
                0x0000000020000198        0x1 ./Drivers/STM32F1xx_HAL_Driver/Src/stm32f1xx_hal.o
                0x0000000020000198                uwTickFreq
 *(.RamFunc)
 *(.RamFunc*)
                0x000000002000019c                . = ALIGN (0x4)
 *fill*         0x0000000020000199        0x3 
                0x000000002000019c                _edata = .

.igot.plt       0x000000002000019c        0x0 load address 0x0000000008007dac
 .igot.plt      0x000000002000019c        0x0 c:/st/stm32cubeide_1.6.1/stm32cubeide/plugins/com.st.stm32cube.ide.mcu.externaltools.gnu-tools-for-stm32.9-2020-q2-update.win32_2.0.0.202105311346/tools/bin/../lib/gcc/arm-none-eabi/9.3.1/thumb/v7-m/nofp/crtbegin.o
                0x000000002000019c                . = ALIGN (0x4)

.bss            0x00000000200001a0     0x10d8 load address 0x0000000008007dac
                0x00000000200001a0                _sbss = .
                0x00000000200001a0                __bss_start__ = _sbss
 *(.bss)
 .bss           0x00000000200001a0       0x1c c:/st/stm32cubeide_1.6.1/stm32cubeide/plugins/com.st.stm32cube.ide.mcu.externaltools.gnu-tools-for-stm32.9-2020-q2-update.win32_2.0.0.202105311346/tools/bin/../lib/gcc/arm-none-eabi/9.3.1/thumb/v7-m/nofp/crtbegin.o
 *(.bss*)
 .bss.hse_heartbeat_time
                0x00000000200001bc        0x4 ./Core/Src/CanBus.o
                0x00000000200001bc                hse_heartbeat_time
 .bss.CanRxData
                0x00000000200001c0        0x8 ./Core/Src/CanBus.o
                0x00000000200001c0                CanRxData
 .bss.mallbox   0x00000000200001c8        0x6 ./Core/Src/CanBus.o
                0x00000000200001c8                mallbox
 .bss.txmallbox
                0x00000000200001ce        0x2 ./Core/Src/CanBus.o
                0x00000000200001ce                txmallbox
 .bss.txmallbox_request
                0x00000000200001d0        0x2 ./Core/Src/CanBus.o
                0x00000000200001d0                txmallbox_request
 .bss.fire_alarm
                0x00000000200001d2        0x1 ./Core/Src/CanBus.o
                0x00000000200001d2                fire_alarm
 .bss.fire_evacuation
                0x00000000200001d3        0x1 ./Core/Src/CanBus.o
                0x00000000200001d3                fire_evacuation
 .bss.fire_state
                0x00000000200001d4        0x1 ./Core/Src/CanBus.o
                0x00000000200001d4                fire_state
 *fill*         0x00000000200001d5        0x3 
 .bss.Timettt.6930
                0x00000000200001d8        0x4 ./Core/Src/CanBus.o
 .bss.out_old   0x00000000200001dc        0x9 ./Core/Src/SubProg.o
 .bss.UartFrameCnt
                0x00000000200001e5        0x1 ./Core/Src/Uart.o
                0x00000000200001e5                UartFrameCnt
 .bss.UsartFrameindex
                0x00000000200001e6        0x1 ./Core/Src/Uart.o
 .bss.buzzer    0x00000000200001e7        0x1 ./Core/Src/main.o
                0x00000000200001e7                buzzer
 .bss.sdo_index
                0x00000000200001e8        0x2 ./Core/Src/main.o
                0x00000000200001e8                sdo_index
 .bss.sdo_subindex
                0x00000000200001ea        0x1 ./Core/Src/main.o
                0x00000000200001ea                sdo_subindex
 .bss.sdo_timer
                0x00000000200001eb        0x1 ./Core/Src/main.o
                0x00000000200001eb                sdo_timer
 .bss.out       0x00000000200001ec        0x9 ./Core/Src/main.o
                0x00000000200001ec                out
 .bss.mExtern_Number
                0x00000000200001f5        0x1 ./Core/Src/main.o
                0x00000000200001f5                mExtern_Number
 .bss.hse_heartbeat
                0x00000000200001f6        0x1 ./Core/Src/main.o
                0x00000000200001f6                hse_heartbeat
 .bss.bBusOffTimer
                0x00000000200001f7        0x1 ./Core/Src/main.o
                0x00000000200001f7                bBusOffTimer
 .bss.att_alarm_timer
                0x00000000200001f8        0x1 ./Core/Src/main.o
                0x00000000200001f8                att_alarm_timer
 .bss.buz_alarm_timer
                0x00000000200001f9        0x1 ./Core/Src/main.o
                0x00000000200001f9                buz_alarm_timer
 .bss.buz_alarm_totaltimer
                0x00000000200001fa        0x1 ./Core/Src/main.o
                0x00000000200001fa                buz_alarm_totaltimer
 .bss.merker    0x00000000200001fb        0x1 ./Core/Src/main.o
                0x00000000200001fb                merker
 .bss.errorregister
                0x00000000200001fc        0x1 ./Core/Src/main.o
                0x00000000200001fc                errorregister
 *fill*         0x00000000200001fd        0x1 
 .bss.errorcode
                0x00000000200001fe        0x2 ./Core/Src/main.o
                0x00000000200001fe                errorcode
 .bss.pos       0x0000000020000200        0x1 ./Core/Src/main.o
                0x0000000020000200                pos
 *fill*         0x0000000020000201        0x3 
 .bss.FloorName
                0x0000000020000204       0x6e ./Core/Src/main.o
                0x0000000020000204                FloorName
 *fill*         0x0000000020000272        0x2 
 .bss.time1_cnt
                0x0000000020000274        0x4 ./Core/Src/main.o
 .bss.checkwatchdog
                0x0000000020000278        0x1 ./Core/Src/main.o
                0x0000000020000278                checkwatchdog
 *fill*         0x0000000020000279        0x3 
 .bss.reloadtime.8184
                0x000000002000027c        0x4 ./Core/Src/main.o
 .bss.time0_cnt.8183
                0x0000000020000280        0x4 ./Core/Src/main.o
 *(COMMON)
 COMMON         0x0000000020000284       0xd0 ./Core/Src/CanBus.o
                0x0000000020000284                rc
                0x0000000020000288                pTxMailbox
                0x000000002000028c                tc
                0x0000000020000290                rx
                0x00000000200002e0                CanRxHeader
                0x00000000200002fc                tx
                0x000000002000034c                timeeeee
                0x0000000020000350                to
                0x0000000020000351                ro
                0x0000000020000352                ri
                0x0000000020000353                ti
 COMMON         0x0000000020000354      0x8b9 ./Core/Src/Uart.o
                0x0000000020000354                uart_send_buff
                0x0000000020000754                display
                0x0000000020000758                Usart_frame
                0x0000000020000ba4                usart2_buf
                0x0000000020000c08                mDisp_buf
 *fill*         0x0000000020000c0d        0x3 
 COMMON         0x0000000020000c10      0x63d ./Core/Src/main.o
                0x0000000020000c10                mArrow_State
                0x0000000020000c14                inold
                0x0000000020000c20                in_polarity
                0x0000000020000c2c                bTime
                0x0000000020000c30                in
                0x0000000020000c3c                out_polarity
                0x0000000020000c48                TIM1_inter_store
                0x0000000020000c4c                hiwdg
                0x0000000020000c58                inpar
                0x0000000020000e44                input
                0x0000000020000e60                hcan
                0x0000000020000e88                virt_in
                0x0000000020000e90                lastest_call_time
                0x0000000020000e94                virt_out
                0x0000000020000e9b                node_id
                0x0000000020000e9c                TIM2_inter
                0x0000000020000ea0                instate
                0x0000000020000eac                htim3
                0x0000000020000ef4                outpar
                0x0000000020001124                TIM2_inter_store
                0x0000000020001128                huart1
                0x000000002000116c                hsetime
                0x0000000020001170                inspection_time
                0x0000000020001174                time10ms
                0x0000000020001178                nmtstate
                0x000000002000117c                htim1
                0x00000000200011c4                hwwdg
                0x00000000200011d8                help
                0x00000000200011d9                nmtwait
                0x00000000200011dc                instate_Pre
                0x00000000200011e8                bFunc
                0x00000000200011ec                htim2
                0x0000000020001234                mMax_InByte
                0x0000000020001235                heartbeat
                0x0000000020001238                outpush
                0x0000000020001244                inold_Pre
                0x0000000020001248                TIM1_inter
                0x000000002000124c                disp_lift
 *fill*         0x000000002000124d        0x3 
 COMMON         0x0000000020001250        0x4 ./Drivers/STM32F1xx_HAL_Driver/Src/stm32f1xx_hal.o
                0x0000000020001250                uwTick
 *fill*         0x0000000020001254        0x4 
 COMMON         0x0000000020001258       0x20 ./Drivers/STM32F1xx_HAL_Driver/Src/stm32f1xx_hal_flash.o
                0x0000000020001258                pFlash
                0x0000000020001278                . = ALIGN (0x4)
                0x0000000020001278                _ebss = .
                0x0000000020001278                __bss_end__ = _ebss

._user_heap_stack
                0x0000000020001278      0x600 load address 0x0000000008007dac
                0x0000000020001278                . = ALIGN (0x8)
                [!provide]                        PROVIDE (end = .)
                0x0000000020001278                PROVIDE (_end = .)
                0x0000000020001478                . = (. + _Min_Heap_Size)
 *fill*         0x0000000020001278      0x200 
                0x0000000020001878                . = (. + _Min_Stack_Size)
 *fill*         0x0000000020001478      0x400 
                0x0000000020001878                . = ALIGN (0x8)

/DISCARD/
 libc.a(*)
 libm.a(*)
 libgcc.a(*)

.ARM.attributes
                0x0000000000000000       0x29
 *(.ARM.attributes)
 .ARM.attributes
                0x0000000000000000       0x1d c:/st/stm32cubeide_1.6.1/stm32cubeide/plugins/com.st.stm32cube.ide.mcu.externaltools.gnu-tools-for-stm32.9-2020-q2-update.win32_2.0.0.202105311346/tools/bin/../lib/gcc/arm-none-eabi/9.3.1/thumb/v7-m/nofp/crti.o
 .ARM.attributes
                0x000000000000001d       0x2d c:/st/stm32cubeide_1.6.1/stm32cubeide/plugins/com.st.stm32cube.ide.mcu.externaltools.gnu-tools-for-stm32.9-2020-q2-update.win32_2.0.0.202105311346/tools/bin/../lib/gcc/arm-none-eabi/9.3.1/thumb/v7-m/nofp/crtbegin.o
 .ARM.attributes
                0x000000000000004a       0x2d ./Core/Src/CanBus.o
 .ARM.attributes
                0x0000000000000077       0x2d ./Core/Src/MyDrict.o
 .ARM.attributes
                0x00000000000000a4       0x2d ./Core/Src/SubProg.o
 .ARM.attributes
                0x00000000000000d1       0x2d ./Core/Src/Uart.o
 .ARM.attributes
                0x00000000000000fe       0x33 ./Core/Src/Version.o
 .ARM.attributes
                0x0000000000000131       0x2d ./Core/Src/flash.o
 .ARM.attributes
                0x000000000000015e       0x2d ./Core/Src/main.o
 .ARM.attributes
                0x000000000000018b       0x2d ./Core/Src/stm32f1xx_hal_msp.o
 .ARM.attributes
                0x00000000000001b8       0x2d ./Core/Src/stm32f1xx_it.o
 .ARM.attributes
                0x00000000000001e5       0x2d ./Core/Src/system_stm32f1xx.o
 .ARM.attributes
                0x0000000000000212       0x21 ./Core/Startup/startup_stm32f103c8tx.o
 .ARM.attributes
                0x0000000000000233       0x2d ./Drivers/STM32F1xx_HAL_Driver/Src/stm32f1xx_hal.o
 .ARM.attributes
                0x0000000000000260       0x2d ./Drivers/STM32F1xx_HAL_Driver/Src/stm32f1xx_hal_can.o
 .ARM.attributes
                0x000000000000028d       0x2d ./Drivers/STM32F1xx_HAL_Driver/Src/stm32f1xx_hal_cortex.o
 .ARM.attributes
                0x00000000000002ba       0x2d ./Drivers/STM32F1xx_HAL_Driver/Src/stm32f1xx_hal_flash.o
 .ARM.attributes
                0x00000000000002e7       0x2d ./Drivers/STM32F1xx_HAL_Driver/Src/stm32f1xx_hal_gpio.o
 .ARM.attributes
                0x0000000000000314       0x2d ./Drivers/STM32F1xx_HAL_Driver/Src/stm32f1xx_hal_iwdg.o
 .ARM.attributes
                0x0000000000000341       0x2d ./Drivers/STM32F1xx_HAL_Driver/Src/stm32f1xx_hal_rcc.o
 .ARM.attributes
                0x000000000000036e       0x2d ./Drivers/STM32F1xx_HAL_Driver/Src/stm32f1xx_hal_tim.o
 .ARM.attributes
                0x000000000000039b       0x2d ./Drivers/STM32F1xx_HAL_Driver/Src/stm32f1xx_hal_tim_ex.o
 .ARM.attributes
                0x00000000000003c8       0x2d ./Drivers/STM32F1xx_HAL_Driver/Src/stm32f1xx_hal_uart.o
 .ARM.attributes
                0x00000000000003f5       0x2d ./Drivers/STM32F1xx_HAL_Driver/Src/stm32f1xx_hal_wwdg.o
 .ARM.attributes
                0x0000000000000422       0x2d c:/st/stm32cubeide_1.6.1/stm32cubeide/plugins/com.st.stm32cube.ide.mcu.externaltools.gnu-tools-for-stm32.9-2020-q2-update.win32_2.0.0.202105311346/tools/bin/../lib/gcc/arm-none-eabi/9.3.1/../../../../arm-none-eabi/lib/thumb/v7-m/nofp\libc_nano.a(lib_a-init.o)
 .ARM.attributes
                0x000000000000044f       0x2d c:/st/stm32cubeide_1.6.1/stm32cubeide/plugins/com.st.stm32cube.ide.mcu.externaltools.gnu-tools-for-stm32.9-2020-q2-update.win32_2.0.0.202105311346/tools/bin/../lib/gcc/arm-none-eabi/9.3.1/../../../../arm-none-eabi/lib/thumb/v7-m/nofp\libc_nano.a(lib_a-memcpy-stub.o)
 .ARM.attributes
                0x000000000000047c       0x2d c:/st/stm32cubeide_1.6.1/stm32cubeide/plugins/com.st.stm32cube.ide.mcu.externaltools.gnu-tools-for-stm32.9-2020-q2-update.win32_2.0.0.202105311346/tools/bin/../lib/gcc/arm-none-eabi/9.3.1/../../../../arm-none-eabi/lib/thumb/v7-m/nofp\libc_nano.a(lib_a-memset.o)
 .ARM.attributes
                0x00000000000004a9       0x1d c:/st/stm32cubeide_1.6.1/stm32cubeide/plugins/com.st.stm32cube.ide.mcu.externaltools.gnu-tools-for-stm32.9-2020-q2-update.win32_2.0.0.202105311346/tools/bin/../lib/gcc/arm-none-eabi/9.3.1/thumb/v7-m/nofp/crtn.o
OUTPUT(COP.elf elf32-littlearm)
LOAD linker stubs
LOAD c:/st/stm32cubeide_1.6.1/stm32cubeide/plugins/com.st.stm32cube.ide.mcu.externaltools.gnu-tools-for-stm32.9-2020-q2-update.win32_2.0.0.202105311346/tools/bin/../lib/gcc/arm-none-eabi/9.3.1/../../../../arm-none-eabi/lib/thumb/v7-m/nofp\libc.a
LOAD c:/st/stm32cubeide_1.6.1/stm32cubeide/plugins/com.st.stm32cube.ide.mcu.externaltools.gnu-tools-for-stm32.9-2020-q2-update.win32_2.0.0.202105311346/tools/bin/../lib/gcc/arm-none-eabi/9.3.1/../../../../arm-none-eabi/lib/thumb/v7-m/nofp\libm.a
LOAD c:/st/stm32cubeide_1.6.1/stm32cubeide/plugins/com.st.stm32cube.ide.mcu.externaltools.gnu-tools-for-stm32.9-2020-q2-update.win32_2.0.0.202105311346/tools/bin/../lib/gcc/arm-none-eabi/9.3.1/thumb/v7-m/nofp\libgcc.a

.debug_info     0x0000000000000000    0x14f85
 .debug_info    0x0000000000000000     0x1b17 ./Core/Src/CanBus.o
 .debug_info    0x0000000000001b17     0x10ee ./Core/Src/MyDrict.o
 .debug_info    0x0000000000002c05     0x11d2 ./Core/Src/SubProg.o
 .debug_info    0x0000000000003dd7     0x1793 ./Core/Src/Uart.o
 .debug_info    0x000000000000556a      0xf5b ./Core/Src/Version.o
 .debug_info    0x00000000000064c5      0xdce ./Core/Src/flash.o
 .debug_info    0x0000000000007293     0x25e8 ./Core/Src/main.o
 .debug_info    0x000000000000987b     0x137d ./Core/Src/stm32f1xx_hal_msp.o
 .debug_info    0x000000000000abf8      0xc0b ./Core/Src/stm32f1xx_it.o
 .debug_info    0x000000000000b803      0x2be ./Core/Src/system_stm32f1xx.o
 .debug_info    0x000000000000bac1       0x22 ./Core/Startup/startup_stm32f103c8tx.o
 .debug_info    0x000000000000bae3      0x76a ./Drivers/STM32F1xx_HAL_Driver/Src/stm32f1xx_hal.o
 .debug_info    0x000000000000c24d     0x107f ./Drivers/STM32F1xx_HAL_Driver/Src/stm32f1xx_hal_can.o
 .debug_info    0x000000000000d2cc      0xbdc ./Drivers/STM32F1xx_HAL_Driver/Src/stm32f1xx_hal_cortex.o
 .debug_info    0x000000000000dea8      0x5f3 ./Drivers/STM32F1xx_HAL_Driver/Src/stm32f1xx_hal_flash.o
 .debug_info    0x000000000000e49b      0x701 ./Drivers/STM32F1xx_HAL_Driver/Src/stm32f1xx_hal_gpio.o
 .debug_info    0x000000000000eb9c      0x2cb ./Drivers/STM32F1xx_HAL_Driver/Src/stm32f1xx_hal_iwdg.o
 .debug_info    0x000000000000ee67      0x88e ./Drivers/STM32F1xx_HAL_Driver/Src/stm32f1xx_hal_rcc.o
 .debug_info    0x000000000000f6f5     0x2a45 ./Drivers/STM32F1xx_HAL_Driver/Src/stm32f1xx_hal_tim.o
 .debug_info    0x000000000001213a     0x14d5 ./Drivers/STM32F1xx_HAL_Driver/Src/stm32f1xx_hal_tim_ex.o
 .debug_info    0x000000000001360f     0x161a ./Drivers/STM32F1xx_HAL_Driver/Src/stm32f1xx_hal_uart.o
 .debug_info    0x0000000000014c29      0x35c ./Drivers/STM32F1xx_HAL_Driver/Src/stm32f1xx_hal_wwdg.o

.debug_abbrev   0x0000000000000000     0x3140
 .debug_abbrev  0x0000000000000000      0x349 ./Core/Src/CanBus.o
 .debug_abbrev  0x0000000000000349      0x244 ./Core/Src/MyDrict.o
 .debug_abbrev  0x000000000000058d      0x2c7 ./Core/Src/SubProg.o
 .debug_abbrev  0x0000000000000854      0x2dd ./Core/Src/Uart.o
 .debug_abbrev  0x0000000000000b31      0x1e4 ./Core/Src/Version.o
 .debug_abbrev  0x0000000000000d15      0x296 ./Core/Src/flash.o
 .debug_abbrev  0x0000000000000fab      0x3d0 ./Core/Src/main.o
 .debug_abbrev  0x000000000000137b      0x264 ./Core/Src/stm32f1xx_hal_msp.o
 .debug_abbrev  0x00000000000015df      0x1e3 ./Core/Src/stm32f1xx_it.o
 .debug_abbrev  0x00000000000017c2      0x14e ./Core/Src/system_stm32f1xx.o
 .debug_abbrev  0x0000000000001910       0x12 ./Core/Startup/startup_stm32f103c8tx.o
 .debug_abbrev  0x0000000000001922      0x1ed ./Drivers/STM32F1xx_HAL_Driver/Src/stm32f1xx_hal.o
 .debug_abbrev  0x0000000000001b0f      0x235 ./Drivers/STM32F1xx_HAL_Driver/Src/stm32f1xx_hal_can.o
 .debug_abbrev  0x0000000000001d44      0x313 ./Drivers/STM32F1xx_HAL_Driver/Src/stm32f1xx_hal_cortex.o
 .debug_abbrev  0x0000000000002057      0x23e ./Drivers/STM32F1xx_HAL_Driver/Src/stm32f1xx_hal_flash.o
 .debug_abbrev  0x0000000000002295      0x1e8 ./Drivers/STM32F1xx_HAL_Driver/Src/stm32f1xx_hal_gpio.o
 .debug_abbrev  0x000000000000247d      0x152 ./Drivers/STM32F1xx_HAL_Driver/Src/stm32f1xx_hal_iwdg.o
 .debug_abbrev  0x00000000000025cf      0x273 ./Drivers/STM32F1xx_HAL_Driver/Src/stm32f1xx_hal_rcc.o
 .debug_abbrev  0x0000000000002842      0x25e ./Drivers/STM32F1xx_HAL_Driver/Src/stm32f1xx_hal_tim.o
 .debug_abbrev  0x0000000000002aa0      0x266 ./Drivers/STM32F1xx_HAL_Driver/Src/stm32f1xx_hal_tim_ex.o
 .debug_abbrev  0x0000000000002d06      0x28b ./Drivers/STM32F1xx_HAL_Driver/Src/stm32f1xx_hal_uart.o
 .debug_abbrev  0x0000000000002f91      0x1af ./Drivers/STM32F1xx_HAL_Driver/Src/stm32f1xx_hal_wwdg.o

.debug_aranges  0x0000000000000000     0x1020
 .debug_aranges
                0x0000000000000000       0xc0 ./Core/Src/CanBus.o
 .debug_aranges
                0x00000000000000c0       0x30 ./Core/Src/MyDrict.o
 .debug_aranges
                0x00000000000000f0       0x50 ./Core/Src/SubProg.o
 .debug_aranges
                0x0000000000000140       0x60 ./Core/Src/Uart.o
 .debug_aranges
                0x00000000000001a0       0x18 ./Core/Src/Version.o
 .debug_aranges
                0x00000000000001b8       0x70 ./Core/Src/flash.o
 .debug_aranges
                0x0000000000000228       0x90 ./Core/Src/main.o
 .debug_aranges
                0x00000000000002b8       0x58 ./Core/Src/stm32f1xx_hal_msp.o
 .debug_aranges
                0x0000000000000310       0x98 ./Core/Src/stm32f1xx_it.o
 .debug_aranges
                0x00000000000003a8       0x28 ./Core/Src/system_stm32f1xx.o
 .debug_aranges
                0x00000000000003d0       0x28 ./Core/Startup/startup_stm32f103c8tx.o
 .debug_aranges
                0x00000000000003f8       0xe0 ./Drivers/STM32F1xx_HAL_Driver/Src/stm32f1xx_hal.o
 .debug_aranges
                0x00000000000004d8      0x138 ./Drivers/STM32F1xx_HAL_Driver/Src/stm32f1xx_hal_can.o
 .debug_aranges
                0x0000000000000610      0x100 ./Drivers/STM32F1xx_HAL_Driver/Src/stm32f1xx_hal_cortex.o
 .debug_aranges
                0x0000000000000710       0x88 ./Drivers/STM32F1xx_HAL_Driver/Src/stm32f1xx_hal_flash.o
 .debug_aranges
                0x0000000000000798       0x58 ./Drivers/STM32F1xx_HAL_Driver/Src/stm32f1xx_hal_gpio.o
 .debug_aranges
                0x00000000000007f0       0x28 ./Drivers/STM32F1xx_HAL_Driver/Src/stm32f1xx_hal_iwdg.o
 .debug_aranges
                0x0000000000000818       0x90 ./Drivers/STM32F1xx_HAL_Driver/Src/stm32f1xx_hal_rcc.o
 .debug_aranges
                0x00000000000008a8      0x3d0 ./Drivers/STM32F1xx_HAL_Driver/Src/stm32f1xx_hal_tim.o
 .debug_aranges
                0x0000000000000c78      0x168 ./Drivers/STM32F1xx_HAL_Driver/Src/stm32f1xx_hal_tim_ex.o
 .debug_aranges
                0x0000000000000de0      0x200 ./Drivers/STM32F1xx_HAL_Driver/Src/stm32f1xx_hal_uart.o
 .debug_aranges
                0x0000000000000fe0       0x40 ./Drivers/STM32F1xx_HAL_Driver/Src/stm32f1xx_hal_wwdg.o

.debug_ranges   0x0000000000000000      0xf08
 .debug_ranges  0x0000000000000000       0xc8 ./Core/Src/CanBus.o
 .debug_ranges  0x00000000000000c8       0x20 ./Core/Src/MyDrict.o
 .debug_ranges  0x00000000000000e8       0x40 ./Core/Src/SubProg.o
 .debug_ranges  0x0000000000000128       0x50 ./Core/Src/Uart.o
 .debug_ranges  0x0000000000000178       0x60 ./Core/Src/flash.o
 .debug_ranges  0x00000000000001d8       0x80 ./Core/Src/main.o
 .debug_ranges  0x0000000000000258       0x48 ./Core/Src/stm32f1xx_hal_msp.o
 .debug_ranges  0x00000000000002a0       0x88 ./Core/Src/stm32f1xx_it.o
 .debug_ranges  0x0000000000000328       0x18 ./Core/Src/system_stm32f1xx.o
 .debug_ranges  0x0000000000000340       0x20 ./Core/Startup/startup_stm32f103c8tx.o
 .debug_ranges  0x0000000000000360       0xd0 ./Drivers/STM32F1xx_HAL_Driver/Src/stm32f1xx_hal.o
 .debug_ranges  0x0000000000000430      0x128 ./Drivers/STM32F1xx_HAL_Driver/Src/stm32f1xx_hal_can.o
 .debug_ranges  0x0000000000000558       0xf0 ./Drivers/STM32F1xx_HAL_Driver/Src/stm32f1xx_hal_cortex.o
 .debug_ranges  0x0000000000000648       0x78 ./Drivers/STM32F1xx_HAL_Driver/Src/stm32f1xx_hal_flash.o
 .debug_ranges  0x00000000000006c0       0x48 ./Drivers/STM32F1xx_HAL_Driver/Src/stm32f1xx_hal_gpio.o
 .debug_ranges  0x0000000000000708       0x18 ./Drivers/STM32F1xx_HAL_Driver/Src/stm32f1xx_hal_iwdg.o
 .debug_ranges  0x0000000000000720       0x80 ./Drivers/STM32F1xx_HAL_Driver/Src/stm32f1xx_hal_rcc.o
 .debug_ranges  0x00000000000007a0      0x3c0 ./Drivers/STM32F1xx_HAL_Driver/Src/stm32f1xx_hal_tim.o
 .debug_ranges  0x0000000000000b60      0x158 ./Drivers/STM32F1xx_HAL_Driver/Src/stm32f1xx_hal_tim_ex.o
 .debug_ranges  0x0000000000000cb8      0x220 ./Drivers/STM32F1xx_HAL_Driver/Src/stm32f1xx_hal_uart.o
 .debug_ranges  0x0000000000000ed8       0x30 ./Drivers/STM32F1xx_HAL_Driver/Src/stm32f1xx_hal_wwdg.o

.debug_macro    0x0000000000000000    0x1e040
 .debug_macro   0x0000000000000000      0x315 ./Core/Src/CanBus.o
 .debug_macro   0x0000000000000315      0xa9c ./Core/Src/CanBus.o
 .debug_macro   0x0000000000000db1       0x22 ./Core/Src/CanBus.o
 .debug_macro   0x0000000000000dd3       0x8e ./Core/Src/CanBus.o
 .debug_macro   0x0000000000000e61       0x51 ./Core/Src/CanBus.o
 .debug_macro   0x0000000000000eb2      0x103 ./Core/Src/CanBus.o
 .debug_macro   0x0000000000000fb5       0x6a ./Core/Src/CanBus.o
 .debug_macro   0x000000000000101f      0x1df ./Core/Src/CanBus.o
 .debug_macro   0x00000000000011fe     0x4241 ./Core/Src/CanBus.o
 .debug_macro   0x000000000000543f       0x76 ./Core/Src/CanBus.o
 .debug_macro   0x00000000000054b5      0x22d ./Core/Src/CanBus.o
 .debug_macro   0x00000000000056e2       0x2e ./Core/Src/CanBus.o
 .debug_macro   0x0000000000005710       0x22 ./Core/Src/CanBus.o
 .debug_macro   0x0000000000005732       0x1c ./Core/Src/CanBus.o
 .debug_macro   0x000000000000574e       0x22 ./Core/Src/CanBus.o
 .debug_macro   0x0000000000005770       0xc3 ./Core/Src/CanBus.o
 .debug_macro   0x0000000000005833      0xd23 ./Core/Src/CanBus.o
 .debug_macro   0x0000000000006556     0xe09e ./Core/Src/CanBus.o
 .debug_macro   0x00000000000145f4       0x6d ./Core/Src/CanBus.o
 .debug_macro   0x0000000000014661     0x3468 ./Core/Src/CanBus.o
 .debug_macro   0x0000000000017ac9      0x174 ./Core/Src/CanBus.o
 .debug_macro   0x0000000000017c3d       0x5c ./Core/Src/CanBus.o
 .debug_macro   0x0000000000017c99      0x5be ./Core/Src/CanBus.o
 .debug_macro   0x0000000000018257      0x289 ./Core/Src/CanBus.o
 .debug_macro   0x00000000000184e0      0x1cb ./Core/Src/CanBus.o
 .debug_macro   0x00000000000186ab      0x114 ./Core/Src/CanBus.o
 .debug_macro   0x00000000000187bf      0x1b2 ./Core/Src/CanBus.o
 .debug_macro   0x0000000000018971       0x27 ./Core/Src/CanBus.o
 .debug_macro   0x0000000000018998      0x136 ./Core/Src/CanBus.o
 .debug_macro   0x0000000000018ace      0x1bc ./Core/Src/CanBus.o
 .debug_macro   0x0000000000018c8a       0x34 ./Core/Src/CanBus.o
 .debug_macro   0x0000000000018cbe       0x3c ./Core/Src/CanBus.o
 .debug_macro   0x0000000000018cfa      0x408 ./Core/Src/CanBus.o
 .debug_macro   0x0000000000019102       0x57 ./Core/Src/CanBus.o
 .debug_macro   0x0000000000019159       0x88 ./Core/Src/CanBus.o
 .debug_macro   0x00000000000191e1      0x241 ./Core/Src/CanBus.o
 .debug_macro   0x0000000000019422       0x78 ./Core/Src/CanBus.o
 .debug_macro   0x000000000001949a      0x141 ./Core/Src/CanBus.o
 .debug_macro   0x00000000000195db      0x8d1 ./Core/Src/CanBus.o
 .debug_macro   0x0000000000019eac      0x279 ./Core/Src/CanBus.o
 .debug_macro   0x000000000001a125       0x8d ./Core/Src/CanBus.o
 .debug_macro   0x000000000001a1b2       0x83 ./Core/Src/CanBus.o
 .debug_macro   0x000000000001a235      0x166 ./Core/Src/CanBus.o
 .debug_macro   0x000000000001a39b      0x166 ./Core/Src/CanBus.o
 .debug_macro   0x000000000001a501       0x82 ./Core/Src/CanBus.o
 .debug_macro   0x000000000001a583       0x64 ./Core/Src/CanBus.o
 .debug_macro   0x000000000001a5e7       0x2e ./Core/Src/CanBus.o
 .debug_macro   0x000000000001a615       0x5e ./Core/Src/CanBus.o
 .debug_macro   0x000000000001a673       0x52 ./Core/Src/CanBus.o
 .debug_macro   0x000000000001a6c5       0x18 ./Core/Src/CanBus.o
 .debug_macro   0x000000000001a6dd       0x3c ./Core/Src/CanBus.o
 .debug_macro   0x000000000001a719       0x34 ./Core/Src/CanBus.o
 .debug_macro   0x000000000001a74d       0x16 ./Core/Src/CanBus.o
 .debug_macro   0x000000000001a763       0x43 ./Core/Src/CanBus.o
 .debug_macro   0x000000000001a7a6       0x34 ./Core/Src/CanBus.o
 .debug_macro   0x000000000001a7da       0x10 ./Core/Src/CanBus.o
 .debug_macro   0x000000000001a7ea       0x58 ./Core/Src/CanBus.o
 .debug_macro   0x000000000001a842       0x71 ./Core/Src/CanBus.o
 .debug_macro   0x000000000001a8b3       0x1c ./Core/Src/CanBus.o
 .debug_macro   0x000000000001a8cf      0x12a ./Core/Src/CanBus.o
 .debug_macro   0x000000000001a9f9      0x333 ./Core/Src/CanBus.o
 .debug_macro   0x000000000001ad2c       0x10 ./Core/Src/CanBus.o
 .debug_macro   0x000000000001ad3c       0x35 ./Core/Src/CanBus.o
 .debug_macro   0x000000000001ad71       0x20 ./Core/Src/CanBus.o
 .debug_macro   0x000000000001ad91      0x30f ./Core/Src/MyDrict.o
 .debug_macro   0x000000000001b0a0      0x315 ./Core/Src/SubProg.o
 .debug_macro   0x000000000001b3b5      0x315 ./Core/Src/Uart.o
 .debug_macro   0x000000000001b6ca      0x30f ./Core/Src/Version.o
 .debug_macro   0x000000000001b9d9      0x363 ./Core/Src/flash.o
 .debug_macro   0x000000000001bd3c       0x1c ./Core/Src/flash.o
 .debug_macro   0x000000000001bd58       0x10 ./Core/Src/flash.o
 .debug_macro   0x000000000001bd68       0x10 ./Core/Src/flash.o
 .debug_macro   0x000000000001bd78       0x1c ./Core/Src/flash.o
 .debug_macro   0x000000000001bd94       0x52 ./Core/Src/flash.o
 .debug_macro   0x000000000001bde6       0x22 ./Core/Src/flash.o
 .debug_macro   0x000000000001be08       0x10 ./Core/Src/flash.o
 .debug_macro   0x000000000001be18       0x40 ./Core/Src/flash.o
 .debug_macro   0x000000000001be58       0xd5 ./Core/Src/flash.o
 .debug_macro   0x000000000001bf2d       0x1c ./Core/Src/flash.o
 .debug_macro   0x000000000001bf49       0x3d ./Core/Src/flash.o
 .debug_macro   0x000000000001bf86       0x16 ./Core/Src/flash.o
 .debug_macro   0x000000000001bf9c      0x145 ./Core/Src/flash.o
 .debug_macro   0x000000000001c0e1      0x16c ./Core/Src/flash.o
 .debug_macro   0x000000000001c24d      0x430 ./Core/Src/main.o
 .debug_macro   0x000000000001c67d       0x16 ./Core/Src/main.o
 .debug_macro   0x000000000001c693       0x16 ./Core/Src/main.o
 .debug_macro   0x000000000001c6a9       0x29 ./Core/Src/main.o
 .debug_macro   0x000000000001c6d2      0x1d0 ./Core/Src/stm32f1xx_hal_msp.o
 .debug_macro   0x000000000001c8a2      0x1da ./Core/Src/stm32f1xx_it.o
 .debug_macro   0x000000000001ca7c      0x1c1 ./Core/Src/system_stm32f1xx.o
 .debug_macro   0x000000000001cc3d      0x1e5 ./Drivers/STM32F1xx_HAL_Driver/Src/stm32f1xx_hal.o
 .debug_macro   0x000000000001ce22      0x1c9 ./Drivers/STM32F1xx_HAL_Driver/Src/stm32f1xx_hal_can.o
 .debug_macro   0x000000000001cfeb      0x1c1 ./Drivers/STM32F1xx_HAL_Driver/Src/stm32f1xx_hal_cortex.o
 .debug_macro   0x000000000001d1ac      0x1c1 ./Drivers/STM32F1xx_HAL_Driver/Src/stm32f1xx_hal_flash.o
 .debug_macro   0x000000000001d36d      0x22c ./Drivers/STM32F1xx_HAL_Driver/Src/stm32f1xx_hal_gpio.o
 .debug_macro   0x000000000001d599      0x1cd ./Drivers/STM32F1xx_HAL_Driver/Src/stm32f1xx_hal_iwdg.o
 .debug_macro   0x000000000001d766      0x1d3 ./Drivers/STM32F1xx_HAL_Driver/Src/stm32f1xx_hal_rcc.o
 .debug_macro   0x000000000001d939      0x1c2 ./Drivers/STM32F1xx_HAL_Driver/Src/stm32f1xx_hal_tim.o
 .debug_macro   0x000000000001dafb      0x1c1 ./Drivers/STM32F1xx_HAL_Driver/Src/stm32f1xx_hal_tim_ex.o
 .debug_macro   0x000000000001dcbc      0x1c2 ./Drivers/STM32F1xx_HAL_Driver/Src/stm32f1xx_hal_uart.o
 .debug_macro   0x000000000001de7e      0x1c2 ./Drivers/STM32F1xx_HAL_Driver/Src/stm32f1xx_hal_wwdg.o

.debug_line     0x0000000000000000    0x13caa
 .debug_line    0x0000000000000000     0x1b92 ./Core/Src/CanBus.o
 .debug_line    0x0000000000001b92      0xb16 ./Core/Src/MyDrict.o
 .debug_line    0x00000000000026a8      0xf85 ./Core/Src/SubProg.o
 .debug_line    0x000000000000362d      0xb51 ./Core/Src/Uart.o
 .debug_line    0x000000000000417e      0x896 ./Core/Src/Version.o
 .debug_line    0x0000000000004a14      0xbe3 ./Core/Src/flash.o
 .debug_line    0x00000000000055f7     0x128b ./Core/Src/main.o
 .debug_line    0x0000000000006882      0x814 ./Core/Src/stm32f1xx_hal_msp.o
 .debug_line    0x0000000000007096      0x82e ./Core/Src/stm32f1xx_it.o
 .debug_line    0x00000000000078c4      0x742 ./Core/Src/system_stm32f1xx.o
 .debug_line    0x0000000000008006       0x87 ./Core/Startup/startup_stm32f103c8tx.o
 .debug_line    0x000000000000808d      0x96f ./Drivers/STM32F1xx_HAL_Driver/Src/stm32f1xx_hal.o
 .debug_line    0x00000000000089fc     0x1110 ./Drivers/STM32F1xx_HAL_Driver/Src/stm32f1xx_hal_can.o
 .debug_line    0x0000000000009b0c      0xb57 ./Drivers/STM32F1xx_HAL_Driver/Src/stm32f1xx_hal_cortex.o
 .debug_line    0x000000000000a663      0xa4c ./Drivers/STM32F1xx_HAL_Driver/Src/stm32f1xx_hal_flash.o
 .debug_line    0x000000000000b0af      0xa06 ./Drivers/STM32F1xx_HAL_Driver/Src/stm32f1xx_hal_gpio.o
 .debug_line    0x000000000000bab5      0x73a ./Drivers/STM32F1xx_HAL_Driver/Src/stm32f1xx_hal_iwdg.o
 .debug_line    0x000000000000c1ef      0xd7d ./Drivers/STM32F1xx_HAL_Driver/Src/stm32f1xx_hal_rcc.o
 .debug_line    0x000000000000cf6c     0x3318 ./Drivers/STM32F1xx_HAL_Driver/Src/stm32f1xx_hal_tim.o
 .debug_line    0x0000000000010284     0x1897 ./Drivers/STM32F1xx_HAL_Driver/Src/stm32f1xx_hal_tim_ex.o
 .debug_line    0x0000000000011b1b     0x1a4a ./Drivers/STM32F1xx_HAL_Driver/Src/stm32f1xx_hal_uart.o
 .debug_line    0x0000000000013565      0x745 ./Drivers/STM32F1xx_HAL_Driver/Src/stm32f1xx_hal_wwdg.o

.debug_str      0x0000000000000000    0x9b97b
 .debug_str     0x0000000000000000    0x96ad6 ./Core/Src/CanBus.o
                                      0x96fa4 (size before relaxing)
 .debug_str     0x0000000000096ad6       0x4f ./Core/Src/MyDrict.o
                                      0x96964 (size before relaxing)
 .debug_str     0x0000000000096b25       0xe5 ./Core/Src/SubProg.o
                                      0x969cb (size before relaxing)
 .debug_str     0x0000000000096c0a      0x50e ./Core/Src/Uart.o
                                      0x96ec2 (size before relaxing)
 .debug_str     0x0000000000097118       0x16 ./Core/Src/Version.o
                                      0x968fc (size before relaxing)
 .debug_str     0x000000000009712e     0x1035 ./Core/Src/flash.o
                                      0x8a83d (size before relaxing)
 .debug_str     0x0000000000098163      0x7f3 ./Core/Src/main.o
                                      0x987c3 (size before relaxing)
 .debug_str     0x0000000000098956      0x347 ./Core/Src/stm32f1xx_hal_msp.o
                                      0x8735d (size before relaxing)
 .debug_str     0x0000000000098c9d       0xf5 ./Core/Src/stm32f1xx_it.o
                                      0x86e42 (size before relaxing)
 .debug_str     0x0000000000098d92       0x52 ./Core/Src/system_stm32f1xx.o
                                      0x8605b (size before relaxing)
 .debug_str     0x0000000000098de4       0x36 ./Core/Startup/startup_stm32f103c8tx.o
                                         0x68 (size before relaxing)
 .debug_str     0x0000000000098e1a      0x2ce ./Drivers/STM32F1xx_HAL_Driver/Src/stm32f1xx_hal.o
                                      0x866ec (size before relaxing)
 .debug_str     0x00000000000990e8      0x3a8 ./Drivers/STM32F1xx_HAL_Driver/Src/stm32f1xx_hal_can.o
                                      0x8687b (size before relaxing)
 .debug_str     0x0000000000099490      0x2d8 ./Drivers/STM32F1xx_HAL_Driver/Src/stm32f1xx_hal_cortex.o
                                      0x866f4 (size before relaxing)
 .debug_str     0x0000000000099768      0x280 ./Drivers/STM32F1xx_HAL_Driver/Src/stm32f1xx_hal_flash.o
                                      0x86331 (size before relaxing)
 .debug_str     0x00000000000999e8      0x31f ./Drivers/STM32F1xx_HAL_Driver/Src/stm32f1xx_hal_gpio.o
                                      0x8641f (size before relaxing)
 .debug_str     0x0000000000099d07       0xf3 ./Drivers/STM32F1xx_HAL_Driver/Src/stm32f1xx_hal_iwdg.o
                                      0x8614f (size before relaxing)
 .debug_str     0x0000000000099dfa      0x24f ./Drivers/STM32F1xx_HAL_Driver/Src/stm32f1xx_hal_rcc.o
                                      0x86458 (size before relaxing)
 .debug_str     0x000000000009a049      0xdce ./Drivers/STM32F1xx_HAL_Driver/Src/stm32f1xx_hal_tim.o
                                      0x8742a (size before relaxing)
 .debug_str     0x000000000009ae17      0x4ee ./Drivers/STM32F1xx_HAL_Driver/Src/stm32f1xx_hal_tim_ex.o
                                      0x86bdb (size before relaxing)
 .debug_str     0x000000000009b305      0x5ed ./Drivers/STM32F1xx_HAL_Driver/Src/stm32f1xx_hal_uart.o
                                      0x86a4a (size before relaxing)
 .debug_str     0x000000000009b8f2       0x89 ./Drivers/STM32F1xx_HAL_Driver/Src/stm32f1xx_hal_wwdg.o
                                      0x86102 (size before relaxing)

.comment        0x0000000000000000       0x53
 .comment       0x0000000000000000       0x53 ./Core/Src/CanBus.o
                                         0x54 (size before relaxing)
 .comment       0x0000000000000053       0x54 ./Core/Src/MyDrict.o
 .comment       0x0000000000000053       0x54 ./Core/Src/SubProg.o
 .comment       0x0000000000000053       0x54 ./Core/Src/Uart.o
 .comment       0x0000000000000053       0x54 ./Core/Src/Version.o
 .comment       0x0000000000000053       0x54 ./Core/Src/flash.o
 .comment       0x0000000000000053       0x54 ./Core/Src/main.o
 .comment       0x0000000000000053       0x54 ./Core/Src/stm32f1xx_hal_msp.o
 .comment       0x0000000000000053       0x54 ./Core/Src/stm32f1xx_it.o
 .comment       0x0000000000000053       0x54 ./Core/Src/system_stm32f1xx.o
 .comment       0x0000000000000053       0x54 ./Drivers/STM32F1xx_HAL_Driver/Src/stm32f1xx_hal.o
 .comment       0x0000000000000053       0x54 ./Drivers/STM32F1xx_HAL_Driver/Src/stm32f1xx_hal_can.o
 .comment       0x0000000000000053       0x54 ./Drivers/STM32F1xx_HAL_Driver/Src/stm32f1xx_hal_cortex.o
 .comment       0x0000000000000053       0x54 ./Drivers/STM32F1xx_HAL_Driver/Src/stm32f1xx_hal_flash.o
 .comment       0x0000000000000053       0x54 ./Drivers/STM32F1xx_HAL_Driver/Src/stm32f1xx_hal_gpio.o
 .comment       0x0000000000000053       0x54 ./Drivers/STM32F1xx_HAL_Driver/Src/stm32f1xx_hal_iwdg.o
 .comment       0x0000000000000053       0x54 ./Drivers/STM32F1xx_HAL_Driver/Src/stm32f1xx_hal_rcc.o
 .comment       0x0000000000000053       0x54 ./Drivers/STM32F1xx_HAL_Driver/Src/stm32f1xx_hal_tim.o
 .comment       0x0000000000000053       0x54 ./Drivers/STM32F1xx_HAL_Driver/Src/stm32f1xx_hal_tim_ex.o
 .comment       0x0000000000000053       0x54 ./Drivers/STM32F1xx_HAL_Driver/Src/stm32f1xx_hal_uart.o
 .comment       0x0000000000000053       0x54 ./Drivers/STM32F1xx_HAL_Driver/Src/stm32f1xx_hal_wwdg.o

.debug_frame    0x0000000000000000     0x4208
 .debug_frame   0x0000000000000000      0x31c ./Core/Src/CanBus.o
 .debug_frame   0x000000000000031c       0x88 ./Core/Src/MyDrict.o
 .debug_frame   0x00000000000003a4      0x110 ./Core/Src/SubProg.o
 .debug_frame   0x00000000000004b4      0x154 ./Core/Src/Uart.o
 .debug_frame   0x0000000000000608      0x198 ./Core/Src/flash.o
 .debug_frame   0x00000000000007a0      0x1fc ./Core/Src/main.o
 .debug_frame   0x000000000000099c      0x138 ./Core/Src/stm32f1xx_hal_msp.o
 .debug_frame   0x0000000000000ad4      0x1c8 ./Core/Src/stm32f1xx_it.o
 .debug_frame   0x0000000000000c9c       0x58 ./Core/Src/system_stm32f1xx.o
 .debug_frame   0x0000000000000cf4      0x334 ./Drivers/STM32F1xx_HAL_Driver/Src/stm32f1xx_hal.o
 .debug_frame   0x0000000000001028      0x5a0 ./Drivers/STM32F1xx_HAL_Driver/Src/stm32f1xx_hal_can.o
 .debug_frame   0x00000000000015c8      0x428 ./Drivers/STM32F1xx_HAL_Driver/Src/stm32f1xx_hal_cortex.o
 .debug_frame   0x00000000000019f0      0x20c ./Drivers/STM32F1xx_HAL_Driver/Src/stm32f1xx_hal_flash.o
 .debug_frame   0x0000000000001bfc      0x14c ./Drivers/STM32F1xx_HAL_Driver/Src/stm32f1xx_hal_gpio.o
 .debug_frame   0x0000000000001d48       0x5c ./Drivers/STM32F1xx_HAL_Driver/Src/stm32f1xx_hal_iwdg.o
 .debug_frame   0x0000000000001da4      0x21c ./Drivers/STM32F1xx_HAL_Driver/Src/stm32f1xx_hal_rcc.o
 .debug_frame   0x0000000000001fc0     0x11b8 ./Drivers/STM32F1xx_HAL_Driver/Src/stm32f1xx_hal_tim.o
 .debug_frame   0x0000000000003178      0x638 ./Drivers/STM32F1xx_HAL_Driver/Src/stm32f1xx_hal_tim_ex.o
 .debug_frame   0x00000000000037b0      0x914 ./Drivers/STM32F1xx_HAL_Driver/Src/stm32f1xx_hal_uart.o
 .debug_frame   0x00000000000040c4       0xd0 ./Drivers/STM32F1xx_HAL_Driver/Src/stm32f1xx_hal_wwdg.o
 .debug_frame   0x0000000000004194       0x2c c:/st/stm32cubeide_1.6.1/stm32cubeide/plugins/com.st.stm32cube.ide.mcu.externaltools.gnu-tools-for-stm32.9-2020-q2-update.win32_2.0.0.202105311346/tools/bin/../lib/gcc/arm-none-eabi/9.3.1/../../../../arm-none-eabi/lib/thumb/v7-m/nofp\libc_nano.a(lib_a-init.o)
 .debug_frame   0x00000000000041c0       0x28 c:/st/stm32cubeide_1.6.1/stm32cubeide/plugins/com.st.stm32cube.ide.mcu.externaltools.gnu-tools-for-stm32.9-2020-q2-update.win32_2.0.0.202105311346/tools/bin/../lib/gcc/arm-none-eabi/9.3.1/../../../../arm-none-eabi/lib/thumb/v7-m/nofp\libc_nano.a(lib_a-memcpy-stub.o)
 .debug_frame   0x00000000000041e8       0x20 c:/st/stm32cubeide_1.6.1/stm32cubeide/plugins/com.st.stm32cube.ide.mcu.externaltools.gnu-tools-for-stm32.9-2020-q2-update.win32_2.0.0.202105311346/tools/bin/../lib/gcc/arm-none-eabi/9.3.1/../../../../arm-none-eabi/lib/thumb/v7-m/nofp\libc_nano.a(lib_a-memset.o)
