CanBus.c:14:6:HAL_CAN_RxFifo1MsgPendingCallback	56	static
CanBus.c:53:6:HAL_CAN_RxFifo0MsgPendingCallback	16	static
CanBus.c:85:6:CAN_transmit_Interrupt	40	static
CanBus.c:112:6:HAL_CAN_TxMailbox0CompleteCallback	16	static
CanBus.c:117:6:HAL_CAN_TxMailbox1CompleteCallback	16	static
CanBus.c:122:6:HAL_CAN_TxMailbox2CompleteCallback	16	static
CanBus.c:128:6:Init_Can	56	static
CanBus.c:276:6:read_rx	48	static
CanBus.c:604:6:can_transmit	48	static
CanBus.c:648:6:abort_sdo	16	static
CanBus.c:665:6:sdo_response	16	static
CanBus.c:682:6:sdo_segment	32	static
CanBus.c:696:6:lss_response	24	static
CanBus.c:709:6:transmit_error	16	static
CanBus.c:723:7:transmit_in	32	static
CanBus.c:735:7:transmit_load	16	static
CanBus.c:751:7:CAN_transmit_heartbeat	8	static
CanBus.c:766:9:check_for_call	16	static
CanBus.c:782:6:buzzer_signal	24	static
CanBus.c:817:6:set_output	24	static
CanBus.c:1232:6:set_io_config	16	static
