CanBus.c:10:6:HAL_CAN_RxFifo1MsgPendingCallback	56	static
CanBus.c:49:6:HAL_CAN_RxFifo0MsgPendingCallback	16	static
CanBus.c:81:6:CAN_transmit_Interrupt	40	static
CanBus.c:108:6:HAL_CAN_TxMailbox0CompleteCallback	16	static
CanBus.c:113:6:HAL_CAN_TxMailbox1CompleteCallback	16	static
CanBus.c:118:6:HAL_CAN_TxMailbox2CompleteCallback	16	static
CanBus.c:124:6:Init_Can	56	static
CanBus.c:261:6:read_rx	40	static
CanBus.c:577:6:can_transmit	48	static
CanBus.c:621:6:abort_sdo	16	static
CanBus.c:638:6:sdo_response	16	static
CanBus.c:655:6:sdo_segment	32	static
CanBus.c:669:6:lss_response	24	static
CanBus.c:682:6:transmit_error	16	static
CanBus.c:696:7:transmit_in	32	static
CanBus.c:708:7:transmit_load	16	static
CanBus.c:724:7:CAN_transmit_heartbeat	8	static
CanBus.c:739:9:check_for_call	16	static
CanBus.c:755:6:buzzer_signal	24	static
CanBus.c:790:6:set_output	24	static
CanBus.c:1181:6:set_io_config	16	static
