main.c:83:6:HAL_TIM_PeriodElapsedCallback	24	static
main.c:165:6:check_hse	24	static
main.c:217:6:ClrWdt	4	static
main.c:227:5:main	8	static
main.c:476:6:SystemClock_Config	72	static
main.c:515:13:MX_CAN_Init	8	static
main.c:552:13:MX_SPI1_Init	8	static
main.c:590:13:MX_TIM1_Init	32	static
main.c:636:13:MX_TIM2_Init	32	static
main.c:681:13:MX_USART1_UART_Init	8	static
main.c:714:13:MX_USART2_Init	8	static
main.c:748:13:MX_GPIO_Init	40	static
main.c:795:6:Error_Handler	4	static,ignoring_inline_asm
