main.c:110:6:HAL_TIM_PeriodElapsedCallback	24	static
main.c:194:6:check_hse	24	static
main.c:246:6:ClrWdt	8	static
main.c:253:5:Find_target_Floor	24	static
main.c:283:5:main	32	static
main.c:710:6:SystemClock_Config	72	static
main.c:750:13:MX_CAN_Init	8	static
main.c:787:13:MX_IWDG_Init	8	static
main.c:815:13:MX_TIM1_Init	32	static
main.c:861:13:MX_TIM2_Init	32	static
main.c:906:13:MX_TIM3_Init	32	static
main.c:951:13:MX_USART1_UART_Init	8	static
main.c:984:13:MX_WWDG_Init	8	static
main.c:1014:13:MX_GPIO_Init	40	static
main.c:1077:6:Error_Handler	4	static,ignoring_inline_asm
